<?xml version="1.0"?>
<link_info>
   <banner>TMS320C6x Linker PC v7.4.4</banner>
   <copyright>Copyright (c) 1996-2013 Texas Instruments Incorporated</copyright>
   <link_time>0x5833a2ef</link_time>
   <output_file>Morse_Code_Decoder.out</output_file>
   <entry_point>
      <name>_c_int00</name>
      <address>0x11818d60</address>
   </entry_point>
   <input_file_list>
      <input_file id="fl-2">
         <path>.\</path>
         <kind>object</kind>
         <file>vectors_intr.obj</file>
         <name>vectors_intr.obj</name>
      </input_file>
      <input_file id="fl-3">
         <path>.\</path>
         <kind>object</kind>
         <file>main.obj</file>
         <name>main.obj</name>
      </input_file>
      <input_file id="fl-4">
         <path>.\</path>
         <kind>object</kind>
         <file>L138_LCDK_aic3106_init.obj</file>
         <name>L138_LCDK_aic3106_init.obj</name>
      </input_file>
      <input_file id="fl-9">
         <path>C:\ti\ccsv5\tools\compiler\c6000_7.4.4\lib\</path>
         <kind>archive</kind>
         <file>rts6740.lib</file>
         <name>boot.obj</name>
      </input_file>
      <input_file id="fl-a">
         <path>C:\ti\ccsv5\tools\compiler\c6000_7.4.4\lib\</path>
         <kind>archive</kind>
         <file>rts6740.lib</file>
         <name>exit.obj</name>
      </input_file>
      <input_file id="fl-b">
         <path>C:\ti\ccsv5\tools\compiler\c6000_7.4.4\lib\</path>
         <kind>archive</kind>
         <file>rts6740.lib</file>
         <name>memory.obj</name>
      </input_file>
      <input_file id="fl-c">
         <path>C:\ti\ccsv5\tools\compiler\c6000_7.4.4\lib\</path>
         <kind>archive</kind>
         <file>rts6740.lib</file>
         <name>_lock.obj</name>
      </input_file>
      <input_file id="fl-d">
         <path>C:\ti\ccsv5\tools\compiler\c6000_7.4.4\lib\</path>
         <kind>archive</kind>
         <file>rts6740.lib</file>
         <name>args_main.obj</name>
      </input_file>
      <input_file id="fl-e">
         <path>C:\ti\ccsv5\tools\compiler\c6000_7.4.4\lib\</path>
         <kind>archive</kind>
         <file>rts6740.lib</file>
         <name>autoinit.obj</name>
      </input_file>
      <input_file id="fl-f">
         <path>C:\ti\ccsv5\tools\compiler\c6000_7.4.4\lib\</path>
         <kind>archive</kind>
         <file>rts6740.lib</file>
         <name>cpp_init.obj</name>
      </input_file>
      <input_file id="fl-10">
         <path>C:\ti\ccsv5\tools\compiler\c6000_7.4.4\lib\</path>
         <kind>archive</kind>
         <file>rts6740.lib</file>
         <name>cpy_tbl.obj</name>
      </input_file>
      <input_file id="fl-11">
         <path>C:\ti\ccsv5\tools\compiler\c6000_7.4.4\lib\</path>
         <kind>archive</kind>
         <file>rts6740.lib</file>
         <name>memcpy64.obj</name>
      </input_file>
      <input_file id="fl-12">
         <path>C:\Users\EE113D\MyProjects\OMAP-L138_GEL_BSL_Files\bsl\lib\</path>
         <kind>archive</kind>
         <file>evmomapl138_bsl.lib</file>
         <name>evmomapl138_timer.obj</name>
      </input_file>
      <input_file id="fl-13">
         <path>C:\Users\EE113D\MyProjects\OMAP-L138_GEL_BSL_Files\bsl\lib\</path>
         <kind>archive</kind>
         <file>evmomapl138_bsl.lib</file>
         <name>evmomapl138_gpio.obj</name>
      </input_file>
      <input_file id="fl-14">
         <path>C:\Users\EE113D\MyProjects\OMAP-L138_GEL_BSL_Files\bsl\lib\</path>
         <kind>archive</kind>
         <file>evmomapl138_bsl.lib</file>
         <name>evmomapl138_aic3106.obj</name>
      </input_file>
      <input_file id="fl-15">
         <path>C:\Users\EE113D\MyProjects\OMAP-L138_GEL_BSL_Files\bsl\lib\</path>
         <kind>archive</kind>
         <file>evmomapl138_bsl.lib</file>
         <name>evmomapl138.obj</name>
      </input_file>
      <input_file id="fl-16">
         <path>C:\Users\EE113D\MyProjects\OMAP-L138_GEL_BSL_Files\bsl\lib\</path>
         <kind>archive</kind>
         <file>evmomapl138_bsl.lib</file>
         <name>evmomapl138_i2c_gpio.obj</name>
      </input_file>
      <input_file id="fl-17">
         <path>C:\Users\EE113D\MyProjects\OMAP-L138_GEL_BSL_Files\bsl\lib\</path>
         <kind>archive</kind>
         <file>evmomapl138_bsl.lib</file>
         <name>evmomapl138_i2c.obj</name>
      </input_file>
      <input_file id="fl-18">
         <path>C:\ti\ccsv5\tools\compiler\c6000_7.4.4\lib\</path>
         <kind>archive</kind>
         <file>rts6740.lib</file>
         <name>printf.obj</name>
      </input_file>
      <input_file id="fl-19">
         <path>C:\ti\ccsv5\tools\compiler\c6000_7.4.4\lib\</path>
         <kind>archive</kind>
         <file>rts6740.lib</file>
         <name>_printfi.obj</name>
      </input_file>
      <input_file id="fl-1a">
         <path>C:\ti\ccsv5\tools\compiler\c6000_7.4.4\lib\</path>
         <kind>archive</kind>
         <file>rts6740.lib</file>
         <name>atoi.obj</name>
      </input_file>
      <input_file id="fl-1b">
         <path>C:\ti\ccsv5\tools\compiler\c6000_7.4.4\lib\</path>
         <kind>archive</kind>
         <file>rts6740.lib</file>
         <name>ctype.obj</name>
      </input_file>
      <input_file id="fl-1c">
         <path>C:\ti\ccsv5\tools\compiler\c6000_7.4.4\lib\</path>
         <kind>archive</kind>
         <file>rts6740.lib</file>
         <name>defs.obj</name>
      </input_file>
      <input_file id="fl-1d">
         <path>C:\ti\ccsv5\tools\compiler\c6000_7.4.4\lib\</path>
         <kind>archive</kind>
         <file>rts6740.lib</file>
         <name>divd.obj</name>
      </input_file>
      <input_file id="fl-1e">
         <path>C:\ti\ccsv5\tools\compiler\c6000_7.4.4\lib\</path>
         <kind>archive</kind>
         <file>rts6740.lib</file>
         <name>divu.obj</name>
      </input_file>
      <input_file id="fl-1f">
         <path>C:\ti\ccsv5\tools\compiler\c6000_7.4.4\lib\</path>
         <kind>archive</kind>
         <file>rts6740.lib</file>
         <name>fixdli.obj</name>
      </input_file>
      <input_file id="fl-20">
         <path>C:\ti\ccsv5\tools\compiler\c6000_7.4.4\lib\</path>
         <kind>archive</kind>
         <file>rts6740.lib</file>
         <name>fltlid.obj</name>
      </input_file>
      <input_file id="fl-21">
         <path>C:\ti\ccsv5\tools\compiler\c6000_7.4.4\lib\</path>
         <kind>archive</kind>
         <file>rts6740.lib</file>
         <name>fputc.obj</name>
      </input_file>
      <input_file id="fl-22">
         <path>C:\ti\ccsv5\tools\compiler\c6000_7.4.4\lib\</path>
         <kind>archive</kind>
         <file>rts6740.lib</file>
         <name>fputs.obj</name>
      </input_file>
      <input_file id="fl-23">
         <path>C:\ti\ccsv5\tools\compiler\c6000_7.4.4\lib\</path>
         <kind>archive</kind>
         <file>rts6740.lib</file>
         <name>frcmpyd_div.obj</name>
      </input_file>
      <input_file id="fl-24">
         <path>C:\ti\ccsv5\tools\compiler\c6000_7.4.4\lib\</path>
         <kind>archive</kind>
         <file>rts6740.lib</file>
         <name>imath40.obj</name>
      </input_file>
      <input_file id="fl-25">
         <path>C:\ti\ccsv5\tools\compiler\c6000_7.4.4\lib\</path>
         <kind>archive</kind>
         <file>rts6740.lib</file>
         <name>imath64.obj</name>
      </input_file>
      <input_file id="fl-26">
         <path>C:\ti\ccsv5\tools\compiler\c6000_7.4.4\lib\</path>
         <kind>archive</kind>
         <file>rts6740.lib</file>
         <name>isinf.obj</name>
      </input_file>
      <input_file id="fl-27">
         <path>C:\ti\ccsv5\tools\compiler\c6000_7.4.4\lib\</path>
         <kind>archive</kind>
         <file>rts6740.lib</file>
         <name>llshift.obj</name>
      </input_file>
      <input_file id="fl-28">
         <path>C:\ti\ccsv5\tools\compiler\c6000_7.4.4\lib\</path>
         <kind>archive</kind>
         <file>rts6740.lib</file>
         <name>lowlev.obj</name>
      </input_file>
      <input_file id="fl-29">
         <path>C:\ti\ccsv5\tools\compiler\c6000_7.4.4\lib\</path>
         <kind>archive</kind>
         <file>rts6740.lib</file>
         <name>ltoa.obj</name>
      </input_file>
      <input_file id="fl-2a">
         <path>C:\ti\ccsv5\tools\compiler\c6000_7.4.4\lib\</path>
         <kind>archive</kind>
         <file>rts6740.lib</file>
         <name>memccpy.obj</name>
      </input_file>
      <input_file id="fl-2b">
         <path>C:\ti\ccsv5\tools\compiler\c6000_7.4.4\lib\</path>
         <kind>archive</kind>
         <file>rts6740.lib</file>
         <name>memset.obj</name>
      </input_file>
      <input_file id="fl-2c">
         <path>C:\ti\ccsv5\tools\compiler\c6000_7.4.4\lib\</path>
         <kind>archive</kind>
         <file>rts6740.lib</file>
         <name>negll.obj</name>
      </input_file>
      <input_file id="fl-2d">
         <path>C:\ti\ccsv5\tools\compiler\c6000_7.4.4\lib\</path>
         <kind>archive</kind>
         <file>rts6740.lib</file>
         <name>trgdrv.obj</name>
      </input_file>
      <input_file id="fl-2e">
         <path>C:\ti\ccsv5\tools\compiler\c6000_7.4.4\lib\</path>
         <kind>archive</kind>
         <file>rts6740.lib</file>
         <name>trgmsg.obj</name>
      </input_file>
      <input_file id="fl-2f">
         <path>C:\ti\ccsv5\tools\compiler\c6000_7.4.4\lib\</path>
         <kind>archive</kind>
         <file>rts6740.lib</file>
         <name>_io_perm.obj</name>
      </input_file>
      <input_file id="fl-30">
         <path>C:\ti\ccsv5\tools\compiler\c6000_7.4.4\lib\</path>
         <kind>archive</kind>
         <file>rts6740.lib</file>
         <name>abs.obj</name>
      </input_file>
      <input_file id="fl-31">
         <path>C:\ti\ccsv5\tools\compiler\c6000_7.4.4\lib\</path>
         <kind>archive</kind>
         <file>rts6740.lib</file>
         <name>fflush.obj</name>
      </input_file>
      <input_file id="fl-32">
         <path>C:\ti\ccsv5\tools\compiler\c6000_7.4.4\lib\</path>
         <kind>archive</kind>
         <file>rts6740.lib</file>
         <name>fseek.obj</name>
      </input_file>
      <input_file id="fl-33">
         <path>C:\ti\ccsv5\tools\compiler\c6000_7.4.4\lib\</path>
         <kind>archive</kind>
         <file>rts6740.lib</file>
         <name>setvbuf.obj</name>
      </input_file>
      <input_file id="fl-34">
         <path>C:\ti\ccsv5\tools\compiler\c6000_7.4.4\lib\</path>
         <kind>archive</kind>
         <file>rts6740.lib</file>
         <name>fopen.obj</name>
      </input_file>
      <input_file id="fl-35">
         <path>C:\ti\ccsv5\tools\compiler\c6000_7.4.4\lib\</path>
         <kind>archive</kind>
         <file>rts6740.lib</file>
         <name>fclose.obj</name>
      </input_file>
      <input_file id="fl-36">
         <path>C:\ti\ccsv5\tools\compiler\c6000_7.4.4\lib\</path>
         <kind>archive</kind>
         <file>rts6740.lib</file>
         <name>remove.obj</name>
      </input_file>
   </input_file_list>
   <object_component_list>
      <object_component id="oc-c9">
         <name>.text</name>
         <load_address>0x11810000</load_address>
         <run_address>0x11810000</run_address>
         <size>0x16e0</size>
         <input_file_ref idref="fl-4"/>
      </object_component>
      <object_component id="oc-db">
         <name>.text</name>
         <load_address>0x118116e0</load_address>
         <run_address>0x118116e0</run_address>
         <size>0xc20</size>
         <input_file_ref idref="fl-15"/>
      </object_component>
      <object_component id="oc-109">
         <name>.text:__divd</name>
         <load_address>0x11812300</load_address>
         <run_address>0x11812300</run_address>
         <size>0x5a0</size>
         <input_file_ref idref="fl-1d"/>
      </object_component>
      <object_component id="oc-fe">
         <name>.text:__getarg_diouxp</name>
         <load_address>0x118128a0</load_address>
         <run_address>0x118128a0</run_address>
         <size>0x580</size>
         <input_file_ref idref="fl-19"/>
      </object_component>
      <object_component id="oc-e4">
         <name>.text</name>
         <load_address>0x11812e20</load_address>
         <run_address>0x11812e20</run_address>
         <size>0x4e0</size>
         <input_file_ref idref="fl-16"/>
      </object_component>
      <object_component id="oc-e6">
         <name>.text:__printfi</name>
         <load_address>0x11813300</load_address>
         <run_address>0x11813300</run_address>
         <size>0x440</size>
         <input_file_ref idref="fl-19"/>
      </object_component>
      <object_component id="oc-eb">
         <name>.text:__setfield</name>
         <load_address>0x11813740</load_address>
         <run_address>0x11813740</run_address>
         <size>0x440</size>
         <input_file_ref idref="fl-19"/>
      </object_component>
      <object_component id="oc-18">
         <name>.text:retain</name>
         <load_address>0x11813b80</load_address>
         <run_address>0x11813b80</run_address>
         <size>0x3c0</size>
         <input_file_ref idref="fl-3"/>
      </object_component>
      <object_component id="oc-e8">
         <name>.text:_fputs</name>
         <load_address>0x11813f40</load_address>
         <run_address>0x11813f40</run_address>
         <size>0x3a0</size>
         <input_file_ref idref="fl-22"/>
      </object_component>
      <object_component id="oc-d8">
         <name>.text</name>
         <load_address>0x118142e0</load_address>
         <run_address>0x118142e0</run_address>
         <size>0x380</size>
         <input_file_ref idref="fl-13"/>
      </object_component>
      <object_component id="oc-de">
         <name>.text</name>
         <load_address>0x11814660</load_address>
         <run_address>0x11814660</run_address>
         <size>0x380</size>
         <input_file_ref idref="fl-17"/>
      </object_component>
      <object_component id="oc-f3">
         <name>.text:__pproc_fge</name>
         <load_address>0x118149e0</load_address>
         <run_address>0x118149e0</run_address>
         <size>0x320</size>
         <input_file_ref idref="fl-19"/>
      </object_component>
      <object_component id="oc-ea">
         <name>.text:__pproc_fwp</name>
         <load_address>0x11814d00</load_address>
         <run_address>0x11814d00</run_address>
         <size>0x2c0</size>
         <input_file_ref idref="fl-19"/>
      </object_component>
      <object_component id="oc-104">
         <name>.text:_ecvt</name>
         <load_address>0x11814fc0</load_address>
         <run_address>0x11814fc0</run_address>
         <size>0x2a0</size>
         <input_file_ref idref="fl-19"/>
      </object_component>
      <object_component id="oc-107">
         <name>.text:_fcvt</name>
         <load_address>0x11815260</load_address>
         <run_address>0x11815260</run_address>
         <size>0x2a0</size>
         <input_file_ref idref="fl-19"/>
      </object_component>
      <object_component id="oc-102">
         <name>.text:_free</name>
         <load_address>0x11815500</load_address>
         <run_address>0x11815500</run_address>
         <size>0x280</size>
         <input_file_ref idref="fl-b"/>
      </object_component>
      <object_component id="oc-113">
         <name>.text:__divull</name>
         <load_address>0x11815780</load_address>
         <run_address>0x11815780</run_address>
         <size>0x260</size>
         <input_file_ref idref="fl-25"/>
      </object_component>
      <object_component id="oc-fd">
         <name>.text:__pconv_e</name>
         <load_address>0x118159e0</load_address>
         <run_address>0x118159e0</run_address>
         <size>0x260</size>
         <input_file_ref idref="fl-19"/>
      </object_component>
      <object_component id="oc-f4">
         <name>.text:__pproc_diouxp</name>
         <load_address>0x11815c40</load_address>
         <run_address>0x11815c40</run_address>
         <size>0x240</size>
         <input_file_ref idref="fl-19"/>
      </object_component>
      <object_component id="oc-ec">
         <name>.text:__pproc_str</name>
         <load_address>0x11815e80</load_address>
         <run_address>0x11815e80</run_address>
         <size>0x220</size>
         <input_file_ref idref="fl-19"/>
      </object_component>
      <object_component id="oc-ed">
         <name>.text:_fputc</name>
         <load_address>0x118160a0</load_address>
         <run_address>0x118160a0</run_address>
         <size>0x220</size>
         <input_file_ref idref="fl-21"/>
      </object_component>
      <object_component id="oc-fb">
         <name>.text:__pconv_g</name>
         <load_address>0x118162c0</load_address>
         <run_address>0x118162c0</run_address>
         <size>0x200</size>
         <input_file_ref idref="fl-19"/>
      </object_component>
      <object_component id="oc-f7">
         <name>.text:_setvbuf</name>
         <load_address>0x118164c0</load_address>
         <run_address>0x118164c0</run_address>
         <size>0x200</size>
         <input_file_ref idref="fl-33"/>
      </object_component>
      <object_component id="oc-da">
         <name>.text</name>
         <load_address>0x118166c0</load_address>
         <run_address>0x118166c0</run_address>
         <size>0x1e0</size>
         <input_file_ref idref="fl-12"/>
      </object_component>
      <object_component id="oc-106">
         <name>.text:__mcpy</name>
         <load_address>0x118168a0</load_address>
         <run_address>0x118168a0</run_address>
         <size>0x1c0</size>
         <input_file_ref idref="fl-19"/>
      </object_component>
      <object_component id="oc-112">
         <name>.text:__divul</name>
         <load_address>0x11816a60</load_address>
         <run_address>0x11816a60</run_address>
         <size>0x1a0</size>
         <input_file_ref idref="fl-24"/>
      </object_component>
      <object_component id="oc-d7">
         <name>.text</name>
         <load_address>0x11816c00</load_address>
         <run_address>0x11816c00</run_address>
         <size>0x1a0</size>
         <input_file_ref idref="fl-14"/>
      </object_component>
      <object_component id="oc-d1">
         <name>.text:_HOSTrename</name>
         <load_address>0x11816da0</load_address>
         <run_address>0x11816da0</run_address>
         <size>0x180</size>
         <input_file_ref idref="fl-2d"/>
      </object_component>
      <object_component id="oc-d9">
         <name>.text:_malloc</name>
         <load_address>0x11816f20</load_address>
         <run_address>0x11816f20</run_address>
         <size>0x180</size>
         <input_file_ref idref="fl-b"/>
      </object_component>
      <object_component id="oc-e9">
         <name>.text:__pproc_fflags</name>
         <load_address>0x118170a0</load_address>
         <run_address>0x118170a0</run_address>
         <size>0x140</size>
         <input_file_ref idref="fl-19"/>
      </object_component>
      <object_component id="oc-11b">
         <name>.text:_getdevice</name>
         <load_address>0x118171e0</load_address>
         <run_address>0x118171e0</run_address>
         <size>0x140</size>
         <input_file_ref idref="fl-28"/>
      </object_component>
      <object_component id="oc-10b">
         <name>.text:__closefile</name>
         <load_address>0x11817320</load_address>
         <run_address>0x11817320</run_address>
         <size>0x120</size>
         <input_file_ref idref="fl-35"/>
      </object_component>
      <object_component id="oc-100">
         <name>.text:__ltostr</name>
         <load_address>0x11817440</load_address>
         <run_address>0x11817440</run_address>
         <size>0x120</size>
         <input_file_ref idref="fl-19"/>
      </object_component>
      <object_component id="oc-f6">
         <name>.text:_fseek</name>
         <load_address>0x11817560</load_address>
         <run_address>0x11817560</run_address>
         <size>0x120</size>
         <input_file_ref idref="fl-32"/>
      </object_component>
      <object_component id="oc-cf">
         <name>.text:_HOSTlseek</name>
         <load_address>0x11817680</load_address>
         <run_address>0x11817680</run_address>
         <size>0x100</size>
         <input_file_ref idref="fl-2d"/>
      </object_component>
      <object_component id="oc-ee">
         <name>.text:__wrt_ok</name>
         <load_address>0x11817780</load_address>
         <run_address>0x11817780</run_address>
         <size>0x100</size>
         <input_file_ref idref="fl-2f"/>
      </object_component>
      <object_component id="oc-cb">
         <name>.text:_HOSTopen</name>
         <load_address>0x11817880</load_address>
         <run_address>0x11817880</run_address>
         <size>0xe0</size>
         <input_file_ref idref="fl-2d"/>
      </object_component>
      <object_component id="oc-f2">
         <name>.text:_atoi</name>
         <load_address>0x11817960</load_address>
         <run_address>0x11817960</run_address>
         <size>0xe0</size>
         <input_file_ref idref="fl-1a"/>
      </object_component>
      <object_component id="oc-114">
         <name>.text:_close</name>
         <load_address>0x11817a40</load_address>
         <run_address>0x11817a40</run_address>
         <size>0xe0</size>
         <input_file_ref idref="fl-28"/>
      </object_component>
      <object_component id="oc-f1">
         <name>.text:_memset</name>
         <load_address>0x11817b20</load_address>
         <run_address>0x11817b20</run_address>
         <size>0xe0</size>
         <input_file_ref idref="fl-2b"/>
      </object_component>
      <object_component id="oc-e3">
         <name>.text:_printf</name>
         <load_address>0x11817c00</load_address>
         <run_address>0x11817c00</run_address>
         <size>0xe0</size>
         <input_file_ref idref="fl-18"/>
      </object_component>
      <object_component id="oc-cd">
         <name>.text:_HOSTread</name>
         <load_address>0x11817ce0</load_address>
         <run_address>0x11817ce0</run_address>
         <size>0xc0</size>
         <input_file_ref idref="fl-2d"/>
      </object_component>
      <object_component id="oc-d0">
         <name>.text:_HOSTunlink</name>
         <load_address>0x11817da0</load_address>
         <run_address>0x11817da0</run_address>
         <size>0xc0</size>
         <input_file_ref idref="fl-2d"/>
      </object_component>
      <object_component id="oc-ce">
         <name>.text:_HOSTwrite</name>
         <load_address>0x11817e60</load_address>
         <run_address>0x11817e60</run_address>
         <size>0xc0</size>
         <input_file_ref idref="fl-2d"/>
      </object_component>
      <object_component id="oc-c6">
         <name>.text:__auto_init</name>
         <load_address>0x11817f20</load_address>
         <run_address>0x11817f20</run_address>
         <size>0xc0</size>
         <input_file_ref idref="fl-e"/>
      </object_component>
      <object_component id="oc-10a">
         <name>.text:__div</name>
         <load_address>0x11817fe0</load_address>
         <run_address>0x11817fe0</run_address>
         <size>0xc0</size>
         <input_file_ref idref="fl-19"/>
      </object_component>
      <object_component id="oc-111">
         <name>.text:__divu</name>
         <load_address>0x118180a0</load_address>
         <run_address>0x118180a0</run_address>
         <size>0xc0</size>
         <input_file_ref idref="fl-1e"/>
      </object_component>
      <object_component id="oc-ef">
         <name>.text:__doflush</name>
         <load_address>0x11818160</load_address>
         <run_address>0x11818160</run_address>
         <size>0xc0</size>
         <input_file_ref idref="fl-31"/>
      </object_component>
      <object_component id="oc-c8">
         <name>.text:_exit</name>
         <load_address>0x11818220</load_address>
         <run_address>0x11818220</run_address>
         <size>0xc0</size>
         <input_file_ref idref="fl-a"/>
      </object_component>
      <object_component id="oc-10d">
         <name>.text:_ltoa</name>
         <load_address>0x118182e0</load_address>
         <run_address>0x118182e0</run_address>
         <size>0xc0</size>
         <input_file_ref idref="fl-29"/>
      </object_component>
      <object_component id="oc-cc">
         <name>.text:_HOSTclose</name>
         <load_address>0x118183a0</load_address>
         <run_address>0x118183a0</run_address>
         <size>0xa0</size>
         <input_file_ref idref="fl-2d"/>
      </object_component>
      <object_component id="oc-103">
         <name>.text:__cleanup</name>
         <load_address>0x11818440</load_address>
         <run_address>0x11818440</run_address>
         <size>0xa0</size>
         <input_file_ref idref="fl-34"/>
      </object_component>
      <object_component id="oc-117">
         <name>.text:__divli</name>
         <load_address>0x118184e0</load_address>
         <run_address>0x118184e0</run_address>
         <size>0xa0</size>
         <input_file_ref idref="fl-24"/>
      </object_component>
      <object_component id="oc-105">
         <name>.text:__ecpy</name>
         <load_address>0x11818580</load_address>
         <run_address>0x11818580</run_address>
         <size>0xa0</size>
         <input_file_ref idref="fl-19"/>
      </object_component>
      <object_component id="oc-108">
         <name>.text:__fcpy</name>
         <load_address>0x11818620</load_address>
         <run_address>0x11818620</run_address>
         <size>0xa0</size>
         <input_file_ref idref="fl-19"/>
      </object_component>
      <object_component id="oc-10c">
         <name>.text:__fixdli</name>
         <load_address>0x118186c0</load_address>
         <run_address>0x118186c0</run_address>
         <size>0xa0</size>
         <input_file_ref idref="fl-1f"/>
      </object_component>
      <object_component id="oc-fc">
         <name>.text:__pconv_f</name>
         <load_address>0x11818760</load_address>
         <run_address>0x11818760</run_address>
         <size>0xa0</size>
         <input_file_ref idref="fl-19"/>
      </object_component>
      <object_component id="oc-d2">
         <name>.text:_copy_in</name>
         <load_address>0x11818800</load_address>
         <run_address>0x11818800</run_address>
         <size>0xa0</size>
         <input_file_ref idref="fl-10"/>
      </object_component>
      <object_component id="oc-11c">
         <name>.text:_finddevice</name>
         <load_address>0x118188a0</load_address>
         <run_address>0x118188a0</run_address>
         <size>0xa0</size>
         <input_file_ref idref="fl-28"/>
      </object_component>
      <object_component id="oc-101">
         <name>.text:_lseek</name>
         <load_address>0x11818940</load_address>
         <run_address>0x11818940</run_address>
         <size>0xa0</size>
         <input_file_ref idref="fl-28"/>
      </object_component>
      <object_component id="oc-d3">
         <name>.text:_memcpy</name>
         <load_address>0x118189e0</load_address>
         <run_address>0x118189e0</run_address>
         <size>0xa0</size>
         <input_file_ref idref="fl-11"/>
      </object_component>
      <object_component id="oc-e2">
         <name>.text:_minsert</name>
         <load_address>0x11818a80</load_address>
         <run_address>0x11818a80</run_address>
         <size>0xa0</size>
         <input_file_ref idref="fl-b"/>
      </object_component>
      <object_component id="oc-e1">
         <name>.text:_mremove</name>
         <load_address>0x11818b20</load_address>
         <run_address>0x11818b20</run_address>
         <size>0xa0</size>
         <input_file_ref idref="fl-b"/>
      </object_component>
      <object_component id="oc-f0">
         <name>.text:_write</name>
         <load_address>0x11818bc0</load_address>
         <run_address>0x11818bc0</run_address>
         <size>0xa0</size>
         <input_file_ref idref="fl-28"/>
      </object_component>
      <object_component id="oc-10e">
         <name>.text:__fltlid</name>
         <load_address>0x11818c60</load_address>
         <run_address>0x11818c60</run_address>
         <size>0x80</size>
         <input_file_ref idref="fl-20"/>
      </object_component>
      <object_component id="oc-118">
         <name>.text:__llshl</name>
         <load_address>0x11818ce0</load_address>
         <run_address>0x11818ce0</run_address>
         <size>0x80</size>
         <input_file_ref idref="fl-27"/>
      </object_component>
      <object_component id="oc-e">
         <name>.text:_c_int00</name>
         <load_address>0x11818d60</load_address>
         <run_address>0x11818d60</run_address>
         <size>0x80</size>
         <input_file_ref idref="fl-9"/>
      </object_component>
      <object_component id="oc-dd">
         <name>.text:_readmsg</name>
         <load_address>0x11818de0</load_address>
         <run_address>0x11818de0</run_address>
         <size>0x80</size>
         <input_file_ref idref="fl-2e"/>
      </object_component>
      <object_component id="oc-11a">
         <name>.text:_unlink</name>
         <load_address>0x11818e60</load_address>
         <run_address>0x11818e60</run_address>
         <size>0x80</size>
         <input_file_ref idref="fl-28"/>
      </object_component>
      <object_component id="oc-d5">
         <name>.text</name>
         <load_address>0x11818ee0</load_address>
         <run_address>0x11818ee0</run_address>
         <size>0x80</size>
         <input_file_ref idref="fl-3"/>
      </object_component>
      <object_component id="oc-d4">
         <name>.text:___TI_cpp_init</name>
         <load_address>0x11818f60</load_address>
         <run_address>0x11818f60</run_address>
         <size>0x60</size>
         <input_file_ref idref="fl-f"/>
      </object_component>
      <object_component id="oc-119">
         <name>.text:__subcull</name>
         <load_address>0x11818fc0</load_address>
         <run_address>0x11818fc0</run_address>
         <size>0x60</size>
         <input_file_ref idref="fl-25"/>
      </object_component>
      <object_component id="oc-f5">
         <name>.text:_memccpy</name>
         <load_address>0x11819020</load_address>
         <run_address>0x11819020</run_address>
         <size>0x60</size>
         <input_file_ref idref="fl-2a"/>
      </object_component>
      <object_component id="oc-dc">
         <name>.text:_writemsg</name>
         <load_address>0x11819080</load_address>
         <run_address>0x11819080</run_address>
         <size>0x60</size>
         <input_file_ref idref="fl-2e"/>
      </object_component>
      <object_component id="oc-fa">
         <name>.text:___isinf</name>
         <load_address>0x118190e0</load_address>
         <run_address>0x118190e0</run_address>
         <size>0x40</size>
         <input_file_ref idref="fl-26"/>
      </object_component>
      <object_component id="oc-f9">
         <name>.text:___isnan</name>
         <load_address>0x11819120</load_address>
         <run_address>0x11819120</run_address>
         <size>0x40</size>
         <input_file_ref idref="fl-19"/>
      </object_component>
      <object_component id="oc-c7">
         <name>.text:__args_main</name>
         <load_address>0x11819160</load_address>
         <run_address>0x11819160</run_address>
         <size>0x40</size>
         <input_file_ref idref="fl-d"/>
      </object_component>
      <object_component id="oc-110">
         <name>.text:__frcmpyd_div</name>
         <load_address>0x118191a0</load_address>
         <run_address>0x118191a0</run_address>
         <size>0x40</size>
         <input_file_ref idref="fl-23"/>
      </object_component>
      <object_component id="oc-10f">
         <name>.text:__llshru</name>
         <load_address>0x118191e0</load_address>
         <run_address>0x118191e0</run_address>
         <size>0x40</size>
         <input_file_ref idref="fl-27"/>
      </object_component>
      <object_component id="oc-116">
         <name>.text:__remli</name>
         <load_address>0x11819220</load_address>
         <run_address>0x11819220</run_address>
         <size>0x40</size>
         <input_file_ref idref="fl-24"/>
      </object_component>
      <object_component id="oc-ff">
         <name>.text:__negll</name>
         <load_address>0x11819260</load_address>
         <run_address>0x11819260</run_address>
         <size>0x20</size>
         <input_file_ref idref="fl-2c"/>
      </object_component>
      <object_component id="oc-ca">
         <name>.text:__nop</name>
         <load_address>0x11819280</load_address>
         <run_address>0x11819280</run_address>
         <size>0x20</size>
         <input_file_ref idref="fl-c"/>
      </object_component>
      <object_component id="oc-e7">
         <name>.text:__outc</name>
         <load_address>0x118192a0</load_address>
         <run_address>0x118192a0</run_address>
         <size>0x20</size>
         <input_file_ref idref="fl-18"/>
      </object_component>
      <object_component id="oc-e5">
         <name>.text:__outs</name>
         <load_address>0x118192c0</load_address>
         <run_address>0x118192c0</run_address>
         <size>0x20</size>
         <input_file_ref idref="fl-18"/>
      </object_component>
      <object_component id="oc-d6">
         <name>.text:_abort</name>
         <load_address>0x118192e0</load_address>
         <run_address>0x118192e0</run_address>
         <size>0x20</size>
         <input_file_ref idref="fl-a"/>
      </object_component>
      <object_component id="oc-115">
         <name>.text:_remove</name>
         <load_address>0x11819300</load_address>
         <run_address>0x11819300</run_address>
         <size>0x20</size>
         <input_file_ref idref="fl-36"/>
      </object_component>
      <object_component id="oc-f">
         <name>.text</name>
         <load_address>0x11819320</load_address>
         <run_address>0x11819320</run_address>
         <size>0x20</size>
         <input_file_ref idref="fl-2"/>
      </object_component>
      <object_component id="oc-f8">
         <name>.const:.string:__ctypes_</name>
         <load_address>0x11819fd0</load_address>
         <run_address>0x11819fd0</run_address>
         <size>0x101</size>
         <input_file_ref idref="fl-1b"/>
      </object_component>
      <object_component id="oc-81">
         <name>.const:.string</name>
         <load_address>0x1181a0d1</load_address>
         <run_address>0x1181a0d1</run_address>
         <size>0x2</size>
         <input_file_ref idref="fl-22"/>
      </object_component>
      <object_component id="oc-e0">
         <name>.const:_bitval_u32</name>
         <load_address>0x1181a0d8</load_address>
         <run_address>0x1181a0d8</run_address>
         <size>0x80</size>
         <input_file_ref idref="fl-15"/>
      </object_component>
      <object_component id="oc-54">
         <name>.const:.string</name>
         <load_address>0x1181a158</load_address>
         <run_address>0x1181a158</run_address>
         <size>0x40</size>
         <input_file_ref idref="fl-15"/>
      </object_component>
      <object_component id="oc-19">
         <name>.const:.string</name>
         <load_address>0x1181a198</load_address>
         <run_address>0x1181a198</run_address>
         <size>0x24</size>
         <input_file_ref idref="fl-3"/>
      </object_component>
      <object_component id="oc-65">
         <name>.const:.string</name>
         <load_address>0x1181a1bc</load_address>
         <run_address>0x1181a1bc</run_address>
         <size>0x23</size>
         <input_file_ref idref="fl-19"/>
      </object_component>
      <object_component id="oc-14">
         <name>.bss</name>
         <uninitialized>true</uninitialized>
         <run_address>0x1181a720</run_address>
         <size>0x2d</size>
         <input_file_ref idref="fl-3"/>
      </object_component>
      <object_component id="oc-1d">
         <name>.bss</name>
         <uninitialized>true</uninitialized>
         <run_address>0x1181a750</run_address>
         <size>0x1c</size>
         <input_file_ref idref="fl-4"/>
      </object_component>
      <object_component id="oc-5c">
         <name>.bss</name>
         <uninitialized>true</uninitialized>
         <run_address>0x1181a76c</run_address>
         <size>0x4</size>
         <input_file_ref idref="fl-17"/>
      </object_component>
      <object_component id="oc-17">
         <name>.far</name>
         <uninitialized>true</uninitialized>
         <run_address>0x11819f88</run_address>
         <size>0x1c</size>
         <input_file_ref idref="fl-3"/>
      </object_component>
      <object_component id="oc-20">
         <name>.far</name>
         <uninitialized>true</uninitialized>
         <run_address>0x11819fb0</run_address>
         <size>0x8</size>
         <input_file_ref idref="fl-4"/>
      </object_component>
      <object_component id="oc-2a">
         <name>.far</name>
         <uninitialized>true</uninitialized>
         <run_address>0x11819fa4</run_address>
         <size>0xc</size>
         <input_file_ref idref="fl-a"/>
      </object_component>
      <object_component id="oc-2f">
         <name>.far</name>
         <uninitialized>true</uninitialized>
         <run_address>0x11819fc0</run_address>
         <size>0x8</size>
         <input_file_ref idref="fl-b"/>
      </object_component>
      <object_component id="oc-35">
         <name>.far</name>
         <uninitialized>true</uninitialized>
         <run_address>0x11819fb8</run_address>
         <size>0x8</size>
         <input_file_ref idref="fl-c"/>
      </object_component>
      <object_component id="oc-6f">
         <name>.far</name>
         <uninitialized>true</uninitialized>
         <run_address>0x11819b40</run_address>
         <size>0x324</size>
         <input_file_ref idref="fl-1c"/>
      </object_component>
      <object_component id="oc-95">
         <name>.far</name>
         <uninitialized>true</uninitialized>
         <run_address>0x11819e68</run_address>
         <size>0x11c</size>
         <input_file_ref idref="fl-28"/>
      </object_component>
      <object_component id="oc-a5">
         <name>.far</name>
         <uninitialized>true</uninitialized>
         <run_address>0x11819fc8</run_address>
         <size>0x8</size>
         <input_file_ref idref="fl-2d"/>
      </object_component>
      <object_component id="oc-bd">
         <name>.far</name>
         <uninitialized>true</uninitialized>
         <run_address>0x11819e64</run_address>
         <size>0x4</size>
         <input_file_ref idref="fl-34"/>
      </object_component>
      <object_component id="oc-df">
         <name>.switch:_getRegisterBankAndBit</name>
         <load_address>0x1181a3d4</load_address>
         <run_address>0x1181a3d4</run_address>
         <size>0x24</size>
         <input_file_ref idref="fl-13"/>
      </object_component>
      <object_component id="oc-25">
         <name>.stack</name>
         <uninitialized>true</uninitialized>
         <run_address>0x11819340</run_address>
         <size>0x8</size>
         <input_file_ref idref="fl-9"/>
      </object_component>
      <object_component id="oc-132">
         <name>.stack</name>
         <uninitialized>true</uninitialized>
         <run_address>0x11819340</run_address>
         <size>0x0</size>
      </object_component>
      <object_component id="oc-16">
         <name>.cinit</name>
         <load_address>0x1181a1e0</load_address>
         <run_address>0x1181a1e0</run_address>
         <size>0x6c</size>
         <input_file_ref idref="fl-3"/>
      </object_component>
      <object_component id="oc-6e">
         <name>.cinit</name>
         <load_address>0x1181a250</load_address>
         <run_address>0x1181a250</run_address>
         <size>0x5c</size>
         <input_file_ref idref="fl-1c"/>
      </object_component>
      <object_component id="oc-94">
         <name>.cinit</name>
         <load_address>0x1181a2b0</load_address>
         <run_address>0x1181a2b0</run_address>
         <size>0x5c</size>
         <input_file_ref idref="fl-28"/>
      </object_component>
      <object_component id="oc-1f">
         <name>.cinit</name>
         <load_address>0x1181a310</load_address>
         <run_address>0x1181a310</run_address>
         <size>0x2c</size>
         <input_file_ref idref="fl-4"/>
      </object_component>
      <object_component id="oc-29">
         <name>.cinit</name>
         <load_address>0x1181a340</load_address>
         <run_address>0x1181a340</run_address>
         <size>0x2c</size>
         <input_file_ref idref="fl-a"/>
      </object_component>
      <object_component id="oc-2e">
         <name>.cinit</name>
         <load_address>0x1181a370</load_address>
         <run_address>0x1181a370</run_address>
         <size>0x2c</size>
         <input_file_ref idref="fl-b"/>
      </object_component>
      <object_component id="oc-34">
         <name>.cinit</name>
         <load_address>0x1181a3a0</load_address>
         <run_address>0x1181a3a0</run_address>
         <size>0x1c</size>
         <input_file_ref idref="fl-c"/>
      </object_component>
      <object_component id="oc-bc">
         <name>.cinit</name>
         <load_address>0x1181a3c0</load_address>
         <run_address>0x1181a3c0</run_address>
         <size>0xc</size>
         <input_file_ref idref="fl-34"/>
      </object_component>
      <object_component id="oc-30">
         <name>.sysmem</name>
         <uninitialized>true</uninitialized>
         <run_address>0x11800000</run_address>
         <size>0x8</size>
         <input_file_ref idref="fl-b"/>
      </object_component>
      <object_component id="oc-133">
         <name>.sysmem</name>
         <uninitialized>true</uninitialized>
         <run_address>0x11800000</run_address>
         <size>0x0</size>
      </object_component>
      <object_component id="oc-a9">
         <name>.cio</name>
         <uninitialized>true</uninitialized>
         <run_address>0x1181a600</run_address>
         <size>0x120</size>
         <input_file_ref idref="fl-2e"/>
      </object_component>
      <object_component id="oc-10">
         <name>.vecs</name>
         <load_address>0x1181a400</load_address>
         <run_address>0x1181a400</run_address>
         <size>0x200</size>
         <input_file_ref idref="fl-2"/>
      </object_component>
      <object_component id="oc-11">
         <name>.debug_info</name>
         <load_address>0x0</load_address>
         <run_address>0x0</run_address>
         <size>0x100</size>
         <input_file_ref idref="fl-2"/>
      </object_component>
      <object_component id="oc-15">
         <name>.debug_info</name>
         <load_address>0x100</load_address>
         <run_address>0x100</run_address>
         <size>0xaac</size>
         <input_file_ref idref="fl-3"/>
      </object_component>
      <object_component id="oc-1e">
         <name>.debug_info</name>
         <load_address>0xbac</load_address>
         <run_address>0xbac</run_address>
         <size>0x3dee</size>
         <input_file_ref idref="fl-4"/>
      </object_component>
      <object_component id="oc-24">
         <name>.debug_info</name>
         <load_address>0x499a</load_address>
         <run_address>0x499a</run_address>
         <size>0x6f2</size>
         <input_file_ref idref="fl-9"/>
      </object_component>
      <object_component id="oc-28">
         <name>.debug_info</name>
         <load_address>0x508c</load_address>
         <run_address>0x508c</run_address>
         <size>0x7bf</size>
         <input_file_ref idref="fl-a"/>
      </object_component>
      <object_component id="oc-2d">
         <name>.debug_info</name>
         <load_address>0x584b</load_address>
         <run_address>0x584b</run_address>
         <size>0xabf</size>
         <input_file_ref idref="fl-b"/>
      </object_component>
      <object_component id="oc-33">
         <name>.debug_info</name>
         <load_address>0x630a</load_address>
         <run_address>0x630a</run_address>
         <size>0x633</size>
         <input_file_ref idref="fl-c"/>
      </object_component>
      <object_component id="oc-38">
         <name>.debug_info</name>
         <load_address>0x693d</load_address>
         <run_address>0x693d</run_address>
         <size>0x6c8</size>
         <input_file_ref idref="fl-d"/>
      </object_component>
      <object_component id="oc-3b">
         <name>.debug_info</name>
         <load_address>0x7005</load_address>
         <run_address>0x7005</run_address>
         <size>0x83e</size>
         <input_file_ref idref="fl-e"/>
      </object_component>
      <object_component id="oc-3e">
         <name>.debug_info</name>
         <load_address>0x7843</load_address>
         <run_address>0x7843</run_address>
         <size>0x6b6</size>
         <input_file_ref idref="fl-f"/>
      </object_component>
      <object_component id="oc-41">
         <name>.debug_info</name>
         <load_address>0x7ef9</load_address>
         <run_address>0x7ef9</run_address>
         <size>0x7ac</size>
         <input_file_ref idref="fl-10"/>
      </object_component>
      <object_component id="oc-44">
         <name>.debug_info</name>
         <load_address>0x86a5</load_address>
         <run_address>0x86a5</run_address>
         <size>0xcc</size>
         <input_file_ref idref="fl-11"/>
      </object_component>
      <object_component id="oc-47">
         <name>.debug_info</name>
         <load_address>0x8771</load_address>
         <run_address>0x8771</run_address>
         <size>0xb66</size>
         <input_file_ref idref="fl-12"/>
      </object_component>
      <object_component id="oc-4b">
         <name>.debug_info</name>
         <load_address>0x92d7</load_address>
         <run_address>0x92d7</run_address>
         <size>0x103b</size>
         <input_file_ref idref="fl-13"/>
      </object_component>
      <object_component id="oc-4f">
         <name>.debug_info</name>
         <load_address>0xa312</load_address>
         <run_address>0xa312</run_address>
         <size>0xf0d</size>
         <input_file_ref idref="fl-14"/>
      </object_component>
      <object_component id="oc-53">
         <name>.debug_info</name>
         <load_address>0xb21f</load_address>
         <run_address>0xb21f</run_address>
         <size>0x27ab</size>
         <input_file_ref idref="fl-15"/>
      </object_component>
      <object_component id="oc-58">
         <name>.debug_info</name>
         <load_address>0xd9ca</load_address>
         <run_address>0xd9ca</run_address>
         <size>0xf63</size>
         <input_file_ref idref="fl-16"/>
      </object_component>
      <object_component id="oc-5d">
         <name>.debug_info</name>
         <load_address>0xe92d</load_address>
         <run_address>0xe92d</run_address>
         <size>0x1400</size>
         <input_file_ref idref="fl-17"/>
      </object_component>
      <object_component id="oc-61">
         <name>.debug_info</name>
         <load_address>0xfd2d</load_address>
         <run_address>0xfd2d</run_address>
         <size>0x8e9</size>
         <input_file_ref idref="fl-18"/>
      </object_component>
      <object_component id="oc-64">
         <name>.debug_info</name>
         <load_address>0x10616</load_address>
         <run_address>0x10616</run_address>
         <size>0x2674</size>
         <input_file_ref idref="fl-19"/>
      </object_component>
      <object_component id="oc-68">
         <name>.debug_info</name>
         <load_address>0x12c8a</load_address>
         <run_address>0x12c8a</run_address>
         <size>0x6d5</size>
         <input_file_ref idref="fl-1a"/>
      </object_component>
      <object_component id="oc-6b">
         <name>.debug_info</name>
         <load_address>0x1335f</load_address>
         <run_address>0x1335f</run_address>
         <size>0x5e1</size>
         <input_file_ref idref="fl-1b"/>
      </object_component>
      <object_component id="oc-6d">
         <name>.debug_info</name>
         <load_address>0x13940</load_address>
         <run_address>0x13940</run_address>
         <size>0x6ce</size>
         <input_file_ref idref="fl-1c"/>
      </object_component>
      <object_component id="oc-71">
         <name>.debug_info</name>
         <load_address>0x1400e</load_address>
         <run_address>0x1400e</run_address>
         <size>0x96a</size>
         <input_file_ref idref="fl-1d"/>
      </object_component>
      <object_component id="oc-74">
         <name>.debug_info</name>
         <load_address>0x14978</load_address>
         <run_address>0x14978</run_address>
         <size>0xbd</size>
         <input_file_ref idref="fl-1e"/>
      </object_component>
      <object_component id="oc-77">
         <name>.debug_info</name>
         <load_address>0x14a35</load_address>
         <run_address>0x14a35</run_address>
         <size>0x67e</size>
         <input_file_ref idref="fl-1f"/>
      </object_component>
      <object_component id="oc-7a">
         <name>.debug_info</name>
         <load_address>0x150b3</load_address>
         <run_address>0x150b3</run_address>
         <size>0x697</size>
         <input_file_ref idref="fl-20"/>
      </object_component>
      <object_component id="oc-7d">
         <name>.debug_info</name>
         <load_address>0x1574a</load_address>
         <run_address>0x1574a</run_address>
         <size>0x811</size>
         <input_file_ref idref="fl-21"/>
      </object_component>
      <object_component id="oc-80">
         <name>.debug_info</name>
         <load_address>0x15f5b</load_address>
         <run_address>0x15f5b</run_address>
         <size>0xa9d</size>
         <input_file_ref idref="fl-22"/>
      </object_component>
      <object_component id="oc-84">
         <name>.debug_info</name>
         <load_address>0x169f8</load_address>
         <run_address>0x169f8</run_address>
         <size>0x653</size>
         <input_file_ref idref="fl-23"/>
      </object_component>
      <object_component id="oc-87">
         <name>.debug_info</name>
         <load_address>0x1704b</load_address>
         <run_address>0x1704b</run_address>
         <size>0x78a</size>
         <input_file_ref idref="fl-24"/>
      </object_component>
      <object_component id="oc-8a">
         <name>.debug_info</name>
         <load_address>0x177d5</load_address>
         <run_address>0x177d5</run_address>
         <size>0x785</size>
         <input_file_ref idref="fl-25"/>
      </object_component>
      <object_component id="oc-8d">
         <name>.debug_info</name>
         <load_address>0x17f5a</load_address>
         <run_address>0x17f5a</run_address>
         <size>0x7fd</size>
         <input_file_ref idref="fl-26"/>
      </object_component>
      <object_component id="oc-90">
         <name>.debug_info</name>
         <load_address>0x18757</load_address>
         <run_address>0x18757</run_address>
         <size>0x6e8</size>
         <input_file_ref idref="fl-27"/>
      </object_component>
      <object_component id="oc-93">
         <name>.debug_info</name>
         <load_address>0x18e3f</load_address>
         <run_address>0x18e3f</run_address>
         <size>0xe70</size>
         <input_file_ref idref="fl-28"/>
      </object_component>
      <object_component id="oc-98">
         <name>.debug_info</name>
         <load_address>0x19caf</load_address>
         <run_address>0x19caf</run_address>
         <size>0x716</size>
         <input_file_ref idref="fl-29"/>
      </object_component>
      <object_component id="oc-9b">
         <name>.debug_info</name>
         <load_address>0x1a3c5</load_address>
         <run_address>0x1a3c5</run_address>
         <size>0x6b9</size>
         <input_file_ref idref="fl-2a"/>
      </object_component>
      <object_component id="oc-9e">
         <name>.debug_info</name>
         <load_address>0x1aa7e</load_address>
         <run_address>0x1aa7e</run_address>
         <size>0x79d</size>
         <input_file_ref idref="fl-2b"/>
      </object_component>
      <object_component id="oc-a1">
         <name>.debug_info</name>
         <load_address>0x1b21b</load_address>
         <run_address>0x1b21b</run_address>
         <size>0x5ff</size>
         <input_file_ref idref="fl-2c"/>
      </object_component>
      <object_component id="oc-a4">
         <name>.debug_info</name>
         <load_address>0x1b81a</load_address>
         <run_address>0x1b81a</run_address>
         <size>0xdc3</size>
         <input_file_ref idref="fl-2d"/>
      </object_component>
      <object_component id="oc-a8">
         <name>.debug_info</name>
         <load_address>0x1c5dd</load_address>
         <run_address>0x1c5dd</run_address>
         <size>0x850</size>
         <input_file_ref idref="fl-2e"/>
      </object_component>
      <object_component id="oc-ac">
         <name>.debug_info</name>
         <load_address>0x1ce2d</load_address>
         <run_address>0x1ce2d</run_address>
         <size>0x741</size>
         <input_file_ref idref="fl-2f"/>
      </object_component>
      <object_component id="oc-af">
         <name>.debug_info</name>
         <load_address>0x1d56e</load_address>
         <run_address>0x1d56e</run_address>
         <size>0x5b3</size>
         <input_file_ref idref="fl-30"/>
      </object_component>
      <object_component id="oc-b2">
         <name>.debug_info</name>
         <load_address>0x1db21</load_address>
         <run_address>0x1db21</run_address>
         <size>0x768</size>
         <input_file_ref idref="fl-31"/>
      </object_component>
      <object_component id="oc-b5">
         <name>.debug_info</name>
         <load_address>0x1e289</load_address>
         <run_address>0x1e289</run_address>
         <size>0x7a0</size>
         <input_file_ref idref="fl-32"/>
      </object_component>
      <object_component id="oc-b8">
         <name>.debug_info</name>
         <load_address>0x1ea29</load_address>
         <run_address>0x1ea29</run_address>
         <size>0x7f3</size>
         <input_file_ref idref="fl-33"/>
      </object_component>
      <object_component id="oc-bb">
         <name>.debug_info</name>
         <load_address>0x1f21c</load_address>
         <run_address>0x1f21c</run_address>
         <size>0x852</size>
         <input_file_ref idref="fl-34"/>
      </object_component>
      <object_component id="oc-c0">
         <name>.debug_info</name>
         <load_address>0x1fa6e</load_address>
         <run_address>0x1fa6e</run_address>
         <size>0x7ed</size>
         <input_file_ref idref="fl-35"/>
      </object_component>
      <object_component id="oc-c3">
         <name>.debug_info</name>
         <load_address>0x2025b</load_address>
         <run_address>0x2025b</run_address>
         <size>0x64b</size>
         <input_file_ref idref="fl-36"/>
      </object_component>
      <object_component id="oc-134">
         <name>.debug_info</name>
         <load_address>0x208a6</load_address>
         <run_address>0x208a6</run_address>
         <size>0x6d</size>
      </object_component>
      <object_component id="oc-12">
         <name>.debug_line</name>
         <load_address>0x0</load_address>
         <run_address>0x0</run_address>
         <size>0xcd</size>
         <input_file_ref idref="fl-2"/>
      </object_component>
      <object_component id="oc-1b">
         <name>.debug_line</name>
         <load_address>0xcd</load_address>
         <run_address>0xcd</run_address>
         <size>0xfc</size>
         <input_file_ref idref="fl-3"/>
      </object_component>
      <object_component id="oc-22">
         <name>.debug_line</name>
         <load_address>0x1c9</load_address>
         <run_address>0x1c9</run_address>
         <size>0x65d</size>
         <input_file_ref idref="fl-4"/>
      </object_component>
      <object_component id="oc-26">
         <name>.debug_line</name>
         <load_address>0x826</load_address>
         <run_address>0x826</run_address>
         <size>0x3d</size>
         <input_file_ref idref="fl-9"/>
      </object_component>
      <object_component id="oc-2b">
         <name>.debug_line</name>
         <load_address>0x863</load_address>
         <run_address>0x863</run_address>
         <size>0x4f</size>
         <input_file_ref idref="fl-a"/>
      </object_component>
      <object_component id="oc-31">
         <name>.debug_line</name>
         <load_address>0x8b2</load_address>
         <run_address>0x8b2</run_address>
         <size>0xa7</size>
         <input_file_ref idref="fl-b"/>
      </object_component>
      <object_component id="oc-36">
         <name>.debug_line</name>
         <load_address>0x959</load_address>
         <run_address>0x959</run_address>
         <size>0x35</size>
         <input_file_ref idref="fl-c"/>
      </object_component>
      <object_component id="oc-39">
         <name>.debug_line</name>
         <load_address>0x98e</load_address>
         <run_address>0x98e</run_address>
         <size>0x3f</size>
         <input_file_ref idref="fl-d"/>
      </object_component>
      <object_component id="oc-3c">
         <name>.debug_line</name>
         <load_address>0x9cd</load_address>
         <run_address>0x9cd</run_address>
         <size>0x49</size>
         <input_file_ref idref="fl-e"/>
      </object_component>
      <object_component id="oc-3f">
         <name>.debug_line</name>
         <load_address>0xa16</load_address>
         <run_address>0xa16</run_address>
         <size>0x45</size>
         <input_file_ref idref="fl-f"/>
      </object_component>
      <object_component id="oc-42">
         <name>.debug_line</name>
         <load_address>0xa5b</load_address>
         <run_address>0xa5b</run_address>
         <size>0x44</size>
         <input_file_ref idref="fl-10"/>
      </object_component>
      <object_component id="oc-45">
         <name>.debug_line</name>
         <load_address>0xa9f</load_address>
         <run_address>0xa9f</run_address>
         <size>0x4a</size>
         <input_file_ref idref="fl-11"/>
      </object_component>
      <object_component id="oc-49">
         <name>.debug_line</name>
         <load_address>0xae9</load_address>
         <run_address>0xae9</run_address>
         <size>0xd8</size>
         <input_file_ref idref="fl-12"/>
      </object_component>
      <object_component id="oc-4d">
         <name>.debug_line</name>
         <load_address>0xbc1</load_address>
         <run_address>0xbc1</run_address>
         <size>0x1ba</size>
         <input_file_ref idref="fl-13"/>
      </object_component>
      <object_component id="oc-51">
         <name>.debug_line</name>
         <load_address>0xd7b</load_address>
         <run_address>0xd7b</run_address>
         <size>0xad</size>
         <input_file_ref idref="fl-14"/>
      </object_component>
      <object_component id="oc-56">
         <name>.debug_line</name>
         <load_address>0xe28</load_address>
         <run_address>0xe28</run_address>
         <size>0x2d8</size>
         <input_file_ref idref="fl-15"/>
      </object_component>
      <object_component id="oc-5a">
         <name>.debug_line</name>
         <load_address>0x1100</load_address>
         <run_address>0x1100</run_address>
         <size>0x169</size>
         <input_file_ref idref="fl-16"/>
      </object_component>
      <object_component id="oc-5f">
         <name>.debug_line</name>
         <load_address>0x1269</load_address>
         <run_address>0x1269</run_address>
         <size>0x143</size>
         <input_file_ref idref="fl-17"/>
      </object_component>
      <object_component id="oc-62">
         <name>.debug_line</name>
         <load_address>0x13ac</load_address>
         <run_address>0x13ac</run_address>
         <size>0x6a</size>
         <input_file_ref idref="fl-18"/>
      </object_component>
      <object_component id="oc-66">
         <name>.debug_line</name>
         <load_address>0x1416</load_address>
         <run_address>0x1416</run_address>
         <size>0x31a</size>
         <input_file_ref idref="fl-19"/>
      </object_component>
      <object_component id="oc-69">
         <name>.debug_line</name>
         <load_address>0x1730</load_address>
         <run_address>0x1730</run_address>
         <size>0x45</size>
         <input_file_ref idref="fl-1a"/>
      </object_component>
      <object_component id="oc-72">
         <name>.debug_line</name>
         <load_address>0x1775</load_address>
         <run_address>0x1775</run_address>
         <size>0x3c</size>
         <input_file_ref idref="fl-1d"/>
      </object_component>
      <object_component id="oc-75">
         <name>.debug_line</name>
         <load_address>0x17b1</load_address>
         <run_address>0x17b1</run_address>
         <size>0x44</size>
         <input_file_ref idref="fl-1e"/>
      </object_component>
      <object_component id="oc-78">
         <name>.debug_line</name>
         <load_address>0x17f5</load_address>
         <run_address>0x17f5</run_address>
         <size>0x3d</size>
         <input_file_ref idref="fl-1f"/>
      </object_component>
      <object_component id="oc-7b">
         <name>.debug_line</name>
         <load_address>0x1832</load_address>
         <run_address>0x1832</run_address>
         <size>0x3d</size>
         <input_file_ref idref="fl-20"/>
      </object_component>
      <object_component id="oc-7e">
         <name>.debug_line</name>
         <load_address>0x186f</load_address>
         <run_address>0x186f</run_address>
         <size>0x3f</size>
         <input_file_ref idref="fl-21"/>
      </object_component>
      <object_component id="oc-82">
         <name>.debug_line</name>
         <load_address>0x18ae</load_address>
         <run_address>0x18ae</run_address>
         <size>0x93</size>
         <input_file_ref idref="fl-22"/>
      </object_component>
      <object_component id="oc-85">
         <name>.debug_line</name>
         <load_address>0x1941</load_address>
         <run_address>0x1941</run_address>
         <size>0x3e</size>
         <input_file_ref idref="fl-23"/>
      </object_component>
      <object_component id="oc-88">
         <name>.debug_line</name>
         <load_address>0x197f</load_address>
         <run_address>0x197f</run_address>
         <size>0x73</size>
         <input_file_ref idref="fl-24"/>
      </object_component>
      <object_component id="oc-8b">
         <name>.debug_line</name>
         <load_address>0x19f2</load_address>
         <run_address>0x19f2</run_address>
         <size>0x61</size>
         <input_file_ref idref="fl-25"/>
      </object_component>
      <object_component id="oc-8e">
         <name>.debug_line</name>
         <load_address>0x1a53</load_address>
         <run_address>0x1a53</run_address>
         <size>0x38</size>
         <input_file_ref idref="fl-26"/>
      </object_component>
      <object_component id="oc-91">
         <name>.debug_line</name>
         <load_address>0x1a8b</load_address>
         <run_address>0x1a8b</run_address>
         <size>0x56</size>
         <input_file_ref idref="fl-27"/>
      </object_component>
      <object_component id="oc-96">
         <name>.debug_line</name>
         <load_address>0x1ae1</load_address>
         <run_address>0x1ae1</run_address>
         <size>0xf5</size>
         <input_file_ref idref="fl-28"/>
      </object_component>
      <object_component id="oc-99">
         <name>.debug_line</name>
         <load_address>0x1bd6</load_address>
         <run_address>0x1bd6</run_address>
         <size>0x40</size>
         <input_file_ref idref="fl-29"/>
      </object_component>
      <object_component id="oc-9c">
         <name>.debug_line</name>
         <load_address>0x1c16</load_address>
         <run_address>0x1c16</run_address>
         <size>0x3f</size>
         <input_file_ref idref="fl-2a"/>
      </object_component>
      <object_component id="oc-9f">
         <name>.debug_line</name>
         <load_address>0x1c55</load_address>
         <run_address>0x1c55</run_address>
         <size>0x46</size>
         <input_file_ref idref="fl-2b"/>
      </object_component>
      <object_component id="oc-a2">
         <name>.debug_line</name>
         <load_address>0x1c9b</load_address>
         <run_address>0x1c9b</run_address>
         <size>0x39</size>
         <input_file_ref idref="fl-2c"/>
      </object_component>
      <object_component id="oc-a6">
         <name>.debug_line</name>
         <load_address>0x1cd4</load_address>
         <run_address>0x1cd4</run_address>
         <size>0x126</size>
         <input_file_ref idref="fl-2d"/>
      </object_component>
      <object_component id="oc-aa">
         <name>.debug_line</name>
         <load_address>0x1dfa</load_address>
         <run_address>0x1dfa</run_address>
         <size>0x66</size>
         <input_file_ref idref="fl-2e"/>
      </object_component>
      <object_component id="oc-ad">
         <name>.debug_line</name>
         <load_address>0x1e60</load_address>
         <run_address>0x1e60</run_address>
         <size>0x40</size>
         <input_file_ref idref="fl-2f"/>
      </object_component>
      <object_component id="oc-b0">
         <name>.debug_line</name>
         <load_address>0x1ea0</load_address>
         <run_address>0x1ea0</run_address>
         <size>0x23</size>
         <input_file_ref idref="fl-30"/>
      </object_component>
      <object_component id="oc-b3">
         <name>.debug_line</name>
         <load_address>0x1ec3</load_address>
         <run_address>0x1ec3</run_address>
         <size>0x3e</size>
         <input_file_ref idref="fl-31"/>
      </object_component>
      <object_component id="oc-b6">
         <name>.debug_line</name>
         <load_address>0x1f01</load_address>
         <run_address>0x1f01</run_address>
         <size>0x3c</size>
         <input_file_ref idref="fl-32"/>
      </object_component>
      <object_component id="oc-b9">
         <name>.debug_line</name>
         <load_address>0x1f3d</load_address>
         <run_address>0x1f3d</run_address>
         <size>0x3f</size>
         <input_file_ref idref="fl-33"/>
      </object_component>
      <object_component id="oc-be">
         <name>.debug_line</name>
         <load_address>0x1f7c</load_address>
         <run_address>0x1f7c</run_address>
         <size>0x42</size>
         <input_file_ref idref="fl-34"/>
      </object_component>
      <object_component id="oc-c1">
         <name>.debug_line</name>
         <load_address>0x1fbe</load_address>
         <run_address>0x1fbe</run_address>
         <size>0x3e</size>
         <input_file_ref idref="fl-35"/>
      </object_component>
      <object_component id="oc-c4">
         <name>.debug_line</name>
         <load_address>0x1ffc</load_address>
         <run_address>0x1ffc</run_address>
         <size>0x39</size>
         <input_file_ref idref="fl-36"/>
      </object_component>
      <object_component id="oc-13">
         <name>.debug_abbrev</name>
         <load_address>0x0</load_address>
         <run_address>0x0</run_address>
         <size>0x20</size>
         <input_file_ref idref="fl-2"/>
      </object_component>
      <object_component id="oc-1c">
         <name>.debug_abbrev</name>
         <load_address>0x20</load_address>
         <run_address>0x20</run_address>
         <size>0x12e</size>
         <input_file_ref idref="fl-3"/>
      </object_component>
      <object_component id="oc-23">
         <name>.debug_abbrev</name>
         <load_address>0x14e</load_address>
         <run_address>0x14e</run_address>
         <size>0x230</size>
         <input_file_ref idref="fl-4"/>
      </object_component>
      <object_component id="oc-27">
         <name>.debug_abbrev</name>
         <load_address>0x37e</load_address>
         <run_address>0x37e</run_address>
         <size>0xfe</size>
         <input_file_ref idref="fl-9"/>
      </object_component>
      <object_component id="oc-2c">
         <name>.debug_abbrev</name>
         <load_address>0x47c</load_address>
         <run_address>0x47c</run_address>
         <size>0x119</size>
         <input_file_ref idref="fl-a"/>
      </object_component>
      <object_component id="oc-32">
         <name>.debug_abbrev</name>
         <load_address>0x595</load_address>
         <run_address>0x595</run_address>
         <size>0x1f8</size>
         <input_file_ref idref="fl-b"/>
      </object_component>
      <object_component id="oc-37">
         <name>.debug_abbrev</name>
         <load_address>0x78d</load_address>
         <run_address>0x78d</run_address>
         <size>0x9f</size>
         <input_file_ref idref="fl-c"/>
      </object_component>
      <object_component id="oc-3a">
         <name>.debug_abbrev</name>
         <load_address>0x82c</load_address>
         <run_address>0x82c</run_address>
         <size>0xe1</size>
         <input_file_ref idref="fl-d"/>
      </object_component>
      <object_component id="oc-3d">
         <name>.debug_abbrev</name>
         <load_address>0x90d</load_address>
         <run_address>0x90d</run_address>
         <size>0x13f</size>
         <input_file_ref idref="fl-e"/>
      </object_component>
      <object_component id="oc-40">
         <name>.debug_abbrev</name>
         <load_address>0xa4c</load_address>
         <run_address>0xa4c</run_address>
         <size>0xdd</size>
         <input_file_ref idref="fl-f"/>
      </object_component>
      <object_component id="oc-43">
         <name>.debug_abbrev</name>
         <load_address>0xb29</load_address>
         <run_address>0xb29</run_address>
         <size>0x10c</size>
         <input_file_ref idref="fl-10"/>
      </object_component>
      <object_component id="oc-46">
         <name>.debug_abbrev</name>
         <load_address>0xc35</load_address>
         <run_address>0xc35</run_address>
         <size>0x3a</size>
         <input_file_ref idref="fl-11"/>
      </object_component>
      <object_component id="oc-4a">
         <name>.debug_abbrev</name>
         <load_address>0xc6f</load_address>
         <run_address>0xc6f</run_address>
         <size>0x104</size>
         <input_file_ref idref="fl-12"/>
      </object_component>
      <object_component id="oc-4e">
         <name>.debug_abbrev</name>
         <load_address>0xd73</load_address>
         <run_address>0xd73</run_address>
         <size>0x175</size>
         <input_file_ref idref="fl-13"/>
      </object_component>
      <object_component id="oc-52">
         <name>.debug_abbrev</name>
         <load_address>0xee8</load_address>
         <run_address>0xee8</run_address>
         <size>0xf0</size>
         <input_file_ref idref="fl-14"/>
      </object_component>
      <object_component id="oc-57">
         <name>.debug_abbrev</name>
         <load_address>0xfd8</load_address>
         <run_address>0xfd8</run_address>
         <size>0x208</size>
         <input_file_ref idref="fl-15"/>
      </object_component>
      <object_component id="oc-5b">
         <name>.debug_abbrev</name>
         <load_address>0x11e0</load_address>
         <run_address>0x11e0</run_address>
         <size>0x147</size>
         <input_file_ref idref="fl-16"/>
      </object_component>
      <object_component id="oc-60">
         <name>.debug_abbrev</name>
         <load_address>0x1327</load_address>
         <run_address>0x1327</run_address>
         <size>0x136</size>
         <input_file_ref idref="fl-17"/>
      </object_component>
      <object_component id="oc-63">
         <name>.debug_abbrev</name>
         <load_address>0x145d</load_address>
         <run_address>0x145d</run_address>
         <size>0x161</size>
         <input_file_ref idref="fl-18"/>
      </object_component>
      <object_component id="oc-67">
         <name>.debug_abbrev</name>
         <load_address>0x15be</load_address>
         <run_address>0x15be</run_address>
         <size>0x1d1</size>
         <input_file_ref idref="fl-19"/>
      </object_component>
      <object_component id="oc-6a">
         <name>.debug_abbrev</name>
         <load_address>0x178f</load_address>
         <run_address>0x178f</run_address>
         <size>0xcc</size>
         <input_file_ref idref="fl-1a"/>
      </object_component>
      <object_component id="oc-6c">
         <name>.debug_abbrev</name>
         <load_address>0x185b</load_address>
         <run_address>0x185b</run_address>
         <size>0x5f</size>
         <input_file_ref idref="fl-1b"/>
      </object_component>
      <object_component id="oc-70">
         <name>.debug_abbrev</name>
         <load_address>0x18ba</load_address>
         <run_address>0x18ba</run_address>
         <size>0x8e</size>
         <input_file_ref idref="fl-1c"/>
      </object_component>
      <object_component id="oc-73">
         <name>.debug_abbrev</name>
         <load_address>0x1948</load_address>
         <run_address>0x1948</run_address>
         <size>0xf5</size>
         <input_file_ref idref="fl-1d"/>
      </object_component>
      <object_component id="oc-76">
         <name>.debug_abbrev</name>
         <load_address>0x1a3d</load_address>
         <run_address>0x1a3d</run_address>
         <size>0x3a</size>
         <input_file_ref idref="fl-1e"/>
      </object_component>
      <object_component id="oc-79">
         <name>.debug_abbrev</name>
         <load_address>0x1a77</load_address>
         <run_address>0x1a77</run_address>
         <size>0xac</size>
         <input_file_ref idref="fl-1f"/>
      </object_component>
      <object_component id="oc-7c">
         <name>.debug_abbrev</name>
         <load_address>0x1b23</load_address>
         <run_address>0x1b23</run_address>
         <size>0xc3</size>
         <input_file_ref idref="fl-20"/>
      </object_component>
      <object_component id="oc-7f">
         <name>.debug_abbrev</name>
         <load_address>0x1be6</load_address>
         <run_address>0x1be6</run_address>
         <size>0x11f</size>
         <input_file_ref idref="fl-21"/>
      </object_component>
      <object_component id="oc-83">
         <name>.debug_abbrev</name>
         <load_address>0x1d05</load_address>
         <run_address>0x1d05</run_address>
         <size>0x14b</size>
         <input_file_ref idref="fl-22"/>
      </object_component>
      <object_component id="oc-86">
         <name>.debug_abbrev</name>
         <load_address>0x1e50</load_address>
         <run_address>0x1e50</run_address>
         <size>0x8c</size>
         <input_file_ref idref="fl-23"/>
      </object_component>
      <object_component id="oc-89">
         <name>.debug_abbrev</name>
         <load_address>0x1edc</load_address>
         <run_address>0x1edc</run_address>
         <size>0xc3</size>
         <input_file_ref idref="fl-24"/>
      </object_component>
      <object_component id="oc-8c">
         <name>.debug_abbrev</name>
         <load_address>0x1f9f</load_address>
         <run_address>0x1f9f</run_address>
         <size>0xc3</size>
         <input_file_ref idref="fl-25"/>
      </object_component>
      <object_component id="oc-8f">
         <name>.debug_abbrev</name>
         <load_address>0x2062</load_address>
         <run_address>0x2062</run_address>
         <size>0xd0</size>
         <input_file_ref idref="fl-26"/>
      </object_component>
      <object_component id="oc-92">
         <name>.debug_abbrev</name>
         <load_address>0x2132</load_address>
         <run_address>0x2132</run_address>
         <size>0xa3</size>
         <input_file_ref idref="fl-27"/>
      </object_component>
      <object_component id="oc-97">
         <name>.debug_abbrev</name>
         <load_address>0x21d5</load_address>
         <run_address>0x21d5</run_address>
         <size>0x215</size>
         <input_file_ref idref="fl-28"/>
      </object_component>
      <object_component id="oc-9a">
         <name>.debug_abbrev</name>
         <load_address>0x23ea</load_address>
         <run_address>0x23ea</run_address>
         <size>0xe3</size>
         <input_file_ref idref="fl-29"/>
      </object_component>
      <object_component id="oc-9d">
         <name>.debug_abbrev</name>
         <load_address>0x24cd</load_address>
         <run_address>0x24cd</run_address>
         <size>0xae</size>
         <input_file_ref idref="fl-2a"/>
      </object_component>
      <object_component id="oc-a0">
         <name>.debug_abbrev</name>
         <load_address>0x257b</load_address>
         <run_address>0x257b</run_address>
         <size>0xd0</size>
         <input_file_ref idref="fl-2b"/>
      </object_component>
      <object_component id="oc-a3">
         <name>.debug_abbrev</name>
         <load_address>0x264b</load_address>
         <run_address>0x264b</run_address>
         <size>0x71</size>
         <input_file_ref idref="fl-2c"/>
      </object_component>
      <object_component id="oc-a7">
         <name>.debug_abbrev</name>
         <load_address>0x26bc</load_address>
         <run_address>0x26bc</run_address>
         <size>0x180</size>
         <input_file_ref idref="fl-2d"/>
      </object_component>
      <object_component id="oc-ab">
         <name>.debug_abbrev</name>
         <load_address>0x283c</load_address>
         <run_address>0x283c</run_address>
         <size>0xd5</size>
         <input_file_ref idref="fl-2e"/>
      </object_component>
      <object_component id="oc-ae">
         <name>.debug_abbrev</name>
         <load_address>0x2911</load_address>
         <run_address>0x2911</run_address>
         <size>0xd1</size>
         <input_file_ref idref="fl-2f"/>
      </object_component>
      <object_component id="oc-b1">
         <name>.debug_abbrev</name>
         <load_address>0x29e2</load_address>
         <run_address>0x29e2</run_address>
         <size>0x90</size>
         <input_file_ref idref="fl-30"/>
      </object_component>
      <object_component id="oc-b4">
         <name>.debug_abbrev</name>
         <load_address>0x2a72</load_address>
         <run_address>0x2a72</run_address>
         <size>0x12d</size>
         <input_file_ref idref="fl-31"/>
      </object_component>
      <object_component id="oc-b7">
         <name>.debug_abbrev</name>
         <load_address>0x2b9f</load_address>
[...]
         <value>0x118101a8</value>
         <object_component_ref idref="oc-c9"/>
      </symbol>
      <symbol id="sm-19f">
         <name>_prand_seed</name>
         <value>0x1181a768</value>
         <object_component_ref idref="oc-1d"/>
      </symbol>
      <symbol id="sm-1a0">
         <name>_output_sample</name>
         <value>0x11810000</value>
         <object_component_ref idref="oc-c9"/>
      </symbol>
      <symbol id="sm-1a1">
         <name>_pingIN</name>
         <value>0x1181a754</value>
         <object_component_ref idref="oc-1d"/>
      </symbol>
      <symbol id="sm-1a2">
         <name>_AIC31_data</name>
         <value>0x11819fb0</value>
         <object_component_ref idref="oc-20"/>
      </symbol>
      <symbol id="sm-1a3">
         <name>_sreg</name>
         <value>0x11819fb4</value>
         <object_component_ref idref="oc-20"/>
      </symbol>
      <symbol id="sm-1a4">
         <name>_input_right_sample</name>
         <value>0x11810200</value>
         <object_component_ref idref="oc-c9"/>
      </symbol>
      <symbol id="sm-1a5">
         <name>_EDMA3_PaRAM_setup</name>
         <value>0x11810258</value>
         <object_component_ref idref="oc-c9"/>
      </symbol>
      <symbol id="sm-1a6">
         <name>_L138_init_LCDK_DIP</name>
         <value>0x11811118</value>
         <object_component_ref idref="oc-c9"/>
      </symbol>
      <symbol id="sm-1a7">
         <name>_prand</name>
         <value>0x118116b4</value>
         <object_component_ref idref="oc-c9"/>
      </symbol>
      <symbol id="sm-1a8">
         <name>_fb</name>
         <value>0x1181a764</value>
         <object_component_ref idref="oc-1d"/>
      </symbol>
      <symbol id="sm-1a9">
         <name>_rand31_next</name>
         <value>0x11811638</value>
         <object_component_ref idref="oc-c9"/>
      </symbol>
      <symbol id="sm-1aa">
         <name>_read_LCDK_user_DIP</name>
         <value>0x11811160</value>
         <object_component_ref idref="oc-c9"/>
      </symbol>
      <symbol id="sm-1ab">
         <name>_L138_init_mcasp_edma</name>
         <value>0x11810630</value>
         <object_component_ref idref="oc-c9"/>
      </symbol>
      <symbol id="sm-1ac">
         <name>_L138_init_aic3106_registers</name>
         <value>0x11810de0</value>
         <object_component_ref idref="oc-c9"/>
      </symbol>
      <symbol id="sm-1ad">
         <name>_L138_initialise_intr</name>
         <value>0x1181142c</value>
         <object_component_ref idref="oc-c9"/>
      </symbol>
      <symbol id="sm-1ae">
         <name>_input_sample</name>
         <value>0x11810150</value>
         <object_component_ref idref="oc-c9"/>
      </symbol>
      <symbol id="sm-1af">
         <name>_output_right_sample</name>
         <value>0x118100e0</value>
         <object_component_ref idref="oc-c9"/>
      </symbol>
      <symbol id="sm-1b0">
         <name>_pongIN</name>
         <value>0x1181a75c</value>
         <object_component_ref idref="oc-1d"/>
      </symbol>
      <symbol id="sm-1b1">
         <name>_pongOUT</name>
         <value>0x1181a760</value>
         <object_component_ref idref="oc-1d"/>
      </symbol>
      <symbol id="sm-1b2">
         <name>_pingOUT</name>
         <value>0x1181a758</value>
         <object_component_ref idref="oc-1d"/>
      </symbol>
      <symbol id="sm-1b3">
         <name>_L138_init_mcasp_poll</name>
         <value>0x11810b4c</value>
         <object_component_ref idref="oc-c9"/>
      </symbol>
      <symbol id="sm-1c2">
         <name>_c_int00</name>
         <value>0x11818d60</value>
         <object_component_ref idref="oc-e"/>
      </symbol>
      <symbol id="sm-1c3">
         <name>__stack</name>
         <value>0x11819340</value>
         <object_component_ref idref="oc-25"/>
      </symbol>
      <symbol id="sm-1da">
         <name>C$$EXIT</name>
         <value>0x118192e0</value>
         <object_component_ref idref="oc-d6"/>
      </symbol>
      <symbol id="sm-1db">
         <name>_exit</name>
         <value>0x11818220</value>
         <object_component_ref idref="oc-c8"/>
      </symbol>
      <symbol id="sm-1dc">
         <name>___TI_enable_exit_profile_output</name>
         <value>0x11819fac</value>
         <object_component_ref idref="oc-2a"/>
      </symbol>
      <symbol id="sm-1dd">
         <name>_abort</name>
         <value>0x118192e0</value>
         <object_component_ref idref="oc-d6"/>
      </symbol>
      <symbol id="sm-1de">
         <name>__cleanup_ptr</name>
         <value>0x11819fa4</value>
         <object_component_ref idref="oc-2a"/>
      </symbol>
      <symbol id="sm-1df">
         <name>__dtors_ptr</name>
         <value>0x11819fa8</value>
         <object_component_ref idref="oc-2a"/>
      </symbol>
      <symbol id="sm-218">
         <name>__sys_memory</name>
         <value>0x11800000</value>
         <object_component_ref idref="oc-30"/>
      </symbol>
      <symbol id="sm-219">
         <name>_free</name>
         <value>0x11815500</value>
         <object_component_ref idref="oc-102"/>
      </symbol>
      <symbol id="sm-21a">
         <name>_malloc</name>
         <value>0x11816f20</value>
         <object_component_ref idref="oc-d9"/>
      </symbol>
      <symbol id="sm-228">
         <name>__unlock</name>
         <value>0x11819fbc</value>
         <object_component_ref idref="oc-35"/>
      </symbol>
      <symbol id="sm-229">
         <name>__lock</name>
         <value>0x11819fb8</value>
         <object_component_ref idref="oc-35"/>
      </symbol>
      <symbol id="sm-22a">
         <name>__nop</name>
         <value>0x11819280</value>
         <object_component_ref idref="oc-ca"/>
      </symbol>
      <symbol id="sm-234">
         <name>__args_main</name>
         <value>0x11819160</value>
         <object_component_ref idref="oc-c7"/>
      </symbol>
      <symbol id="sm-235">
         <name>__TI_args_main</name>
         <value>0x1</value>
      </symbol>
      <symbol id="sm-244">
         <name>__auto_init</name>
         <value>0x11817f20</value>
         <object_component_ref idref="oc-c6"/>
      </symbol>
      <symbol id="sm-251">
         <name>___TI_cpp_init</name>
         <value>0x11818f60</value>
         <object_component_ref idref="oc-d4"/>
      </symbol>
      <symbol id="sm-25f">
         <name>_copy_in</name>
         <value>0x11818800</value>
         <object_component_ref idref="oc-d2"/>
      </symbol>
      <symbol id="sm-267">
         <name>_memcpy</name>
         <value>0x118189e0</value>
         <object_component_ref idref="oc-d3"/>
      </symbol>
      <symbol id="sm-276">
         <name>_USTIMER_get</name>
         <value>0x11816864</value>
         <object_component_ref idref="oc-da"/>
      </symbol>
      <symbol id="sm-277">
         <name>_USTIMER_delay</name>
         <value>0x118167a4</value>
         <object_component_ref idref="oc-da"/>
      </symbol>
      <symbol id="sm-278">
         <name>_USTIMER_set</name>
         <value>0x11816878</value>
         <object_component_ref idref="oc-da"/>
      </symbol>
      <symbol id="sm-279">
         <name>_USTIMER_init</name>
         <value>0x118166c0</value>
         <object_component_ref idref="oc-da"/>
      </symbol>
      <symbol id="sm-27a">
         <name>_USTIMER_reset</name>
         <value>0x11816834</value>
         <object_component_ref idref="oc-da"/>
      </symbol>
      <symbol id="sm-2b4">
         <name>_GPIO_getInput</name>
         <value>0x11814358</value>
         <object_component_ref idref="oc-d8"/>
      </symbol>
      <symbol id="sm-2b5">
         <name>_GPIO_setDir</name>
         <value>0x118142e0</value>
         <object_component_ref idref="oc-d8"/>
      </symbol>
      <symbol id="sm-2b6">
         <name>_GPIO_toggleLoop</name>
         <value>0x1181444c</value>
         <object_component_ref idref="oc-d8"/>
      </symbol>
      <symbol id="sm-2b7">
         <name>_GPIO_setOutput</name>
         <value>0x118143cc</value>
         <object_component_ref idref="oc-d8"/>
      </symbol>
      <symbol id="sm-2e3">
         <name>_AIC3106_writeRegister</name>
         <value>0x11816d50</value>
         <object_component_ref idref="oc-d7"/>
      </symbol>
      <symbol id="sm-2e4">
         <name>_AIC3106_init</name>
         <value>0x11816c00</value>
         <object_component_ref idref="oc-d7"/>
      </symbol>
      <symbol id="sm-2e5">
         <name>_AIC3106_readRegister</name>
         <value>0x11816cf8</value>
         <object_component_ref idref="oc-d7"/>
      </symbol>
      <symbol id="sm-382">
         <name>_config_pll1</name>
         <value>0x11811fa4</value>
         <object_component_ref idref="oc-db"/>
      </symbol>
      <symbol id="sm-383">
         <name>_config_pll0</name>
         <value>0x11811d68</value>
         <object_component_ref idref="oc-db"/>
      </symbol>
      <symbol id="sm-384">
         <name>_UTIL_isUIBoardAttached</name>
         <value>0x118122e0</value>
         <object_component_ref idref="oc-db"/>
      </symbol>
      <symbol id="sm-385">
         <name>_EVMOMAPL138_initRAM</name>
         <value>0x1181170c</value>
         <object_component_ref idref="oc-db"/>
      </symbol>
      <symbol id="sm-386">
         <name>_EVMOMAPL138_lpscTransition</name>
         <value>0x11811990</value>
         <object_component_ref idref="oc-db"/>
      </symbol>
      <symbol id="sm-387">
         <name>_EVMOMAPL138_enableDsp</name>
         <value>0x118118c8</value>
         <object_component_ref idref="oc-db"/>
      </symbol>
      <symbol id="sm-388">
         <name>_EVMOMAPL138_init</name>
         <value>0x118116e0</value>
         <object_component_ref idref="oc-db"/>
      </symbol>
      <symbol id="sm-389">
         <name>_UTIL_printMem</name>
         <value>0x11812188</value>
         <object_component_ref idref="oc-db"/>
      </symbol>
      <symbol id="sm-38a">
         <name>_EVMOMAPL138_pinmuxConfig</name>
         <value>0x118118f4</value>
         <object_component_ref idref="oc-db"/>
      </symbol>
      <symbol id="sm-38b">
         <name>_bitval_u32</name>
         <value>0x1181a0d8</value>
         <object_component_ref idref="oc-e0"/>
      </symbol>
      <symbol id="sm-3b9">
         <name>_I2CGPIO_getInput</name>
         <value>0x11812ef4</value>
         <object_component_ref idref="oc-e4"/>
      </symbol>
      <symbol id="sm-3ba">
         <name>_I2CGPIO_setOutputAll</name>
         <value>0x11813268</value>
         <object_component_ref idref="oc-e4"/>
      </symbol>
      <symbol id="sm-3bb">
         <name>_I2CGPIO_setOutput</name>
         <value>0x11813120</value>
         <object_component_ref idref="oc-e4"/>
      </symbol>
      <symbol id="sm-3bc">
         <name>_I2CGPIO_getInputAll</name>
         <value>0x11813010</value>
         <object_component_ref idref="oc-e4"/>
      </symbol>
      <symbol id="sm-3bd">
         <name>_I2CGPIO_init</name>
         <value>0x11812e20</value>
         <object_component_ref idref="oc-e4"/>
      </symbol>
      <symbol id="sm-406">
         <name>_I2C_read</name>
         <value>0x1181474c</value>
         <object_component_ref idref="oc-de"/>
      </symbol>
      <symbol id="sm-407">
         <name>_I2C_write</name>
         <value>0x118148a8</value>
         <object_component_ref idref="oc-de"/>
      </symbol>
      <symbol id="sm-408">
         <name>_I2C_init</name>
         <value>0x11814660</value>
         <object_component_ref idref="oc-de"/>
      </symbol>
      <symbol id="sm-41d">
         <name>_printf</name>
         <value>0x11817c00</value>
         <object_component_ref idref="oc-e3"/>
      </symbol>
      <symbol id="sm-527">
         <name>__printfi</name>
         <value>0x11813300</value>
         <object_component_ref idref="oc-e6"/>
      </symbol>
      <symbol id="sm-535">
         <name>_atoi</name>
         <value>0x11817960</value>
         <object_component_ref idref="oc-f2"/>
      </symbol>
      <symbol id="sm-53d">
         <name>__ctypes_</name>
         <value>0x11819fd0</value>
         <object_component_ref idref="oc-f8"/>
      </symbol>
      <symbol id="sm-547">
         <name>__tmpnams</name>
         <value>0x11819d20</value>
         <object_component_ref idref="oc-6f"/>
      </symbol>
      <symbol id="sm-548">
         <name>__ft_end</name>
         <value>0x11819e60</value>
         <object_component_ref idref="oc-6f"/>
      </symbol>
      <symbol id="sm-549">
         <name>__ftable</name>
         <value>0x11819b40</value>
         <object_component_ref idref="oc-6f"/>
      </symbol>
      <symbol id="sm-55b">
         <name>__divd</name>
         <value>0x11812300</value>
         <object_component_ref idref="oc-109"/>
      </symbol>
      <symbol id="sm-564">
         <name>__c6xabi_divu</name>
         <value>0x118180a0</value>
         <object_component_ref idref="oc-111"/>
      </symbol>
      <symbol id="sm-565">
         <name>__divu</name>
         <value>0x118180a0</value>
         <object_component_ref idref="oc-111"/>
      </symbol>
      <symbol id="sm-572">
         <name>__fixdli</name>
         <value>0x118186c0</value>
         <object_component_ref idref="oc-10c"/>
      </symbol>
      <symbol id="sm-57d">
         <name>__fltlid</name>
         <value>0x11818c60</value>
         <object_component_ref idref="oc-10e"/>
      </symbol>
      <symbol id="sm-598">
         <name>_putc</name>
         <value>0x118160a0</value>
         <object_component_ref idref="oc-ed"/>
      </symbol>
      <symbol id="sm-599">
         <name>_fputc</name>
         <value>0x118160a0</value>
         <object_component_ref idref="oc-ed"/>
      </symbol>
      <symbol id="sm-5bb">
         <name>_fputs</name>
         <value>0x11813f40</value>
         <object_component_ref idref="oc-e8"/>
      </symbol>
      <symbol id="sm-5c5">
         <name>__frcmpyd_div</name>
         <value>0x118191a0</value>
         <object_component_ref idref="oc-110"/>
      </symbol>
      <symbol id="sm-5d5">
         <name>__divul</name>
         <value>0x11816a60</value>
         <object_component_ref idref="oc-112"/>
      </symbol>
      <symbol id="sm-5d6">
         <name>__remli</name>
         <value>0x11819220</value>
         <object_component_ref idref="oc-116"/>
      </symbol>
      <symbol id="sm-5d7">
         <name>__divli</name>
         <value>0x118184e0</value>
         <object_component_ref idref="oc-117"/>
      </symbol>
      <symbol id="sm-5eb">
         <name>__subcull</name>
         <value>0x11818fc0</value>
         <object_component_ref idref="oc-119"/>
      </symbol>
      <symbol id="sm-5ec">
         <name>__divull</name>
         <value>0x11815780</value>
         <object_component_ref idref="oc-113"/>
      </symbol>
      <symbol id="sm-5f6">
         <name>___isinf</name>
         <value>0x118190e0</value>
         <object_component_ref idref="oc-fa"/>
      </symbol>
      <symbol id="sm-604">
         <name>__llshl</name>
         <value>0x11818ce0</value>
         <object_component_ref idref="oc-118"/>
      </symbol>
      <symbol id="sm-605">
         <name>__llshru</name>
         <value>0x118191e0</value>
         <object_component_ref idref="oc-10f"/>
      </symbol>
      <symbol id="sm-642">
         <name>_unlink</name>
         <value>0x11818e60</value>
         <object_component_ref idref="oc-11a"/>
      </symbol>
      <symbol id="sm-643">
         <name>_lseek</name>
         <value>0x11818940</value>
         <object_component_ref idref="oc-101"/>
      </symbol>
      <symbol id="sm-644">
         <name>_close</name>
         <value>0x11817a40</value>
         <object_component_ref idref="oc-114"/>
      </symbol>
      <symbol id="sm-645">
         <name>_write</name>
         <value>0x11818bc0</value>
         <object_component_ref idref="oc-f0"/>
      </symbol>
      <symbol id="sm-652">
         <name>_ltoa</name>
         <value>0x118182e0</value>
         <object_component_ref idref="oc-10d"/>
      </symbol>
      <symbol id="sm-65f">
         <name>_memccpy</name>
         <value>0x11819020</value>
         <object_component_ref idref="oc-f5"/>
      </symbol>
      <symbol id="sm-66a">
         <name>_memset</name>
         <value>0x11817b20</value>
         <object_component_ref idref="oc-f1"/>
      </symbol>
      <symbol id="sm-674">
         <name>__negll</name>
         <value>0x11819260</value>
         <object_component_ref idref="oc-ff"/>
      </symbol>
      <symbol id="sm-69d">
         <name>_HOSTopen</name>
         <value>0x11817880</value>
         <object_component_ref idref="oc-cb"/>
      </symbol>
      <symbol id="sm-69e">
         <name>_HOSTread</name>
         <value>0x11817ce0</value>
         <object_component_ref idref="oc-cd"/>
      </symbol>
      <symbol id="sm-69f">
         <name>_HOSTrename</name>
         <value>0x11816da0</value>
         <object_component_ref idref="oc-d1"/>
      </symbol>
      <symbol id="sm-6a0">
         <name>_HOSTwrite</name>
         <value>0x11817e60</value>
         <object_component_ref idref="oc-ce"/>
      </symbol>
      <symbol id="sm-6a1">
         <name>_HOSTlseek</name>
         <value>0x11817680</value>
         <object_component_ref idref="oc-cf"/>
      </symbol>
      <symbol id="sm-6a2">
         <name>_HOSTunlink</name>
         <value>0x11817da0</value>
         <object_component_ref idref="oc-d0"/>
      </symbol>
      <symbol id="sm-6a3">
         <name>_HOSTclose</name>
         <value>0x118183a0</value>
         <object_component_ref idref="oc-cc"/>
      </symbol>
      <symbol id="sm-6b3">
         <name>C$$IO$$</name>
         <value>0x118190d8</value>
         <object_component_ref idref="oc-dc"/>
      </symbol>
      <symbol id="sm-6b4">
         <name>__CIOBUF_</name>
         <value>0x1181a600</value>
         <object_component_ref idref="oc-a9"/>
      </symbol>
      <symbol id="sm-6b5">
         <name>_readmsg</name>
         <value>0x11818de0</value>
         <object_component_ref idref="oc-dd"/>
      </symbol>
      <symbol id="sm-6b6">
         <name>_writemsg</name>
         <value>0x11819080</value>
         <object_component_ref idref="oc-dc"/>
      </symbol>
      <symbol id="sm-6c5">
         <name>__wrt_ok</name>
         <value>0x11817780</value>
         <object_component_ref idref="oc-ee"/>
      </symbol>
      <symbol id="sm-6d9">
         <name>__doflush</name>
         <value>0x11818160</value>
         <object_component_ref idref="oc-ef"/>
      </symbol>
      <symbol id="sm-6ea">
         <name>_fseek</name>
         <value>0x11817560</value>
         <object_component_ref idref="oc-f6"/>
      </symbol>
      <symbol id="sm-700">
         <name>_setvbuf</name>
         <value>0x118164c0</value>
         <object_component_ref idref="oc-f7"/>
      </symbol>
      <symbol id="sm-713">
         <name>__cleanup</name>
         <value>0x11818440</value>
         <object_component_ref idref="oc-103"/>
      </symbol>
      <symbol id="sm-725">
         <name>__closefile</name>
         <value>0x11817320</value>
         <object_component_ref idref="oc-10b"/>
      </symbol>
      <symbol id="sm-72f">
         <name>_remove</name>
         <value>0x11819300</value>
         <object_component_ref idref="oc-115"/>
      </symbol>
   </symbol_table>
</link_info>
