<?xml version="1.0"?>
<link_info>
   <banner>TMS320C6x Linker PC v7.4.4</banner>
   <copyright>Copyright (c) 1996-2013 Texas Instruments Incorporated</copyright>
   <link_time>0x583ce057</link_time>
   <output_file>Morse_Code_Decoder.out</output_file>
   <entry_point>
      <name>_c_int00</name>
      <address>0x118191e0</address>
   </entry_point>
   <input_file_list>
      <input_file id="fl-2">
         <path>.\</path>
         <kind>object</kind>
         <file>vectors_intr.obj</file>
         <name>vectors_intr.obj</name>
      </input_file>
      <input_file id="fl-3">
         <path>.\</path>
         <kind>object</kind>
         <file>main.obj</file>
         <name>main.obj</name>
      </input_file>
      <input_file id="fl-4">
         <path>.\</path>
         <kind>object</kind>
         <file>L138_LCDK_aic3106_init.obj</file>
         <name>L138_LCDK_aic3106_init.obj</name>
      </input_file>
      <input_file id="fl-9">
         <path>C:\ti\ccsv5\tools\compiler\c6000_7.4.4\lib\</path>
         <kind>archive</kind>
         <file>rts6740.lib</file>
         <name>boot.obj</name>
      </input_file>
      <input_file id="fl-a">
         <path>C:\ti\ccsv5\tools\compiler\c6000_7.4.4\lib\</path>
         <kind>archive</kind>
         <file>rts6740.lib</file>
         <name>divd.obj</name>
      </input_file>
      <input_file id="fl-b">
         <path>C:\ti\ccsv5\tools\compiler\c6000_7.4.4\lib\</path>
         <kind>archive</kind>
         <file>rts6740.lib</file>
         <name>exit.obj</name>
      </input_file>
      <input_file id="fl-c">
         <path>C:\ti\ccsv5\tools\compiler\c6000_7.4.4\lib\</path>
         <kind>archive</kind>
         <file>rts6740.lib</file>
         <name>frcmpyd_div.obj</name>
      </input_file>
      <input_file id="fl-d">
         <path>C:\ti\ccsv5\tools\compiler\c6000_7.4.4\lib\</path>
         <kind>archive</kind>
         <file>rts6740.lib</file>
         <name>llshift.obj</name>
      </input_file>
      <input_file id="fl-e">
         <path>C:\ti\ccsv5\tools\compiler\c6000_7.4.4\lib\</path>
         <kind>archive</kind>
         <file>rts6740.lib</file>
         <name>memory.obj</name>
      </input_file>
      <input_file id="fl-f">
         <path>C:\ti\ccsv5\tools\compiler\c6000_7.4.4\lib\</path>
         <kind>archive</kind>
         <file>rts6740.lib</file>
         <name>remi.obj</name>
      </input_file>
      <input_file id="fl-10">
         <path>C:\ti\ccsv5\tools\compiler\c6000_7.4.4\lib\</path>
         <kind>archive</kind>
         <file>rts6740.lib</file>
         <name>_lock.obj</name>
      </input_file>
      <input_file id="fl-11">
         <path>C:\ti\ccsv5\tools\compiler\c6000_7.4.4\lib\</path>
         <kind>archive</kind>
         <file>rts6740.lib</file>
         <name>args_main.obj</name>
      </input_file>
      <input_file id="fl-12">
         <path>C:\ti\ccsv5\tools\compiler\c6000_7.4.4\lib\</path>
         <kind>archive</kind>
         <file>rts6740.lib</file>
         <name>autoinit.obj</name>
      </input_file>
      <input_file id="fl-13">
         <path>C:\ti\ccsv5\tools\compiler\c6000_7.4.4\lib\</path>
         <kind>archive</kind>
         <file>rts6740.lib</file>
         <name>cpp_init.obj</name>
      </input_file>
      <input_file id="fl-14">
         <path>C:\ti\ccsv5\tools\compiler\c6000_7.4.4\lib\</path>
         <kind>archive</kind>
         <file>rts6740.lib</file>
         <name>cpy_tbl.obj</name>
      </input_file>
      <input_file id="fl-15">
         <path>C:\ti\ccsv5\tools\compiler\c6000_7.4.4\lib\</path>
         <kind>archive</kind>
         <file>rts6740.lib</file>
         <name>memcpy64.obj</name>
      </input_file>
      <input_file id="fl-16">
         <path>C:\Users\EE113D\MyProjects\OMAP-L138_GEL_BSL_Files\bsl\lib\</path>
         <kind>archive</kind>
         <file>evmomapl138_bsl.lib</file>
         <name>evmomapl138_timer.obj</name>
      </input_file>
      <input_file id="fl-17">
         <path>C:\Users\EE113D\MyProjects\OMAP-L138_GEL_BSL_Files\bsl\lib\</path>
         <kind>archive</kind>
         <file>evmomapl138_bsl.lib</file>
         <name>evmomapl138_gpio.obj</name>
      </input_file>
      <input_file id="fl-18">
         <path>C:\Users\EE113D\MyProjects\OMAP-L138_GEL_BSL_Files\bsl\lib\</path>
         <kind>archive</kind>
         <file>evmomapl138_bsl.lib</file>
         <name>evmomapl138_aic3106.obj</name>
      </input_file>
      <input_file id="fl-19">
         <path>C:\Users\EE113D\MyProjects\OMAP-L138_GEL_BSL_Files\bsl\lib\</path>
         <kind>archive</kind>
         <file>evmomapl138_bsl.lib</file>
         <name>evmomapl138.obj</name>
      </input_file>
      <input_file id="fl-1a">
         <path>C:\Users\EE113D\MyProjects\OMAP-L138_GEL_BSL_Files\bsl\lib\</path>
         <kind>archive</kind>
         <file>evmomapl138_bsl.lib</file>
         <name>evmomapl138_i2c_gpio.obj</name>
      </input_file>
      <input_file id="fl-1b">
         <path>C:\Users\EE113D\MyProjects\OMAP-L138_GEL_BSL_Files\bsl\lib\</path>
         <kind>archive</kind>
         <file>evmomapl138_bsl.lib</file>
         <name>evmomapl138_i2c.obj</name>
      </input_file>
      <input_file id="fl-1c">
         <path>C:\ti\ccsv5\tools\compiler\c6000_7.4.4\lib\</path>
         <kind>archive</kind>
         <file>rts6740.lib</file>
         <name>printf.obj</name>
      </input_file>
      <input_file id="fl-1d">
         <path>C:\ti\ccsv5\tools\compiler\c6000_7.4.4\lib\</path>
         <kind>archive</kind>
         <file>rts6740.lib</file>
         <name>_printfi.obj</name>
      </input_file>
      <input_file id="fl-1e">
         <path>C:\ti\ccsv5\tools\compiler\c6000_7.4.4\lib\</path>
         <kind>archive</kind>
         <file>rts6740.lib</file>
         <name>atoi.obj</name>
      </input_file>
      <input_file id="fl-1f">
         <path>C:\ti\ccsv5\tools\compiler\c6000_7.4.4\lib\</path>
         <kind>archive</kind>
         <file>rts6740.lib</file>
         <name>ctype.obj</name>
      </input_file>
      <input_file id="fl-20">
         <path>C:\ti\ccsv5\tools\compiler\c6000_7.4.4\lib\</path>
         <kind>archive</kind>
         <file>rts6740.lib</file>
         <name>defs.obj</name>
      </input_file>
      <input_file id="fl-21">
         <path>C:\ti\ccsv5\tools\compiler\c6000_7.4.4\lib\</path>
         <kind>archive</kind>
         <file>rts6740.lib</file>
         <name>divu.obj</name>
      </input_file>
      <input_file id="fl-22">
         <path>C:\ti\ccsv5\tools\compiler\c6000_7.4.4\lib\</path>
         <kind>archive</kind>
         <file>rts6740.lib</file>
         <name>fixdli.obj</name>
      </input_file>
      <input_file id="fl-23">
         <path>C:\ti\ccsv5\tools\compiler\c6000_7.4.4\lib\</path>
         <kind>archive</kind>
         <file>rts6740.lib</file>
         <name>fltlid.obj</name>
      </input_file>
      <input_file id="fl-24">
         <path>C:\ti\ccsv5\tools\compiler\c6000_7.4.4\lib\</path>
         <kind>archive</kind>
         <file>rts6740.lib</file>
         <name>fputc.obj</name>
      </input_file>
      <input_file id="fl-25">
         <path>C:\ti\ccsv5\tools\compiler\c6000_7.4.4\lib\</path>
         <kind>archive</kind>
         <file>rts6740.lib</file>
         <name>fputs.obj</name>
      </input_file>
      <input_file id="fl-26">
         <path>C:\ti\ccsv5\tools\compiler\c6000_7.4.4\lib\</path>
         <kind>archive</kind>
         <file>rts6740.lib</file>
         <name>imath40.obj</name>
      </input_file>
      <input_file id="fl-27">
         <path>C:\ti\ccsv5\tools\compiler\c6000_7.4.4\lib\</path>
         <kind>archive</kind>
         <file>rts6740.lib</file>
         <name>imath64.obj</name>
      </input_file>
      <input_file id="fl-28">
         <path>C:\ti\ccsv5\tools\compiler\c6000_7.4.4\lib\</path>
         <kind>archive</kind>
         <file>rts6740.lib</file>
         <name>isinf.obj</name>
      </input_file>
      <input_file id="fl-29">
         <path>C:\ti\ccsv5\tools\compiler\c6000_7.4.4\lib\</path>
         <kind>archive</kind>
         <file>rts6740.lib</file>
         <name>lowlev.obj</name>
      </input_file>
      <input_file id="fl-2a">
         <path>C:\ti\ccsv5\tools\compiler\c6000_7.4.4\lib\</path>
         <kind>archive</kind>
         <file>rts6740.lib</file>
         <name>ltoa.obj</name>
      </input_file>
      <input_file id="fl-2b">
         <path>C:\ti\ccsv5\tools\compiler\c6000_7.4.4\lib\</path>
         <kind>archive</kind>
         <file>rts6740.lib</file>
         <name>memccpy.obj</name>
      </input_file>
      <input_file id="fl-2c">
         <path>C:\ti\ccsv5\tools\compiler\c6000_7.4.4\lib\</path>
         <kind>archive</kind>
         <file>rts6740.lib</file>
         <name>memset.obj</name>
      </input_file>
      <input_file id="fl-2d">
         <path>C:\ti\ccsv5\tools\compiler\c6000_7.4.4\lib\</path>
         <kind>archive</kind>
         <file>rts6740.lib</file>
         <name>negll.obj</name>
      </input_file>
      <input_file id="fl-2e">
         <path>C:\ti\ccsv5\tools\compiler\c6000_7.4.4\lib\</path>
         <kind>archive</kind>
         <file>rts6740.lib</file>
         <name>trgdrv.obj</name>
      </input_file>
      <input_file id="fl-2f">
         <path>C:\ti\ccsv5\tools\compiler\c6000_7.4.4\lib\</path>
         <kind>archive</kind>
         <file>rts6740.lib</file>
         <name>trgmsg.obj</name>
      </input_file>
      <input_file id="fl-30">
         <path>C:\ti\ccsv5\tools\compiler\c6000_7.4.4\lib\</path>
         <kind>archive</kind>
         <file>rts6740.lib</file>
         <name>_io_perm.obj</name>
      </input_file>
      <input_file id="fl-31">
         <path>C:\ti\ccsv5\tools\compiler\c6000_7.4.4\lib\</path>
         <kind>archive</kind>
         <file>rts6740.lib</file>
         <name>abs.obj</name>
      </input_file>
      <input_file id="fl-32">
         <path>C:\ti\ccsv5\tools\compiler\c6000_7.4.4\lib\</path>
         <kind>archive</kind>
         <file>rts6740.lib</file>
         <name>fflush.obj</name>
      </input_file>
      <input_file id="fl-33">
         <path>C:\ti\ccsv5\tools\compiler\c6000_7.4.4\lib\</path>
         <kind>archive</kind>
         <file>rts6740.lib</file>
         <name>fseek.obj</name>
      </input_file>
      <input_file id="fl-34">
         <path>C:\ti\ccsv5\tools\compiler\c6000_7.4.4\lib\</path>
         <kind>archive</kind>
         <file>rts6740.lib</file>
         <name>setvbuf.obj</name>
      </input_file>
      <input_file id="fl-35">
         <path>C:\ti\ccsv5\tools\compiler\c6000_7.4.4\lib\</path>
         <kind>archive</kind>
         <file>rts6740.lib</file>
         <name>fopen.obj</name>
      </input_file>
      <input_file id="fl-36">
         <path>C:\ti\ccsv5\tools\compiler\c6000_7.4.4\lib\</path>
         <kind>archive</kind>
         <file>rts6740.lib</file>
         <name>fclose.obj</name>
      </input_file>
      <input_file id="fl-37">
         <path>C:\ti\ccsv5\tools\compiler\c6000_7.4.4\lib\</path>
         <kind>archive</kind>
         <file>rts6740.lib</file>
         <name>remove.obj</name>
      </input_file>
   </input_file_list>
   <object_component_list>
      <object_component id="oc-cc">
         <name>.text</name>
         <load_address>0x11810000</load_address>
         <run_address>0x11810000</run_address>
         <size>0x16e0</size>
         <input_file_ref idref="fl-4"/>
      </object_component>
      <object_component id="oc-e0">
         <name>.text</name>
         <load_address>0x118116e0</load_address>
         <run_address>0x118116e0</run_address>
         <size>0xc20</size>
         <input_file_ref idref="fl-19"/>
      </object_component>
      <object_component id="oc-cd">
         <name>.text:__divd</name>
         <load_address>0x11812300</load_address>
         <run_address>0x11812300</run_address>
         <size>0x5a0</size>
         <input_file_ref idref="fl-a"/>
      </object_component>
      <object_component id="oc-105">
         <name>.text:__getarg_diouxp</name>
         <load_address>0x118128a0</load_address>
         <run_address>0x118128a0</run_address>
         <size>0x580</size>
         <input_file_ref idref="fl-1d"/>
      </object_component>
      <object_component id="oc-eb">
         <name>.text</name>
         <load_address>0x11812e20</load_address>
         <run_address>0x11812e20</run_address>
         <size>0x4e0</size>
         <input_file_ref idref="fl-1a"/>
      </object_component>
      <object_component id="oc-18">
         <name>.text:retain</name>
         <load_address>0x11813300</load_address>
         <run_address>0x11813300</run_address>
         <size>0x460</size>
         <input_file_ref idref="fl-3"/>
      </object_component>
      <object_component id="oc-ed">
         <name>.text:__printfi</name>
         <load_address>0x11813760</load_address>
         <run_address>0x11813760</run_address>
         <size>0x440</size>
         <input_file_ref idref="fl-1d"/>
      </object_component>
      <object_component id="oc-f2">
         <name>.text:__setfield</name>
         <load_address>0x11813ba0</load_address>
         <run_address>0x11813ba0</run_address>
         <size>0x440</size>
         <input_file_ref idref="fl-1d"/>
      </object_component>
      <object_component id="oc-ef">
         <name>.text:_fputs</name>
         <load_address>0x11813fe0</load_address>
         <run_address>0x11813fe0</run_address>
         <size>0x3a0</size>
         <input_file_ref idref="fl-25"/>
      </object_component>
      <object_component id="oc-dd">
         <name>.text</name>
         <load_address>0x11814380</load_address>
         <run_address>0x11814380</run_address>
         <size>0x380</size>
         <input_file_ref idref="fl-17"/>
      </object_component>
      <object_component id="oc-e5">
         <name>.text</name>
         <load_address>0x11814700</load_address>
         <run_address>0x11814700</run_address>
         <size>0x380</size>
         <input_file_ref idref="fl-1b"/>
      </object_component>
      <object_component id="oc-fa">
         <name>.text:__pproc_fge</name>
         <load_address>0x11814a80</load_address>
         <run_address>0x11814a80</run_address>
         <size>0x320</size>
         <input_file_ref idref="fl-1d"/>
      </object_component>
      <object_component id="oc-ce">
         <name>.text</name>
         <load_address>0x11814da0</load_address>
         <run_address>0x11814da0</run_address>
         <size>0x320</size>
         <input_file_ref idref="fl-3"/>
      </object_component>
      <object_component id="oc-f1">
         <name>.text:__pproc_fwp</name>
         <load_address>0x118150c0</load_address>
         <run_address>0x118150c0</run_address>
         <size>0x2c0</size>
         <input_file_ref idref="fl-1d"/>
      </object_component>
      <object_component id="oc-10b">
         <name>.text:_ecvt</name>
         <load_address>0x11815380</load_address>
         <run_address>0x11815380</run_address>
         <size>0x2a0</size>
         <input_file_ref idref="fl-1d"/>
      </object_component>
      <object_component id="oc-10e">
         <name>.text:_fcvt</name>
         <load_address>0x11815620</load_address>
         <run_address>0x11815620</run_address>
         <size>0x2a0</size>
         <input_file_ref idref="fl-1d"/>
      </object_component>
      <object_component id="oc-109">
         <name>.text:_free</name>
         <load_address>0x118158c0</load_address>
         <run_address>0x118158c0</run_address>
         <size>0x280</size>
         <input_file_ref idref="fl-e"/>
      </object_component>
      <object_component id="oc-117">
         <name>.text:__divull</name>
         <load_address>0x11815b40</load_address>
         <run_address>0x11815b40</run_address>
         <size>0x260</size>
         <input_file_ref idref="fl-27"/>
      </object_component>
      <object_component id="oc-104">
         <name>.text:__pconv_e</name>
         <load_address>0x11815da0</load_address>
         <run_address>0x11815da0</run_address>
         <size>0x260</size>
         <input_file_ref idref="fl-1d"/>
      </object_component>
      <object_component id="oc-fb">
         <name>.text:__pproc_diouxp</name>
         <load_address>0x11816000</load_address>
         <run_address>0x11816000</run_address>
         <size>0x240</size>
         <input_file_ref idref="fl-1d"/>
      </object_component>
      <object_component id="oc-f3">
         <name>.text:__pproc_str</name>
         <load_address>0x11816240</load_address>
         <run_address>0x11816240</run_address>
         <size>0x220</size>
         <input_file_ref idref="fl-1d"/>
      </object_component>
      <object_component id="oc-f4">
         <name>.text:_fputc</name>
         <load_address>0x11816460</load_address>
         <run_address>0x11816460</run_address>
         <size>0x220</size>
         <input_file_ref idref="fl-24"/>
      </object_component>
      <object_component id="oc-102">
         <name>.text:__pconv_g</name>
         <load_address>0x11816680</load_address>
         <run_address>0x11816680</run_address>
         <size>0x200</size>
         <input_file_ref idref="fl-1d"/>
      </object_component>
      <object_component id="oc-fe">
         <name>.text:_setvbuf</name>
         <load_address>0x11816880</load_address>
         <run_address>0x11816880</run_address>
         <size>0x200</size>
         <input_file_ref idref="fl-34"/>
      </object_component>
      <object_component id="oc-df">
         <name>.text</name>
         <load_address>0x11816a80</load_address>
         <run_address>0x11816a80</run_address>
         <size>0x1e0</size>
         <input_file_ref idref="fl-16"/>
      </object_component>
      <object_component id="oc-10d">
         <name>.text:__mcpy</name>
         <load_address>0x11816c60</load_address>
         <run_address>0x11816c60</run_address>
         <size>0x1c0</size>
         <input_file_ref idref="fl-1d"/>
      </object_component>
      <object_component id="oc-116">
         <name>.text:__divul</name>
         <load_address>0x11816e20</load_address>
         <run_address>0x11816e20</run_address>
         <size>0x1a0</size>
         <input_file_ref idref="fl-26"/>
      </object_component>
      <object_component id="oc-dc">
         <name>.text</name>
         <load_address>0x11816fc0</load_address>
         <run_address>0x11816fc0</run_address>
         <size>0x1a0</size>
         <input_file_ref idref="fl-18"/>
      </object_component>
      <object_component id="oc-d7">
         <name>.text:_HOSTrename</name>
         <load_address>0x11817160</load_address>
         <run_address>0x11817160</run_address>
         <size>0x180</size>
         <input_file_ref idref="fl-2e"/>
      </object_component>
      <object_component id="oc-de">
         <name>.text:_malloc</name>
         <load_address>0x118172e0</load_address>
         <run_address>0x118172e0</run_address>
         <size>0x180</size>
         <input_file_ref idref="fl-e"/>
      </object_component>
      <object_component id="oc-f0">
         <name>.text:__pproc_fflags</name>
         <load_address>0x11817460</load_address>
         <run_address>0x11817460</run_address>
         <size>0x140</size>
         <input_file_ref idref="fl-1d"/>
      </object_component>
      <object_component id="oc-11f">
         <name>.text:_getdevice</name>
         <load_address>0x118175a0</load_address>
         <run_address>0x118175a0</run_address>
         <size>0x140</size>
         <input_file_ref idref="fl-29"/>
      </object_component>
      <object_component id="oc-111">
         <name>.text:__closefile</name>
         <load_address>0x118176e0</load_address>
         <run_address>0x118176e0</run_address>
         <size>0x120</size>
         <input_file_ref idref="fl-36"/>
      </object_component>
      <object_component id="oc-107">
         <name>.text:__ltostr</name>
         <load_address>0x11817800</load_address>
         <run_address>0x11817800</run_address>
         <size>0x120</size>
         <input_file_ref idref="fl-1d"/>
      </object_component>
      <object_component id="oc-fd">
         <name>.text:_fseek</name>
         <load_address>0x11817920</load_address>
         <run_address>0x11817920</run_address>
         <size>0x120</size>
         <input_file_ref idref="fl-33"/>
      </object_component>
      <object_component id="oc-d5">
         <name>.text:_HOSTlseek</name>
         <load_address>0x11817a40</load_address>
         <run_address>0x11817a40</run_address>
         <size>0x100</size>
         <input_file_ref idref="fl-2e"/>
      </object_component>
      <object_component id="oc-f5">
         <name>.text:__wrt_ok</name>
         <load_address>0x11817b40</load_address>
         <run_address>0x11817b40</run_address>
         <size>0x100</size>
         <input_file_ref idref="fl-30"/>
      </object_component>
      <object_component id="oc-d1">
         <name>.text:_HOSTopen</name>
         <load_address>0x11817c40</load_address>
         <run_address>0x11817c40</run_address>
         <size>0xe0</size>
         <input_file_ref idref="fl-2e"/>
      </object_component>
      <object_component id="oc-f9">
         <name>.text:_atoi</name>
         <load_address>0x11817d20</load_address>
         <run_address>0x11817d20</run_address>
         <size>0xe0</size>
         <input_file_ref idref="fl-1e"/>
      </object_component>
      <object_component id="oc-118">
         <name>.text:_close</name>
         <load_address>0x11817e00</load_address>
         <run_address>0x11817e00</run_address>
         <size>0xe0</size>
         <input_file_ref idref="fl-29"/>
      </object_component>
      <object_component id="oc-f8">
         <name>.text:_memset</name>
         <load_address>0x11817ee0</load_address>
         <run_address>0x11817ee0</run_address>
         <size>0xe0</size>
         <input_file_ref idref="fl-2c"/>
      </object_component>
      <object_component id="oc-ea">
         <name>.text:_printf</name>
         <load_address>0x11817fc0</load_address>
         <run_address>0x11817fc0</run_address>
         <size>0xe0</size>
         <input_file_ref idref="fl-1c"/>
      </object_component>
      <object_component id="oc-d3">
         <name>.text:_HOSTread</name>
         <load_address>0x118180a0</load_address>
         <run_address>0x118180a0</run_address>
         <size>0xc0</size>
         <input_file_ref idref="fl-2e"/>
      </object_component>
      <object_component id="oc-d6">
         <name>.text:_HOSTunlink</name>
         <load_address>0x11818160</load_address>
         <run_address>0x11818160</run_address>
         <size>0xc0</size>
         <input_file_ref idref="fl-2e"/>
      </object_component>
      <object_component id="oc-d4">
         <name>.text:_HOSTwrite</name>
         <load_address>0x11818220</load_address>
         <run_address>0x11818220</run_address>
         <size>0xc0</size>
         <input_file_ref idref="fl-2e"/>
      </object_component>
      <object_component id="oc-c9">
         <name>.text:__auto_init</name>
         <load_address>0x118182e0</load_address>
         <run_address>0x118182e0</run_address>
         <size>0xc0</size>
         <input_file_ref idref="fl-12"/>
      </object_component>
      <object_component id="oc-110">
         <name>.text:__div</name>
         <load_address>0x118183a0</load_address>
         <run_address>0x118183a0</run_address>
         <size>0xc0</size>
         <input_file_ref idref="fl-1d"/>
      </object_component>
      <object_component id="oc-115">
         <name>.text:__divu</name>
         <load_address>0x11818460</load_address>
         <run_address>0x11818460</run_address>
         <size>0xc0</size>
         <input_file_ref idref="fl-21"/>
      </object_component>
      <object_component id="oc-f6">
         <name>.text:__doflush</name>
         <load_address>0x11818520</load_address>
         <run_address>0x11818520</run_address>
         <size>0xc0</size>
         <input_file_ref idref="fl-32"/>
      </object_component>
      <object_component id="oc-cf">
         <name>.text:__remi</name>
         <load_address>0x118185e0</load_address>
         <run_address>0x118185e0</run_address>
         <size>0xc0</size>
         <input_file_ref idref="fl-f"/>
      </object_component>
      <object_component id="oc-cb">
         <name>.text:_exit</name>
         <load_address>0x118186a0</load_address>
         <run_address>0x118186a0</run_address>
         <size>0xc0</size>
         <input_file_ref idref="fl-b"/>
      </object_component>
      <object_component id="oc-113">
         <name>.text:_ltoa</name>
         <load_address>0x11818760</load_address>
         <run_address>0x11818760</run_address>
         <size>0xc0</size>
         <input_file_ref idref="fl-2a"/>
      </object_component>
      <object_component id="oc-d2">
         <name>.text:_HOSTclose</name>
         <load_address>0x11818820</load_address>
         <run_address>0x11818820</run_address>
         <size>0xa0</size>
         <input_file_ref idref="fl-2e"/>
      </object_component>
      <object_component id="oc-10a">
         <name>.text:__cleanup</name>
         <load_address>0x118188c0</load_address>
         <run_address>0x118188c0</run_address>
         <size>0xa0</size>
         <input_file_ref idref="fl-35"/>
      </object_component>
      <object_component id="oc-11b">
         <name>.text:__divli</name>
         <load_address>0x11818960</load_address>
         <run_address>0x11818960</run_address>
         <size>0xa0</size>
         <input_file_ref idref="fl-26"/>
      </object_component>
      <object_component id="oc-10c">
         <name>.text:__ecpy</name>
         <load_address>0x11818a00</load_address>
         <run_address>0x11818a00</run_address>
         <size>0xa0</size>
         <input_file_ref idref="fl-1d"/>
      </object_component>
      <object_component id="oc-10f">
         <name>.text:__fcpy</name>
         <load_address>0x11818aa0</load_address>
         <run_address>0x11818aa0</run_address>
         <size>0xa0</size>
         <input_file_ref idref="fl-1d"/>
      </object_component>
      <object_component id="oc-112">
         <name>.text:__fixdli</name>
         <load_address>0x11818b40</load_address>
         <run_address>0x11818b40</run_address>
         <size>0xa0</size>
         <input_file_ref idref="fl-22"/>
      </object_component>
      <object_component id="oc-103">
         <name>.text:__pconv_f</name>
         <load_address>0x11818be0</load_address>
         <run_address>0x11818be0</run_address>
         <size>0xa0</size>
         <input_file_ref idref="fl-1d"/>
      </object_component>
      <object_component id="oc-d8">
         <name>.text:_copy_in</name>
         <load_address>0x11818c80</load_address>
         <run_address>0x11818c80</run_address>
         <size>0xa0</size>
         <input_file_ref idref="fl-14"/>
      </object_component>
      <object_component id="oc-120">
         <name>.text:_finddevice</name>
         <load_address>0x11818d20</load_address>
         <run_address>0x11818d20</run_address>
         <size>0xa0</size>
         <input_file_ref idref="fl-29"/>
      </object_component>
      <object_component id="oc-108">
         <name>.text:_lseek</name>
         <load_address>0x11818dc0</load_address>
         <run_address>0x11818dc0</run_address>
         <size>0xa0</size>
         <input_file_ref idref="fl-29"/>
      </object_component>
      <object_component id="oc-d9">
         <name>.text:_memcpy</name>
         <load_address>0x11818e60</load_address>
         <run_address>0x11818e60</run_address>
         <size>0xa0</size>
         <input_file_ref idref="fl-15"/>
      </object_component>
      <object_component id="oc-e9">
         <name>.text:_minsert</name>
         <load_address>0x11818f00</load_address>
         <run_address>0x11818f00</run_address>
         <size>0xa0</size>
         <input_file_ref idref="fl-e"/>
      </object_component>
      <object_component id="oc-e8">
         <name>.text:_mremove</name>
         <load_address>0x11818fa0</load_address>
         <run_address>0x11818fa0</run_address>
         <size>0xa0</size>
         <input_file_ref idref="fl-e"/>
      </object_component>
      <object_component id="oc-f7">
         <name>.text:_write</name>
         <load_address>0x11819040</load_address>
         <run_address>0x11819040</run_address>
         <size>0xa0</size>
         <input_file_ref idref="fl-29"/>
      </object_component>
      <object_component id="oc-114">
         <name>.text:__fltlid</name>
         <load_address>0x118190e0</load_address>
         <run_address>0x118190e0</run_address>
         <size>0x80</size>
         <input_file_ref idref="fl-23"/>
      </object_component>
      <object_component id="oc-11c">
         <name>.text:__llshl</name>
         <load_address>0x11819160</load_address>
         <run_address>0x11819160</run_address>
         <size>0x80</size>
         <input_file_ref idref="fl-d"/>
      </object_component>
      <object_component id="oc-e">
         <name>.text:_c_int00</name>
         <load_address>0x118191e0</load_address>
         <run_address>0x118191e0</run_address>
         <size>0x80</size>
         <input_file_ref idref="fl-9"/>
      </object_component>
      <object_component id="oc-e4">
         <name>.text:_readmsg</name>
         <load_address>0x11819260</load_address>
         <run_address>0x11819260</run_address>
         <size>0x80</size>
         <input_file_ref idref="fl-2f"/>
      </object_component>
      <object_component id="oc-11e">
         <name>.text:_unlink</name>
         <load_address>0x118192e0</load_address>
         <run_address>0x118192e0</run_address>
         <size>0x80</size>
         <input_file_ref idref="fl-29"/>
      </object_component>
      <object_component id="oc-da">
         <name>.text:___TI_cpp_init</name>
         <load_address>0x11819360</load_address>
         <run_address>0x11819360</run_address>
         <size>0x60</size>
         <input_file_ref idref="fl-13"/>
      </object_component>
      <object_component id="oc-11d">
         <name>.text:__subcull</name>
         <load_address>0x118193c0</load_address>
         <run_address>0x118193c0</run_address>
         <size>0x60</size>
         <input_file_ref idref="fl-27"/>
      </object_component>
      <object_component id="oc-fc">
         <name>.text:_memccpy</name>
         <load_address>0x11819420</load_address>
         <run_address>0x11819420</run_address>
         <size>0x60</size>
         <input_file_ref idref="fl-2b"/>
      </object_component>
      <object_component id="oc-e3">
         <name>.text:_writemsg</name>
         <load_address>0x11819480</load_address>
         <run_address>0x11819480</run_address>
         <size>0x60</size>
         <input_file_ref idref="fl-2f"/>
      </object_component>
      <object_component id="oc-101">
         <name>.text:___isinf</name>
         <load_address>0x118194e0</load_address>
         <run_address>0x118194e0</run_address>
         <size>0x40</size>
         <input_file_ref idref="fl-28"/>
      </object_component>
      <object_component id="oc-100">
         <name>.text:___isnan</name>
         <load_address>0x11819520</load_address>
         <run_address>0x11819520</run_address>
         <size>0x40</size>
         <input_file_ref idref="fl-1d"/>
      </object_component>
      <object_component id="oc-ca">
         <name>.text:__args_main</name>
         <load_address>0x11819560</load_address>
         <run_address>0x11819560</run_address>
         <size>0x40</size>
         <input_file_ref idref="fl-11"/>
      </object_component>
      <object_component id="oc-e2">
         <name>.text:__frcmpyd_div</name>
         <load_address>0x118195a0</load_address>
         <run_address>0x118195a0</run_address>
         <size>0x40</size>
         <input_file_ref idref="fl-c"/>
      </object_component>
      <object_component id="oc-e1">
         <name>.text:__llshru</name>
         <load_address>0x118195e0</load_address>
         <run_address>0x118195e0</run_address>
         <size>0x40</size>
         <input_file_ref idref="fl-d"/>
      </object_component>
      <object_component id="oc-11a">
         <name>.text:__remli</name>
         <load_address>0x11819620</load_address>
         <run_address>0x11819620</run_address>
         <size>0x40</size>
         <input_file_ref idref="fl-26"/>
      </object_component>
      <object_component id="oc-106">
         <name>.text:__negll</name>
         <load_address>0x11819660</load_address>
         <run_address>0x11819660</run_address>
         <size>0x20</size>
         <input_file_ref idref="fl-2d"/>
      </object_component>
      <object_component id="oc-d0">
         <name>.text:__nop</name>
         <load_address>0x11819680</load_address>
         <run_address>0x11819680</run_address>
         <size>0x20</size>
         <input_file_ref idref="fl-10"/>
      </object_component>
      <object_component id="oc-ee">
         <name>.text:__outc</name>
         <load_address>0x118196a0</load_address>
         <run_address>0x118196a0</run_address>
         <size>0x20</size>
         <input_file_ref idref="fl-1c"/>
      </object_component>
      <object_component id="oc-ec">
         <name>.text:__outs</name>
         <load_address>0x118196c0</load_address>
         <run_address>0x118196c0</run_address>
         <size>0x20</size>
         <input_file_ref idref="fl-1c"/>
      </object_component>
      <object_component id="oc-db">
         <name>.text:_abort</name>
         <load_address>0x118196e0</load_address>
         <run_address>0x118196e0</run_address>
         <size>0x20</size>
         <input_file_ref idref="fl-b"/>
      </object_component>
      <object_component id="oc-119">
         <name>.text:_remove</name>
         <load_address>0x11819700</load_address>
         <run_address>0x11819700</run_address>
         <size>0x20</size>
         <input_file_ref idref="fl-37"/>
      </object_component>
      <object_component id="oc-f">
         <name>.text</name>
         <load_address>0x11819720</load_address>
         <run_address>0x11819720</run_address>
         <size>0x20</size>
         <input_file_ref idref="fl-2"/>
      </object_component>
      <object_component id="oc-ff">
         <name>.const:.string:__ctypes_</name>
         <load_address>0x1181ade0</load_address>
         <run_address>0x1181ade0</run_address>
         <size>0x101</size>
         <input_file_ref idref="fl-1f"/>
      </object_component>
      <object_component id="oc-8a">
         <name>.const:.string</name>
         <load_address>0x1181aee1</load_address>
         <run_address>0x1181aee1</run_address>
         <size>0x2</size>
         <input_file_ref idref="fl-25"/>
      </object_component>
      <object_component id="oc-e7">
         <name>.const:_bitval_u32</name>
         <load_address>0x1181aee8</load_address>
         <run_address>0x1181aee8</run_address>
         <size>0x80</size>
         <input_file_ref idref="fl-19"/>
      </object_component>
      <object_component id="oc-60">
         <name>.const:.string</name>
         <load_address>0x1181af68</load_address>
         <run_address>0x1181af68</run_address>
         <size>0x40</size>
         <input_file_ref idref="fl-19"/>
      </object_component>
      <object_component id="oc-19">
         <name>.const:.string</name>
         <load_address>0x1181afa8</load_address>
         <run_address>0x1181afa8</run_address>
         <size>0x24</size>
         <input_file_ref idref="fl-3"/>
      </object_component>
      <object_component id="oc-71">
         <name>.const:.string</name>
         <load_address>0x1181afcc</load_address>
         <run_address>0x1181afcc</run_address>
         <size>0x23</size>
         <input_file_ref idref="fl-1d"/>
      </object_component>
      <object_component id="oc-14">
         <name>.bss</name>
         <uninitialized>true</uninitialized>
         <run_address>0x1181b320</run_address>
         <size>0x48</size>
         <input_file_ref idref="fl-3"/>
      </object_component>
      <object_component id="oc-1d">
         <name>.bss</name>
         <uninitialized>true</uninitialized>
         <run_address>0x1181b368</run_address>
         <size>0x1c</size>
         <input_file_ref idref="fl-4"/>
      </object_component>
      <object_component id="oc-68">
         <name>.bss</name>
         <uninitialized>true</uninitialized>
         <run_address>0x1181b384</run_address>
         <size>0x4</size>
         <input_file_ref idref="fl-1b"/>
      </object_component>
      <object_component id="oc-17">
         <name>.far</name>
         <uninitialized>true</uninitialized>
         <run_address>0x11819740</run_address>
         <size>0x7c8</size>
         <input_file_ref idref="fl-3"/>
      </object_component>
      <object_component id="oc-20">
         <name>.far</name>
         <uninitialized>true</uninitialized>
         <run_address>0x1181a358</run_address>
         <size>0x8</size>
         <input_file_ref idref="fl-4"/>
      </object_component>
      <object_component id="oc-2d">
         <name>.far</name>
         <uninitialized>true</uninitialized>
         <run_address>0x1181a34c</run_address>
         <size>0xc</size>
         <input_file_ref idref="fl-b"/>
      </object_component>
      <object_component id="oc-38">
         <name>.far</name>
         <uninitialized>true</uninitialized>
         <run_address>0x1181a368</run_address>
         <size>0x8</size>
         <input_file_ref idref="fl-e"/>
      </object_component>
      <object_component id="oc-41">
         <name>.far</name>
         <uninitialized>true</uninitialized>
         <run_address>0x1181a360</run_address>
         <size>0x8</size>
         <input_file_ref idref="fl-10"/>
      </object_component>
      <object_component id="oc-7b">
         <name>.far</name>
         <uninitialized>true</uninitialized>
         <run_address>0x11819f08</run_address>
         <size>0x324</size>
         <input_file_ref idref="fl-20"/>
      </object_component>
      <object_component id="oc-98">
         <name>.far</name>
         <uninitialized>true</uninitialized>
         <run_address>0x1181a230</run_address>
         <size>0x11c</size>
         <input_file_ref idref="fl-29"/>
      </object_component>
      <object_component id="oc-a8">
         <name>.far</name>
         <uninitialized>true</uninitialized>
         <run_address>0x1181a370</run_address>
         <size>0x8</size>
         <input_file_ref idref="fl-2e"/>
      </object_component>
      <object_component id="oc-c0">
         <name>.far</name>
         <uninitialized>true</uninitialized>
         <run_address>0x1181a22c</run_address>
         <size>0x4</size>
         <input_file_ref idref="fl-35"/>
      </object_component>
      <object_component id="oc-e6">
         <name>.switch:_getRegisterBankAndBit</name>
         <load_address>0x1181b388</load_address>
         <run_address>0x1181b388</run_address>
         <size>0x24</size>
         <input_file_ref idref="fl-17"/>
      </object_component>
      <object_component id="oc-25">
         <name>.stack</name>
         <uninitialized>true</uninitialized>
         <run_address>0x1181a378</run_address>
         <size>0x8</size>
         <input_file_ref idref="fl-9"/>
      </object_component>
      <object_component id="oc-136">
         <name>.stack</name>
         <uninitialized>true</uninitialized>
         <run_address>0x1181a378</run_address>
         <size>0x0</size>
      </object_component>
      <object_component id="oc-16">
         <name>.cinit</name>
         <load_address>0x1181ab78</load_address>
         <run_address>0x1181ab78</run_address>
         <size>0xdc</size>
         <input_file_ref idref="fl-3"/>
      </object_component>
      <object_component id="oc-7a">
         <name>.cinit</name>
         <load_address>0x1181ac58</load_address>
         <run_address>0x1181ac58</run_address>
         <size>0x5c</size>
         <input_file_ref idref="fl-20"/>
      </object_component>
      <object_component id="oc-97">
         <name>.cinit</name>
         <load_address>0x1181acb8</load_address>
         <run_address>0x1181acb8</run_address>
         <size>0x5c</size>
         <input_file_ref idref="fl-29"/>
      </object_component>
      <object_component id="oc-1f">
         <name>.cinit</name>
         <load_address>0x1181ad18</load_address>
         <run_address>0x1181ad18</run_address>
         <size>0x2c</size>
         <input_file_ref idref="fl-4"/>
      </object_component>
      <object_component id="oc-2c">
         <name>.cinit</name>
         <load_address>0x1181ad48</load_address>
         <run_address>0x1181ad48</run_address>
         <size>0x2c</size>
         <input_file_ref idref="fl-b"/>
      </object_component>
      <object_component id="oc-37">
         <name>.cinit</name>
         <load_address>0x1181ad78</load_address>
         <run_address>0x1181ad78</run_address>
         <size>0x2c</size>
         <input_file_ref idref="fl-e"/>
      </object_component>
      <object_component id="oc-40">
         <name>.cinit</name>
         <load_address>0x1181ada8</load_address>
         <run_address>0x1181ada8</run_address>
         <size>0x1c</size>
         <input_file_ref idref="fl-10"/>
      </object_component>
      <object_component id="oc-bf">
         <name>.cinit</name>
         <load_address>0x1181adc8</load_address>
         <run_address>0x1181adc8</run_address>
         <size>0xc</size>
         <input_file_ref idref="fl-35"/>
      </object_component>
      <object_component id="oc-39">
         <name>.sysmem</name>
         <uninitialized>true</uninitialized>
         <run_address>0x11800000</run_address>
         <size>0x8</size>
         <input_file_ref idref="fl-e"/>
      </object_component>
      <object_component id="oc-137">
         <name>.sysmem</name>
         <uninitialized>true</uninitialized>
         <run_address>0x11800000</run_address>
         <size>0x0</size>
      </object_component>
      <object_component id="oc-ac">
         <name>.cio</name>
         <uninitialized>true</uninitialized>
         <run_address>0x1181b200</run_address>
         <size>0x120</size>
         <input_file_ref idref="fl-2f"/>
      </object_component>
      <object_component id="oc-10">
         <name>.vecs</name>
         <load_address>0x1181b000</load_address>
         <run_address>0x1181b000</run_address>
         <size>0x200</size>
         <input_file_ref idref="fl-2"/>
      </object_component>
      <object_component id="oc-11">
         <name>.debug_info</name>
         <load_address>0x0</load_address>
         <run_address>0x0</run_address>
         <size>0x126</size>
         <input_file_ref idref="fl-2"/>
      </object_component>
      <object_component id="oc-15">
         <name>.debug_info</name>
         <load_address>0x126</load_address>
         <run_address>0x126</run_address>
         <size>0xcf2</size>
         <input_file_ref idref="fl-3"/>
      </object_component>
      <object_component id="oc-1e">
         <name>.debug_info</name>
         <load_address>0xe18</load_address>
         <run_address>0xe18</run_address>
         <size>0x3e14</size>
         <input_file_ref idref="fl-4"/>
      </object_component>
      <object_component id="oc-24">
         <name>.debug_info</name>
         <load_address>0x4c2c</load_address>
         <run_address>0x4c2c</run_address>
         <size>0x6f2</size>
         <input_file_ref idref="fl-9"/>
      </object_component>
      <object_component id="oc-28">
         <name>.debug_info</name>
         <load_address>0x531e</load_address>
         <run_address>0x531e</run_address>
         <size>0x96a</size>
         <input_file_ref idref="fl-a"/>
      </object_component>
      <object_component id="oc-2b">
         <name>.debug_info</name>
         <load_address>0x5c88</load_address>
         <run_address>0x5c88</run_address>
         <size>0x7bf</size>
         <input_file_ref idref="fl-b"/>
      </object_component>
      <object_component id="oc-30">
         <name>.debug_info</name>
         <load_address>0x6447</load_address>
         <run_address>0x6447</run_address>
         <size>0x653</size>
         <input_file_ref idref="fl-c"/>
      </object_component>
      <object_component id="oc-33">
         <name>.debug_info</name>
         <load_address>0x6a9a</load_address>
         <run_address>0x6a9a</run_address>
         <size>0x6e8</size>
         <input_file_ref idref="fl-d"/>
      </object_component>
      <object_component id="oc-36">
         <name>.debug_info</name>
         <load_address>0x7182</load_address>
         <run_address>0x7182</run_address>
         <size>0xabf</size>
         <input_file_ref idref="fl-e"/>
      </object_component>
      <object_component id="oc-3c">
         <name>.debug_info</name>
         <load_address>0x7c41</load_address>
         <run_address>0x7c41</run_address>
         <size>0xbd</size>
         <input_file_ref idref="fl-f"/>
      </object_component>
      <object_component id="oc-3f">
         <name>.debug_info</name>
         <load_address>0x7cfe</load_address>
         <run_address>0x7cfe</run_address>
         <size>0x633</size>
         <input_file_ref idref="fl-10"/>
      </object_component>
      <object_component id="oc-44">
         <name>.debug_info</name>
         <load_address>0x8331</load_address>
         <run_address>0x8331</run_address>
         <size>0x6c8</size>
         <input_file_ref idref="fl-11"/>
      </object_component>
      <object_component id="oc-47">
         <name>.debug_info</name>
         <load_address>0x89f9</load_address>
         <run_address>0x89f9</run_address>
         <size>0x83e</size>
         <input_file_ref idref="fl-12"/>
      </object_component>
      <object_component id="oc-4a">
         <name>.debug_info</name>
         <load_address>0x9237</load_address>
         <run_address>0x9237</run_address>
         <size>0x6b6</size>
         <input_file_ref idref="fl-13"/>
      </object_component>
      <object_component id="oc-4d">
         <name>.debug_info</name>
         <load_address>0x98ed</load_address>
         <run_address>0x98ed</run_address>
         <size>0x7ac</size>
         <input_file_ref idref="fl-14"/>
      </object_component>
      <object_component id="oc-50">
         <name>.debug_info</name>
         <load_address>0xa099</load_address>
         <run_address>0xa099</run_address>
         <size>0xcc</size>
         <input_file_ref idref="fl-15"/>
      </object_component>
      <object_component id="oc-53">
         <name>.debug_info</name>
         <load_address>0xa165</load_address>
         <run_address>0xa165</run_address>
         <size>0xb66</size>
         <input_file_ref idref="fl-16"/>
      </object_component>
      <object_component id="oc-57">
         <name>.debug_info</name>
         <load_address>0xaccb</load_address>
         <run_address>0xaccb</run_address>
         <size>0x103b</size>
         <input_file_ref idref="fl-17"/>
      </object_component>
      <object_component id="oc-5b">
         <name>.debug_info</name>
         <load_address>0xbd06</load_address>
         <run_address>0xbd06</run_address>
         <size>0xf0d</size>
         <input_file_ref idref="fl-18"/>
      </object_component>
      <object_component id="oc-5f">
         <name>.debug_info</name>
         <load_address>0xcc13</load_address>
         <run_address>0xcc13</run_address>
         <size>0x27ab</size>
         <input_file_ref idref="fl-19"/>
      </object_component>
      <object_component id="oc-64">
         <name>.debug_info</name>
         <load_address>0xf3be</load_address>
         <run_address>0xf3be</run_address>
         <size>0xf63</size>
         <input_file_ref idref="fl-1a"/>
      </object_component>
      <object_component id="oc-69">
         <name>.debug_info</name>
         <load_address>0x10321</load_address>
         <run_address>0x10321</run_address>
         <size>0x1400</size>
         <input_file_ref idref="fl-1b"/>
      </object_component>
      <object_component id="oc-6d">
         <name>.debug_info</name>
         <load_address>0x11721</load_address>
         <run_address>0x11721</run_address>
         <size>0x8e9</size>
         <input_file_ref idref="fl-1c"/>
      </object_component>
      <object_component id="oc-70">
         <name>.debug_info</name>
         <load_address>0x1200a</load_address>
         <run_address>0x1200a</run_address>
         <size>0x2674</size>
         <input_file_ref idref="fl-1d"/>
      </object_component>
      <object_component id="oc-74">
         <name>.debug_info</name>
         <load_address>0x1467e</load_address>
         <run_address>0x1467e</run_address>
         <size>0x6d5</size>
         <input_file_ref idref="fl-1e"/>
      </object_component>
      <object_component id="oc-77">
         <name>.debug_info</name>
         <load_address>0x14d53</load_address>
         <run_address>0x14d53</run_address>
         <size>0x5e1</size>
         <input_file_ref idref="fl-1f"/>
      </object_component>
      <object_component id="oc-79">
         <name>.debug_info</name>
         <load_address>0x15334</load_address>
         <run_address>0x15334</run_address>
         <size>0x6ce</size>
         <input_file_ref idref="fl-20"/>
      </object_component>
      <object_component id="oc-7d">
         <name>.debug_info</name>
         <load_address>0x15a02</load_address>
         <run_address>0x15a02</run_address>
         <size>0xbd</size>
         <input_file_ref idref="fl-21"/>
      </object_component>
      <object_component id="oc-80">
         <name>.debug_info</name>
         <load_address>0x15abf</load_address>
         <run_address>0x15abf</run_address>
         <size>0x67e</size>
         <input_file_ref idref="fl-22"/>
      </object_component>
      <object_component id="oc-83">
         <name>.debug_info</name>
         <load_address>0x1613d</load_address>
         <run_address>0x1613d</run_address>
         <size>0x697</size>
         <input_file_ref idref="fl-23"/>
      </object_component>
      <object_component id="oc-86">
         <name>.debug_info</name>
         <load_address>0x167d4</load_address>
         <run_address>0x167d4</run_address>
         <size>0x811</size>
         <input_file_ref idref="fl-24"/>
      </object_component>
      <object_component id="oc-89">
         <name>.debug_info</name>
         <load_address>0x16fe5</load_address>
         <run_address>0x16fe5</run_address>
         <size>0xa9d</size>
         <input_file_ref idref="fl-25"/>
      </object_component>
      <object_component id="oc-8d">
         <name>.debug_info</name>
         <load_address>0x17a82</load_address>
         <run_address>0x17a82</run_address>
         <size>0x78a</size>
         <input_file_ref idref="fl-26"/>
      </object_component>
      <object_component id="oc-90">
         <name>.debug_info</name>
         <load_address>0x1820c</load_address>
         <run_address>0x1820c</run_address>
         <size>0x785</size>
         <input_file_ref idref="fl-27"/>
      </object_component>
      <object_component id="oc-93">
         <name>.debug_info</name>
         <load_address>0x18991</load_address>
         <run_address>0x18991</run_address>
         <size>0x7fd</size>
         <input_file_ref idref="fl-28"/>
      </object_component>
      <object_component id="oc-96">
         <name>.debug_info</name>
         <load_address>0x1918e</load_address>
         <run_address>0x1918e</run_address>
         <size>0xe70</size>
         <input_file_ref idref="fl-29"/>
      </object_component>
      <object_component id="oc-9b">
         <name>.debug_info</name>
         <load_address>0x19ffe</load_address>
         <run_address>0x19ffe</run_address>
         <size>0x716</size>
         <input_file_ref idref="fl-2a"/>
      </object_component>
      <object_component id="oc-9e">
         <name>.debug_info</name>
         <load_address>0x1a714</load_address>
         <run_address>0x1a714</run_address>
         <size>0x6b9</size>
         <input_file_ref idref="fl-2b"/>
      </object_component>
      <object_component id="oc-a1">
         <name>.debug_info</name>
         <load_address>0x1adcd</load_address>
         <run_address>0x1adcd</run_address>
         <size>0x79d</size>
         <input_file_ref idref="fl-2c"/>
      </object_component>
      <object_component id="oc-a4">
         <name>.debug_info</name>
         <load_address>0x1b56a</load_address>
         <run_address>0x1b56a</run_address>
         <size>0x5ff</size>
         <input_file_ref idref="fl-2d"/>
      </object_component>
      <object_component id="oc-a7">
         <name>.debug_info</name>
         <load_address>0x1bb69</load_address>
         <run_address>0x1bb69</run_address>
         <size>0xdc3</size>
         <input_file_ref idref="fl-2e"/>
      </object_component>
      <object_component id="oc-ab">
         <name>.debug_info</name>
         <load_address>0x1c92c</load_address>
         <run_address>0x1c92c</run_address>
         <size>0x850</size>
         <input_file_ref idref="fl-2f"/>
      </object_component>
      <object_component id="oc-af">
         <name>.debug_info</name>
         <load_address>0x1d17c</load_address>
         <run_address>0x1d17c</run_address>
         <size>0x741</size>
         <input_file_ref idref="fl-30"/>
      </object_component>
      <object_component id="oc-b2">
         <name>.debug_info</name>
         <load_address>0x1d8bd</load_address>
         <run_address>0x1d8bd</run_address>
         <size>0x5b3</size>
         <input_file_ref idref="fl-31"/>
      </object_component>
      <object_component id="oc-b5">
         <name>.debug_info</name>
         <load_address>0x1de70</load_address>
         <run_address>0x1de70</run_address>
         <size>0x768</size>
         <input_file_ref idref="fl-32"/>
      </object_component>
      <object_component id="oc-b8">
         <name>.debug_info</name>
         <load_address>0x1e5d8</load_address>
         <run_address>0x1e5d8</run_address>
         <size>0x7a0</size>
         <input_file_ref idref="fl-33"/>
      </object_component>
      <object_component id="oc-bb">
         <name>.debug_info</name>
         <load_address>0x1ed78</load_address>
         <run_address>0x1ed78</run_address>
         <size>0x7f3</size>
         <input_file_ref idref="fl-34"/>
      </object_component>
      <object_component id="oc-be">
         <name>.debug_info</name>
         <load_address>0x1f56b</load_address>
         <run_address>0x1f56b</run_address>
         <size>0x852</size>
         <input_file_ref idref="fl-35"/>
      </object_component>
      <object_component id="oc-c3">
         <name>.debug_info</name>
         <load_address>0x1fdbd</load_address>
         <run_address>0x1fdbd</run_address>
         <size>0x7ed</size>
         <input_file_ref idref="fl-36"/>
      </object_component>
      <object_component id="oc-c6">
         <name>.debug_info</name>
         <load_address>0x205aa</load_address>
         <run_address>0x205aa</run_address>
         <size>0x64b</size>
         <input_file_ref idref="fl-37"/>
      </object_component>
      <object_component id="oc-138">
         <name>.debug_info</name>
         <load_address>0x20bf5</load_address>
         <run_address>0x20bf5</run_address>
         <size>0x6d</size>
      </object_component>
      <object_component id="oc-12">
         <name>.debug_line</name>
         <load_address>0x0</load_address>
         <run_address>0x0</run_address>
         <size>0xcd</size>
         <input_file_ref idref="fl-2"/>
      </object_component>
      <object_component id="oc-1b">
         <name>.debug_line</name>
         <load_address>0xcd</load_address>
         <run_address>0xcd</run_address>
         <size>0x1cf</size>
         <input_file_ref idref="fl-3"/>
      </object_component>
      <object_component id="oc-22">
         <name>.debug_line</name>
         <load_address>0x29c</load_address>
         <run_address>0x29c</run_address>
         <size>0x65d</size>
         <input_file_ref idref="fl-4"/>
      </object_component>
      <object_component id="oc-26">
         <name>.debug_line</name>
         <load_address>0x8f9</load_address>
         <run_address>0x8f9</run_address>
         <size>0x3d</size>
         <input_file_ref idref="fl-9"/>
      </object_component>
      <object_component id="oc-29">
         <name>.debug_line</name>
         <load_address>0x936</load_address>
         <run_address>0x936</run_address>
         <size>0x3c</size>
         <input_file_ref idref="fl-a"/>
      </object_component>
      <object_component id="oc-2e">
         <name>.debug_line</name>
         <load_address>0x972</load_address>
         <run_address>0x972</run_address>
         <size>0x4f</size>
         <input_file_ref idref="fl-b"/>
      </object_component>
      <object_component id="oc-31">
         <name>.debug_line</name>
         <load_address>0x9c1</load_address>
         <run_address>0x9c1</run_address>
         <size>0x3e</size>
         <input_file_ref idref="fl-c"/>
      </object_component>
      <object_component id="oc-34">
         <name>.debug_line</name>
         <load_address>0x9ff</load_address>
         <run_address>0x9ff</run_address>
         <size>0x56</size>
         <input_file_ref idref="fl-d"/>
      </object_component>
      <object_component id="oc-3a">
         <name>.debug_line</name>
         <load_address>0xa55</load_address>
         <run_address>0xa55</run_address>
         <size>0xa7</size>
         <input_file_ref idref="fl-e"/>
      </object_component>
      <object_component id="oc-3d">
         <name>.debug_line</name>
         <load_address>0xafc</load_address>
         <run_address>0xafc</run_address>
         <size>0x43</size>
         <input_file_ref idref="fl-f"/>
      </object_component>
      <object_component id="oc-42">
         <name>.debug_line</name>
         <load_address>0xb3f</load_address>
         <run_address>0xb3f</run_address>
         <size>0x35</size>
         <input_file_ref idref="fl-10"/>
      </object_component>
      <object_component id="oc-45">
         <name>.debug_line</name>
         <load_address>0xb74</load_address>
         <run_address>0xb74</run_address>
         <size>0x3f</size>
         <input_file_ref idref="fl-11"/>
      </object_component>
      <object_component id="oc-48">
         <name>.debug_line</name>
         <load_address>0xbb3</load_address>
         <run_address>0xbb3</run_address>
         <size>0x49</size>
         <input_file_ref idref="fl-12"/>
      </object_component>
      <object_component id="oc-4b">
         <name>.debug_line</name>
         <load_address>0xbfc</load_address>
         <run_address>0xbfc</run_address>
         <size>0x45</size>
         <input_file_ref idref="fl-13"/>
      </object_component>
      <object_component id="oc-4e">
         <name>.debug_line</name>
         <load_address>0xc41</load_address>
         <run_address>0xc41</run_address>
         <size>0x44</size>
         <input_file_ref idref="fl-14"/>
      </object_component>
      <object_component id="oc-51">
         <name>.debug_line</name>
         <load_address>0xc85</load_address>
         <run_address>0xc85</run_address>
         <size>0x4a</size>
         <input_file_ref idref="fl-15"/>
      </object_component>
      <object_component id="oc-55">
         <name>.debug_line</name>
         <load_address>0xccf</load_address>
         <run_address>0xccf</run_address>
         <size>0xd8</size>
         <input_file_ref idref="fl-16"/>
      </object_component>
      <object_component id="oc-59">
         <name>.debug_line</name>
         <load_address>0xda7</load_address>
         <run_address>0xda7</run_address>
         <size>0x1ba</size>
         <input_file_ref idref="fl-17"/>
      </object_component>
      <object_component id="oc-5d">
         <name>.debug_line</name>
         <load_address>0xf61</load_address>
         <run_address>0xf61</run_address>
         <size>0xad</size>
         <input_file_ref idref="fl-18"/>
      </object_component>
      <object_component id="oc-62">
         <name>.debug_line</name>
         <load_address>0x100e</load_address>
         <run_address>0x100e</run_address>
         <size>0x2d8</size>
         <input_file_ref idref="fl-19"/>
      </object_component>
      <object_component id="oc-66">
         <name>.debug_line</name>
         <load_address>0x12e6</load_address>
         <run_address>0x12e6</run_address>
         <size>0x169</size>
         <input_file_ref idref="fl-1a"/>
      </object_component>
      <object_component id="oc-6b">
         <name>.debug_line</name>
         <load_address>0x144f</load_address>
         <run_address>0x144f</run_address>
         <size>0x143</size>
         <input_file_ref idref="fl-1b"/>
      </object_component>
      <object_component id="oc-6e">
         <name>.debug_line</name>
         <load_address>0x1592</load_address>
         <run_address>0x1592</run_address>
         <size>0x6a</size>
         <input_file_ref idref="fl-1c"/>
      </object_component>
      <object_component id="oc-72">
         <name>.debug_line</name>
         <load_address>0x15fc</load_address>
         <run_address>0x15fc</run_address>
         <size>0x31a</size>
         <input_file_ref idref="fl-1d"/>
      </object_component>
      <object_component id="oc-75">
         <name>.debug_line</name>
         <load_address>0x1916</load_address>
         <run_address>0x1916</run_address>
         <size>0x45</size>
         <input_file_ref idref="fl-1e"/>
      </object_component>
      <object_component id="oc-7e">
         <name>.debug_line</name>
         <load_address>0x195b</load_address>
         <run_address>0x195b</run_address>
         <size>0x44</size>
         <input_file_ref idref="fl-21"/>
      </object_component>
      <object_component id="oc-81">
         <name>.debug_line</name>
         <load_address>0x199f</load_address>
         <run_address>0x199f</run_address>
         <size>0x3d</size>
         <input_file_ref idref="fl-22"/>
      </object_component>
      <object_component id="oc-84">
         <name>.debug_line</name>
         <load_address>0x19dc</load_address>
         <run_address>0x19dc</run_address>
         <size>0x3d</size>
         <input_file_ref idref="fl-23"/>
      </object_component>
      <object_component id="oc-87">
         <name>.debug_line</name>
         <load_address>0x1a19</load_address>
         <run_address>0x1a19</run_address>
         <size>0x3f</size>
         <input_file_ref idref="fl-24"/>
      </object_component>
      <object_component id="oc-8b">
         <name>.debug_line</name>
         <load_address>0x1a58</load_address>
         <run_address>0x1a58</run_address>
         <size>0x93</size>
         <input_file_ref idref="fl-25"/>
      </object_component>
      <object_component id="oc-8e">
         <name>.debug_line</name>
         <load_address>0x1aeb</load_address>
         <run_address>0x1aeb</run_address>
         <size>0x73</size>
         <input_file_ref idref="fl-26"/>
      </object_component>
      <object_component id="oc-91">
         <name>.debug_line</name>
         <load_address>0x1b5e</load_address>
         <run_address>0x1b5e</run_address>
         <size>0x61</size>
         <input_file_ref idref="fl-27"/>
      </object_component>
      <object_component id="oc-94">
         <name>.debug_line</name>
         <load_address>0x1bbf</load_address>
         <run_address>0x1bbf</run_address>
         <size>0x38</size>
         <input_file_ref idref="fl-28"/>
      </object_component>
      <object_component id="oc-99">
         <name>.debug_line</name>
         <load_address>0x1bf7</load_address>
         <run_address>0x1bf7</run_address>
         <size>0xf5</size>
         <input_file_ref idref="fl-29"/>
      </object_component>
      <object_component id="oc-9c">
         <name>.debug_line</name>
         <load_address>0x1cec</load_address>
         <run_address>0x1cec</run_address>
         <size>0x40</size>
         <input_file_ref idref="fl-2a"/>
      </object_component>
      <object_component id="oc-9f">
         <name>.debug_line</name>
         <load_address>0x1d2c</load_address>
         <run_address>0x1d2c</run_address>
         <size>0x3f</size>
         <input_file_ref idref="fl-2b"/>
      </object_component>
      <object_component id="oc-a2">
         <name>.debug_line</name>
         <load_address>0x1d6b</load_address>
         <run_address>0x1d6b</run_address>
         <size>0x46</size>
         <input_file_ref idref="fl-2c"/>
      </object_component>
      <object_component id="oc-a5">
         <name>.debug_line</name>
         <load_address>0x1db1</load_address>
         <run_address>0x1db1</run_address>
         <size>0x39</size>
         <input_file_ref idref="fl-2d"/>
      </object_component>
      <object_component id="oc-a9">
         <name>.debug_line</name>
         <load_address>0x1dea</load_address>
         <run_address>0x1dea</run_address>
         <size>0x126</size>
         <input_file_ref idref="fl-2e"/>
      </object_component>
      <object_component id="oc-ad">
         <name>.debug_line</name>
         <load_address>0x1f10</load_address>
         <run_address>0x1f10</run_address>
         <size>0x66</size>
         <input_file_ref idref="fl-2f"/>
      </object_component>
      <object_component id="oc-b0">
         <name>.debug_line</name>
         <load_address>0x1f76</load_address>
         <run_address>0x1f76</run_address>
         <size>0x40</size>
         <input_file_ref idref="fl-30"/>
      </object_component>
      <object_component id="oc-b3">
         <name>.debug_line</name>
         <load_address>0x1fb6</load_address>
         <run_address>0x1fb6</run_address>
         <size>0x23</size>
         <input_file_ref idref="fl-31"/>
      </object_component>
      <object_component id="oc-b6">
         <name>.debug_line</name>
         <load_address>0x1fd9</load_address>
         <run_address>0x1fd9</run_address>
         <size>0x3e</size>
         <input_file_ref idref="fl-32"/>
      </object_component>
      <object_component id="oc-b9">
         <name>.debug_line</name>
         <load_address>0x2017</load_address>
         <run_address>0x2017</run_address>
         <size>0x3c</size>
         <input_file_ref idref="fl-33"/>
      </object_component>
      <object_component id="oc-bc">
         <name>.debug_line</name>
         <load_address>0x2053</load_address>
         <run_address>0x2053</run_address>
         <size>0x3f</size>
         <input_file_ref idref="fl-34"/>
      </object_component>
      <object_component id="oc-c1">
         <name>.debug_line</name>
         <load_address>0x2092</load_address>
         <run_address>0x2092</run_address>
         <size>0x42</size>
         <input_file_ref idref="fl-35"/>
      </object_component>
      <object_component id="oc-c4">
         <name>.debug_line</name>
         <load_address>0x20d4</load_address>
         <run_address>0x20d4</run_address>
         <size>0x3e</size>
         <input_file_ref idref="fl-36"/>
      </object_component>
      <object_component id="oc-c7">
         <name>.debug_line</name>
         <load_address>0x2112</load_address>
         <run_address>0x2112</run_address>
         <size>0x39</size>
         <input_file_ref idref="fl-37"/>
      </object_component>
      <object_component id="oc-13">
         <name>.debug_abbrev</name>
         <load_address>0x0</load_address>
         <run_address>0x0</run_address>
         <size>0x20</size>
         <input_file_ref idref="fl-2"/>
      </object_component>
      <object_component id="oc-1c">
         <name>.debug_abbrev</name>
         <load_address>0x20</load_address>
         <run_address>0x20</run_address>
         <size>0x157</size>
         <input_file_ref idref="fl-3"/>
      </object_component>
      <object_component id="oc-23">
         <name>.debug_abbrev</name>
         <load_address>0x177</load_address>
         <run_address>0x177</run_address>
         <size>0x230</size>
         <input_file_ref idref="fl-4"/>
      </object_component>
      <object_component id="oc-27">
         <name>.debug_abbrev</name>
         <load_address>0x3a7</load_address>
         <run_address>0x3a7</run_address>
         <size>0xfe</size>
         <input_file_ref idref="fl-9"/>
      </object_component>
      <object_component id="oc-2a">
         <name>.debug_abbrev</name>
         <load_address>0x4a5</load_address>
         <run_address>0x4a5</run_address>
         <size>0xf5</size>
         <input_file_ref idref="fl-a"/>
      </object_component>
      <object_component id="oc-2f">
         <name>.debug_abbrev</name>
         <load_address>0x59a</load_address>
         <run_address>0x59a</run_address>
         <size>0x119</size>
         <input_file_ref idref="fl-b"/>
      </object_component>
      <object_component id="oc-32">
         <name>.debug_abbrev</name>
         <load_address>0x6b3</load_address>
         <run_address>0x6b3</run_address>
         <size>0x8c</size>
         <input_file_ref idref="fl-c"/>
      </object_component>
      <object_component id="oc-35">
         <name>.debug_abbrev</name>
         <load_address>0x73f</load_address>
         <run_address>0x73f</run_address>
         <size>0xa3</size>
         <input_file_ref idref="fl-d"/>
      </object_component>
      <object_component id="oc-3b">
         <name>.debug_abbrev</name>
         <load_address>0x7e2</load_address>
         <run_address>0x7e2</run_address>
         <size>0x1f8</size>
         <input_file_ref idref="fl-e"/>
      </object_component>
      <object_component id="oc-3e">
         <name>.debug_abbrev</name>
         <load_address>0x9da</load_address>
         <run_address>0x9da</run_address>
         <size>0x3a</size>
         <input_file_ref idref="fl-f"/>
      </object_component>
      <object_component id="oc-43">
         <name>.debug_abbrev</name>
         <load_address>0xa14</load_address>
         <run_address>0xa14</run_address>
         <size>0x9f</size>
         <input_file_ref idref="fl-10"/>
      </object_component>
      <object_component id="oc-46">
         <name>.debug_abbrev</name>
         <load_address>0xab3</load_address>
         <run_address>0xab3</run_address>
         <size>0xe1</size>
         <input_file_ref idref="fl-11"/>
      </object_component>
      <object_component id="oc-49">
         <name>.debug_abbrev</name>
         <load_address>0xb94</load_address>
         <run_address>0xb94</run_address>
         <size>0x13f</size>
         <input_file_ref idref="fl-12"/>
      </object_component>
      <object_component id="oc-4c">
         <name>.debug_abbrev</name>
         <load_address>0xcd3</load_address>
         <run_address>0xcd3</run_address>
         <size>0xdd</size>
         <input_file_ref idref="fl-13"/>
      </object_component>
      <object_component id="oc-4f">
         <name>.debug_abbrev</name>
         <load_address>0xdb0</load_address>
         <run_address>0xdb0</run_address>
         <size>0x10c</size>
         <input_file_ref idref="fl-14"/>
      </object_component>
      <object_component id="oc-52">
         <name>.debug_abbrev</name>
         <load_address>0xebc</load_address>
         <run_address>0xebc</run_address>
         <size>0x3a</size>
         <input_file_ref idref="fl-15"/>
      </object_component>
      <object_component id="oc-56">
         <name>.debug_abbrev</name>
         <load_address>0xef6</load_address>
         <run_address>0xef6</run_address>
         <size>0x104</size>
         <input_file_ref idref="fl-16"/>
      </object_component>
      <object_component id="oc-5a">
         <name>.debug_abbrev</name>
         <load_address>0xffa</load_address>
         <run_address>0xffa</run_address>
         <size>0x175</size>
         <input_file_ref idref="fl-17"/>
      </object_component>
      <object_component id="oc-5e">
         <name>.debug_abbrev</name>
         <load_address>0x116f</load_address>
         <run_address>0x116f</run_address>
         <size>0xf0</size>
         <input_file_ref idref="fl-18"/>
      </object_component>
      <object_component id="oc-63">
         <name>.debug_abbrev</name>
         <load_address>0x125f</load_address>
         <run_address>0x125f</run_address>
         <size>0x208</size>
         <input_file_ref idref="fl-19"/>
      </object_component>
      <object_component id="oc-67">
         <name>.debug_abbrev</name>
         <load_address>0x1467</load_address>
         <run_address>0x1467</run_address>
         <size>0x147</size>
         <input_file_ref idref="fl-1a"/>
      </object_component>
      <object_component id="oc-6c">
         <name>.debug_abbrev</name>
         <load_address>0x15ae</load_address>
         <run_address>0x15ae</run_address>
         <size>0x136</size>
         <input_file_ref idref="fl-1b"/>
      </object_component>
      <object_component id="oc-6f">
         <name>.debug_abbrev</name>
         <load_address>0x16e4</load_address>
         <run_address>0x16e4</run_address>
         <size>0x161</size>
         <input_file_ref idref="fl-1c"/>
      </object_component>
      <object_component id="oc-73">
         <name>.debug_abbrev</name>
         <load_address>0x1845</load_address>
         <run_address>0x1845</run_address>
         <size>0x1d1</size>
         <input_file_ref idref="fl-1d"/>
      </object_component>
      <object_component id="oc-76">
         <name>.debug_abbrev</name>
         <load_address>0x1a16</load_address>
         <run_address>0x1a16</run_address>
         <size>0xcc</size>
         <input_file_ref idref="fl-1e"/>
      </object_component>
      <object_component id="oc-78">
         <name>.debug_abbrev</name>
         <load_address>0x1ae2</load_address>
         <run_address>0x1ae2</run_address>
         <size>0x5f</size>
         <input_file_ref idref="fl-1f"/>
      </object_component>
      <object_component id="oc-7c">
         <name>.debug_abbrev</name>
         <load_address>0x1b41</load_address>
         <run_address>0x1b41</run_address>
         <size>0x8e</size>
         <input_file_ref idref="fl-20"/>
      </object_component>
      <object_component id="oc-7f">
         <name>.debug_abbrev</name>
         <load_address>0x1bcf</load_address>
         <run_address>0x1bcf</run_address>
         <size>0x3a</size>
         <input_file_ref idref="fl-21"/>
      </object_component>
      <object_component id="oc-82">
         <name>.debug_abbrev</name>
         <load_address>0x1c09</load_address>
         <run_address>0x1c09</run_address>
         <size>0xac</size>
         <input_file_ref idref="fl-22"/>
      </object_component>
      <object_component id="oc-85">
         <name>.debug_abbrev</name>
         <load_address>0x1cb5</load_address>
         <run_address>0x1cb5</run_address>
         <size>0xc3</size>
         <input_file_ref idref="fl-23"/>
      </object_component>
      <object_component id="oc-88">
         <name>.debug_abbrev</name>
         <load_address>0x1d78</load_address>
         <run_address>0x1d78</run_address>
         <size>0x11f</size>
         <input_file_ref idref="fl-24"/>
      </object_component>
      <object_component id="oc-8c">
         <name>.debug_abbrev</name>
         <load_address>0x1e97</load_address>
         <run_address>0x1e97</run_address>
         <size>0x14b</size>
         <input_file_ref idref="fl-25"/>
      </object_component>
      <object_component id="oc-8f">
         <name>.debug_abbrev</name>
         <load_address>0x1fe2</load_address>
         <run_address>0x1fe2</run_address>
         <size>0xc3</size>
         <input_file_ref idref="fl-26"/>
      </object_component>
      <object_component id="oc-92">
         <name>.debug_abbrev</name>
         <load_address>0x20a5</load_address>
         <run_address>0x20a5</run_address>
         <size>0xc3</size>
         <input_file_ref idref="fl-27"/>
      </object_component>
      <object_component id="oc-95">
         <name>.debug_abbrev</name>
         <load_address>0x2168</load_address>
         <run_address>0x2168</run_address>
         <size>0xd0</size>
         <input_file_ref idref="fl-28"/>
      </object_component>
      <object_component id="oc-9a">
         <name>.debug_abbrev</name>
         <load_address>0x2238</load_address>
         <run_address>0x2238</run_address>
         <size>0x215</size>
         <input_file_ref idref="fl-29"/>
      </object_component>
      <object_component id="oc-9d">
         <name>.debug_abbrev</name>
         <load_address>0x244d</load_address>
         <run_address>0x244d</run_address>
         <size>0xe3</size>
         <input_file_ref idref="fl-2a"/>
      </object_component>
      <object_component id="oc-a0">
         <name>.debug_abbrev</name>
         <load_address>0x2530</load_address>
         <run_address>0x2530</run_address>
         <size>0xae</size>
         <input_file_ref idref="fl-2b"/>
      </object_component>
      <object_component id="oc-a3">
         <name>.debug_abbrev</name>
         <load_address>0x25de</load_address>
         <run_address>0x25de</run_address>
         <size>0xd0</size>
         <input_file_ref idref="fl-2c"/>
      </object_component>
      <object_component id="oc-a6">
         <name>.debug_abbrev</name>
         <load_address>0x26ae</load_address>
         <run_address>0x26ae</run_address>
         <size>0x71</size>
         <input_file_ref idref="fl-2d"/>
      </object_component>
      <object_component id="oc-aa">
         <name>.debug_abbrev</name>
         <load_address>0x271f</load_address>
         <run_address>0x271f</run_address>
[...]
         <value>0x11810000</value>
         <object_component_ref idref="oc-cc"/>
      </symbol>
      <symbol id="sm-1d3">
         <name>_pingIN</name>
         <value>0x1181b36c</value>
         <object_component_ref idref="oc-1d"/>
      </symbol>
      <symbol id="sm-1d4">
         <name>_AIC31_data</name>
         <value>0x1181a358</value>
         <object_component_ref idref="oc-20"/>
      </symbol>
      <symbol id="sm-1d5">
         <name>_sreg</name>
         <value>0x1181a35c</value>
         <object_component_ref idref="oc-20"/>
      </symbol>
      <symbol id="sm-1d6">
         <name>_input_right_sample</name>
         <value>0x11810200</value>
         <object_component_ref idref="oc-cc"/>
      </symbol>
      <symbol id="sm-1d7">
         <name>_EDMA3_PaRAM_setup</name>
         <value>0x11810258</value>
         <object_component_ref idref="oc-cc"/>
      </symbol>
      <symbol id="sm-1d8">
         <name>_L138_init_LCDK_DIP</name>
         <value>0x11811118</value>
         <object_component_ref idref="oc-cc"/>
      </symbol>
      <symbol id="sm-1d9">
         <name>_prand</name>
         <value>0x118116b4</value>
         <object_component_ref idref="oc-cc"/>
      </symbol>
      <symbol id="sm-1da">
         <name>_fb</name>
         <value>0x1181b37c</value>
         <object_component_ref idref="oc-1d"/>
      </symbol>
      <symbol id="sm-1db">
         <name>_rand31_next</name>
         <value>0x11811638</value>
         <object_component_ref idref="oc-cc"/>
      </symbol>
      <symbol id="sm-1dc">
         <name>_read_LCDK_user_DIP</name>
         <value>0x11811160</value>
         <object_component_ref idref="oc-cc"/>
      </symbol>
      <symbol id="sm-1dd">
         <name>_L138_init_mcasp_edma</name>
         <value>0x11810630</value>
         <object_component_ref idref="oc-cc"/>
      </symbol>
      <symbol id="sm-1de">
         <name>_L138_init_aic3106_registers</name>
         <value>0x11810de0</value>
         <object_component_ref idref="oc-cc"/>
      </symbol>
      <symbol id="sm-1df">
         <name>_L138_initialise_intr</name>
         <value>0x1181142c</value>
         <object_component_ref idref="oc-cc"/>
      </symbol>
      <symbol id="sm-1e0">
         <name>_input_sample</name>
         <value>0x11810150</value>
         <object_component_ref idref="oc-cc"/>
      </symbol>
      <symbol id="sm-1e1">
         <name>_output_right_sample</name>
         <value>0x118100e0</value>
         <object_component_ref idref="oc-cc"/>
      </symbol>
      <symbol id="sm-1e2">
         <name>_pongIN</name>
         <value>0x1181b374</value>
         <object_component_ref idref="oc-1d"/>
      </symbol>
      <symbol id="sm-1e3">
         <name>_pongOUT</name>
         <value>0x1181b378</value>
         <object_component_ref idref="oc-1d"/>
      </symbol>
      <symbol id="sm-1e4">
         <name>_pingOUT</name>
         <value>0x1181b370</value>
         <object_component_ref idref="oc-1d"/>
      </symbol>
      <symbol id="sm-1e5">
         <name>_L138_init_mcasp_poll</name>
         <value>0x11810b4c</value>
         <object_component_ref idref="oc-cc"/>
      </symbol>
      <symbol id="sm-1f4">
         <name>_c_int00</name>
         <value>0x118191e0</value>
         <object_component_ref idref="oc-e"/>
      </symbol>
      <symbol id="sm-1f5">
         <name>__stack</name>
         <value>0x1181a378</value>
         <object_component_ref idref="oc-25"/>
      </symbol>
      <symbol id="sm-207">
         <name>__divd</name>
         <value>0x11812300</value>
         <object_component_ref idref="oc-cd"/>
      </symbol>
      <symbol id="sm-21e">
         <name>C$$EXIT</name>
         <value>0x118196e0</value>
         <object_component_ref idref="oc-db"/>
      </symbol>
      <symbol id="sm-21f">
         <name>_exit</name>
         <value>0x118186a0</value>
         <object_component_ref idref="oc-cb"/>
      </symbol>
      <symbol id="sm-220">
         <name>___TI_enable_exit_profile_output</name>
         <value>0x1181a354</value>
         <object_component_ref idref="oc-2d"/>
      </symbol>
      <symbol id="sm-221">
         <name>_abort</name>
         <value>0x118196e0</value>
         <object_component_ref idref="oc-db"/>
      </symbol>
      <symbol id="sm-222">
         <name>__cleanup_ptr</name>
         <value>0x1181a34c</value>
         <object_component_ref idref="oc-2d"/>
      </symbol>
      <symbol id="sm-223">
         <name>__dtors_ptr</name>
         <value>0x1181a350</value>
         <object_component_ref idref="oc-2d"/>
      </symbol>
      <symbol id="sm-22d">
         <name>__frcmpyd_div</name>
         <value>0x118195a0</value>
         <object_component_ref idref="oc-e2"/>
      </symbol>
      <symbol id="sm-23b">
         <name>__llshl</name>
         <value>0x11819160</value>
         <object_component_ref idref="oc-11c"/>
      </symbol>
      <symbol id="sm-23c">
         <name>__llshru</name>
         <value>0x118195e0</value>
         <object_component_ref idref="oc-e1"/>
      </symbol>
      <symbol id="sm-275">
         <name>__sys_memory</name>
         <value>0x11800000</value>
         <object_component_ref idref="oc-39"/>
      </symbol>
      <symbol id="sm-276">
         <name>_free</name>
         <value>0x118158c0</value>
         <object_component_ref idref="oc-109"/>
      </symbol>
      <symbol id="sm-277">
         <name>_malloc</name>
         <value>0x118172e0</value>
         <object_component_ref idref="oc-de"/>
      </symbol>
      <symbol id="sm-280">
         <name>__remi</name>
         <value>0x118185e0</value>
         <object_component_ref idref="oc-cf"/>
      </symbol>
      <symbol id="sm-281">
         <name>__c6xabi_remi</name>
         <value>0x118185e0</value>
         <object_component_ref idref="oc-cf"/>
      </symbol>
      <symbol id="sm-28f">
         <name>__unlock</name>
         <value>0x1181a364</value>
         <object_component_ref idref="oc-41"/>
      </symbol>
      <symbol id="sm-290">
         <name>__lock</name>
         <value>0x1181a360</value>
         <object_component_ref idref="oc-41"/>
      </symbol>
      <symbol id="sm-291">
         <name>__nop</name>
         <value>0x11819680</value>
         <object_component_ref idref="oc-d0"/>
      </symbol>
      <symbol id="sm-29b">
         <name>__args_main</name>
         <value>0x11819560</value>
         <object_component_ref idref="oc-ca"/>
      </symbol>
      <symbol id="sm-29c">
         <name>__TI_args_main</name>
         <value>0x1</value>
      </symbol>
      <symbol id="sm-2ab">
         <name>__auto_init</name>
         <value>0x118182e0</value>
         <object_component_ref idref="oc-c9"/>
      </symbol>
      <symbol id="sm-2b8">
         <name>___TI_cpp_init</name>
         <value>0x11819360</value>
         <object_component_ref idref="oc-da"/>
      </symbol>
      <symbol id="sm-2c6">
         <name>_copy_in</name>
         <value>0x11818c80</value>
         <object_component_ref idref="oc-d8"/>
      </symbol>
      <symbol id="sm-2ce">
         <name>_memcpy</name>
         <value>0x11818e60</value>
         <object_component_ref idref="oc-d9"/>
      </symbol>
      <symbol id="sm-2dd">
         <name>_USTIMER_get</name>
         <value>0x11816c24</value>
         <object_component_ref idref="oc-df"/>
      </symbol>
      <symbol id="sm-2de">
         <name>_USTIMER_delay</name>
         <value>0x11816b64</value>
         <object_component_ref idref="oc-df"/>
      </symbol>
      <symbol id="sm-2df">
         <name>_USTIMER_set</name>
         <value>0x11816c38</value>
         <object_component_ref idref="oc-df"/>
      </symbol>
      <symbol id="sm-2e0">
         <name>_USTIMER_init</name>
         <value>0x11816a80</value>
         <object_component_ref idref="oc-df"/>
      </symbol>
      <symbol id="sm-2e1">
         <name>_USTIMER_reset</name>
         <value>0x11816bf4</value>
         <object_component_ref idref="oc-df"/>
      </symbol>
      <symbol id="sm-31b">
         <name>_GPIO_getInput</name>
         <value>0x118143f8</value>
         <object_component_ref idref="oc-dd"/>
      </symbol>
      <symbol id="sm-31c">
         <name>_GPIO_setDir</name>
         <value>0x11814380</value>
         <object_component_ref idref="oc-dd"/>
      </symbol>
      <symbol id="sm-31d">
         <name>_GPIO_toggleLoop</name>
         <value>0x118144ec</value>
         <object_component_ref idref="oc-dd"/>
      </symbol>
      <symbol id="sm-31e">
         <name>_GPIO_setOutput</name>
         <value>0x1181446c</value>
         <object_component_ref idref="oc-dd"/>
      </symbol>
      <symbol id="sm-34a">
         <name>_AIC3106_writeRegister</name>
         <value>0x11817110</value>
         <object_component_ref idref="oc-dc"/>
      </symbol>
      <symbol id="sm-34b">
         <name>_AIC3106_init</name>
         <value>0x11816fc0</value>
         <object_component_ref idref="oc-dc"/>
      </symbol>
      <symbol id="sm-34c">
         <name>_AIC3106_readRegister</name>
         <value>0x118170b8</value>
         <object_component_ref idref="oc-dc"/>
      </symbol>
      <symbol id="sm-3e9">
         <name>_config_pll1</name>
         <value>0x11811fa4</value>
         <object_component_ref idref="oc-e0"/>
      </symbol>
      <symbol id="sm-3ea">
         <name>_config_pll0</name>
         <value>0x11811d68</value>
         <object_component_ref idref="oc-e0"/>
      </symbol>
      <symbol id="sm-3eb">
         <name>_UTIL_isUIBoardAttached</name>
         <value>0x118122e0</value>
         <object_component_ref idref="oc-e0"/>
      </symbol>
      <symbol id="sm-3ec">
         <name>_EVMOMAPL138_initRAM</name>
         <value>0x1181170c</value>
         <object_component_ref idref="oc-e0"/>
      </symbol>
      <symbol id="sm-3ed">
         <name>_EVMOMAPL138_lpscTransition</name>
         <value>0x11811990</value>
         <object_component_ref idref="oc-e0"/>
      </symbol>
      <symbol id="sm-3ee">
         <name>_EVMOMAPL138_enableDsp</name>
         <value>0x118118c8</value>
         <object_component_ref idref="oc-e0"/>
      </symbol>
      <symbol id="sm-3ef">
         <name>_EVMOMAPL138_init</name>
         <value>0x118116e0</value>
         <object_component_ref idref="oc-e0"/>
      </symbol>
      <symbol id="sm-3f0">
         <name>_UTIL_printMem</name>
         <value>0x11812188</value>
         <object_component_ref idref="oc-e0"/>
      </symbol>
      <symbol id="sm-3f1">
         <name>_EVMOMAPL138_pinmuxConfig</name>
         <value>0x118118f4</value>
         <object_component_ref idref="oc-e0"/>
      </symbol>
      <symbol id="sm-3f2">
         <name>_bitval_u32</name>
         <value>0x1181aee8</value>
         <object_component_ref idref="oc-e7"/>
      </symbol>
      <symbol id="sm-420">
         <name>_I2CGPIO_getInput</name>
         <value>0x11812ef4</value>
         <object_component_ref idref="oc-eb"/>
      </symbol>
      <symbol id="sm-421">
         <name>_I2CGPIO_setOutputAll</name>
         <value>0x11813268</value>
         <object_component_ref idref="oc-eb"/>
      </symbol>
      <symbol id="sm-422">
         <name>_I2CGPIO_setOutput</name>
         <value>0x11813120</value>
         <object_component_ref idref="oc-eb"/>
      </symbol>
      <symbol id="sm-423">
         <name>_I2CGPIO_getInputAll</name>
         <value>0x11813010</value>
         <object_component_ref idref="oc-eb"/>
      </symbol>
      <symbol id="sm-424">
         <name>_I2CGPIO_init</name>
         <value>0x11812e20</value>
         <object_component_ref idref="oc-eb"/>
      </symbol>
      <symbol id="sm-46d">
         <name>_I2C_read</name>
         <value>0x118147ec</value>
         <object_component_ref idref="oc-e5"/>
      </symbol>
      <symbol id="sm-46e">
         <name>_I2C_write</name>
         <value>0x11814948</value>
         <object_component_ref idref="oc-e5"/>
      </symbol>
      <symbol id="sm-46f">
         <name>_I2C_init</name>
         <value>0x11814700</value>
         <object_component_ref idref="oc-e5"/>
      </symbol>
      <symbol id="sm-484">
         <name>_printf</name>
         <value>0x11817fc0</value>
         <object_component_ref idref="oc-ea"/>
      </symbol>
      <symbol id="sm-58e">
         <name>__printfi</name>
         <value>0x11813760</value>
         <object_component_ref idref="oc-ed"/>
      </symbol>
      <symbol id="sm-59c">
         <name>_atoi</name>
         <value>0x11817d20</value>
         <object_component_ref idref="oc-f9"/>
      </symbol>
      <symbol id="sm-5a4">
         <name>__ctypes_</name>
         <value>0x1181ade0</value>
         <object_component_ref idref="oc-ff"/>
      </symbol>
      <symbol id="sm-5ae">
         <name>__tmpnams</name>
         <value>0x1181a0e8</value>
         <object_component_ref idref="oc-7b"/>
      </symbol>
      <symbol id="sm-5af">
         <name>__ft_end</name>
         <value>0x1181a228</value>
         <object_component_ref idref="oc-7b"/>
      </symbol>
      <symbol id="sm-5b0">
         <name>__ftable</name>
         <value>0x11819f08</value>
         <object_component_ref idref="oc-7b"/>
      </symbol>
      <symbol id="sm-5b9">
         <name>__c6xabi_divu</name>
         <value>0x11818460</value>
         <object_component_ref idref="oc-115"/>
      </symbol>
      <symbol id="sm-5ba">
         <name>__divu</name>
         <value>0x11818460</value>
         <object_component_ref idref="oc-115"/>
      </symbol>
      <symbol id="sm-5c7">
         <name>__fixdli</name>
         <value>0x11818b40</value>
         <object_component_ref idref="oc-112"/>
      </symbol>
      <symbol id="sm-5d2">
         <name>__fltlid</name>
         <value>0x118190e0</value>
         <object_component_ref idref="oc-114"/>
      </symbol>
      <symbol id="sm-5ed">
         <name>_putc</name>
         <value>0x11816460</value>
         <object_component_ref idref="oc-f4"/>
      </symbol>
      <symbol id="sm-5ee">
         <name>_fputc</name>
         <value>0x11816460</value>
         <object_component_ref idref="oc-f4"/>
      </symbol>
      <symbol id="sm-610">
         <name>_fputs</name>
         <value>0x11813fe0</value>
         <object_component_ref idref="oc-ef"/>
      </symbol>
      <symbol id="sm-620">
         <name>__divul</name>
         <value>0x11816e20</value>
         <object_component_ref idref="oc-116"/>
      </symbol>
      <symbol id="sm-621">
         <name>__remli</name>
         <value>0x11819620</value>
         <object_component_ref idref="oc-11a"/>
      </symbol>
      <symbol id="sm-622">
         <name>__divli</name>
         <value>0x11818960</value>
         <object_component_ref idref="oc-11b"/>
      </symbol>
      <symbol id="sm-636">
         <name>__subcull</name>
         <value>0x118193c0</value>
         <object_component_ref idref="oc-11d"/>
      </symbol>
      <symbol id="sm-637">
         <name>__divull</name>
         <value>0x11815b40</value>
         <object_component_ref idref="oc-117"/>
      </symbol>
      <symbol id="sm-641">
         <name>___isinf</name>
         <value>0x118194e0</value>
         <object_component_ref idref="oc-101"/>
      </symbol>
      <symbol id="sm-67e">
         <name>_unlink</name>
         <value>0x118192e0</value>
         <object_component_ref idref="oc-11e"/>
      </symbol>
      <symbol id="sm-67f">
         <name>_lseek</name>
         <value>0x11818dc0</value>
         <object_component_ref idref="oc-108"/>
      </symbol>
      <symbol id="sm-680">
         <name>_close</name>
         <value>0x11817e00</value>
         <object_component_ref idref="oc-118"/>
      </symbol>
      <symbol id="sm-681">
         <name>_write</name>
         <value>0x11819040</value>
         <object_component_ref idref="oc-f7"/>
      </symbol>
      <symbol id="sm-68e">
         <name>_ltoa</name>
         <value>0x11818760</value>
         <object_component_ref idref="oc-113"/>
      </symbol>
      <symbol id="sm-69b">
         <name>_memccpy</name>
         <value>0x11819420</value>
         <object_component_ref idref="oc-fc"/>
      </symbol>
      <symbol id="sm-6a6">
         <name>_memset</name>
         <value>0x11817ee0</value>
         <object_component_ref idref="oc-f8"/>
      </symbol>
      <symbol id="sm-6b0">
         <name>__negll</name>
         <value>0x11819660</value>
         <object_component_ref idref="oc-106"/>
      </symbol>
      <symbol id="sm-6d9">
         <name>_HOSTopen</name>
         <value>0x11817c40</value>
         <object_component_ref idref="oc-d1"/>
      </symbol>
      <symbol id="sm-6da">
         <name>_HOSTread</name>
         <value>0x118180a0</value>
         <object_component_ref idref="oc-d3"/>
      </symbol>
      <symbol id="sm-6db">
         <name>_HOSTrename</name>
         <value>0x11817160</value>
         <object_component_ref idref="oc-d7"/>
      </symbol>
      <symbol id="sm-6dc">
         <name>_HOSTwrite</name>
         <value>0x11818220</value>
         <object_component_ref idref="oc-d4"/>
      </symbol>
      <symbol id="sm-6dd">
         <name>_HOSTlseek</name>
         <value>0x11817a40</value>
         <object_component_ref idref="oc-d5"/>
      </symbol>
      <symbol id="sm-6de">
         <name>_HOSTunlink</name>
         <value>0x11818160</value>
         <object_component_ref idref="oc-d6"/>
      </symbol>
      <symbol id="sm-6df">
         <name>_HOSTclose</name>
         <value>0x11818820</value>
         <object_component_ref idref="oc-d2"/>
      </symbol>
      <symbol id="sm-6ef">
         <name>C$$IO$$</name>
         <value>0x118194d8</value>
         <object_component_ref idref="oc-e3"/>
      </symbol>
      <symbol id="sm-6f0">
         <name>__CIOBUF_</name>
         <value>0x1181b200</value>
         <object_component_ref idref="oc-ac"/>
      </symbol>
      <symbol id="sm-6f1">
         <name>_readmsg</name>
         <value>0x11819260</value>
         <object_component_ref idref="oc-e4"/>
      </symbol>
      <symbol id="sm-6f2">
         <name>_writemsg</name>
         <value>0x11819480</value>
         <object_component_ref idref="oc-e3"/>
      </symbol>
      <symbol id="sm-701">
         <name>__wrt_ok</name>
         <value>0x11817b40</value>
         <object_component_ref idref="oc-f5"/>
      </symbol>
      <symbol id="sm-715">
         <name>__doflush</name>
         <value>0x11818520</value>
         <object_component_ref idref="oc-f6"/>
      </symbol>
      <symbol id="sm-726">
         <name>_fseek</name>
         <value>0x11817920</value>
         <object_component_ref idref="oc-fd"/>
      </symbol>
      <symbol id="sm-73c">
         <name>_setvbuf</name>
         <value>0x11816880</value>
         <object_component_ref idref="oc-fe"/>
      </symbol>
      <symbol id="sm-74f">
         <name>__cleanup</name>
         <value>0x118188c0</value>
         <object_component_ref idref="oc-10a"/>
      </symbol>
      <symbol id="sm-761">
         <name>__closefile</name>
         <value>0x118176e0</value>
         <object_component_ref idref="oc-111"/>
      </symbol>
      <symbol id="sm-76b">
         <name>_remove</name>
         <value>0x11819700</value>
         <object_component_ref idref="oc-119"/>
      </symbol>
   </symbol_table>
</link_info>
