******************************************************************************
               TMS320C6x Linker PC v7.4.4                      
******************************************************************************
>> Linked Mon Nov 21 17:44:15 2016

OUTPUT FILE NAME:   <Morse_Code_Decoder.out>
ENTRY POINT SYMBOL: "_c_int00"  address: 11818d60


MEMORY CONFIGURATION

         name            origin    length      used     unused   attr    fill
----------------------  --------  ---------  --------  --------  ----  --------
  dsp_l2_ram            11800000   00040000  0001a767  00025899  RWIX
  shared_ram            80000000   00020000  00000000  00020000  RWIX
  external_ram          c0000000   08000000  00000000  08000000  RWIX


SECTION ALLOCATION MAP

 output                                  attributes/
section   page    origin      length       input sections
--------  ----  ----------  ----------   ----------------
.data      0    11800000    00000000     UNINITIALIZED

.sysmem    0    11800000    00010000     UNINITIALIZED
                  11800000    00000008     rts6740.lib : memory.obj (.sysmem)
                  11800008    0000fff8     --HOLE--

.text      0    11810000    00009340     
                  11810000    000016e0     L138_LCDK_aic3106_init.obj (.text)
                  118116e0    00000c20     evmomapl138_bsl.lib : evmomapl138.obj (.text)
                  11812300    000005a0     rts6740.lib : divd.obj (.text:__divd)
                  118128a0    00000580                 : _printfi.obj (.text:__getarg_diouxp)
                  11812e20    000004e0     evmomapl138_bsl.lib : evmomapl138_i2c_gpio.obj (.text)
                  11813300    00000440     rts6740.lib : _printfi.obj (.text:__printfi)
                  11813740    00000440                 : _printfi.obj (.text:__setfield)
                  11813b80    000003c0     main.obj (.text:retain)
                  11813f40    000003a0     rts6740.lib : fputs.obj (.text:_fputs)
                  118142e0    00000380     evmomapl138_bsl.lib : evmomapl138_gpio.obj (.text)
                  11814660    00000380                         : evmomapl138_i2c.obj (.text)
                  118149e0    00000320     rts6740.lib : _printfi.obj (.text:__pproc_fge)
                  11814d00    000002c0                 : _printfi.obj (.text:__pproc_fwp)
                  11814fc0    000002a0                 : _printfi.obj (.text:_ecvt)
                  11815260    000002a0                 : _printfi.obj (.text:_fcvt)
                  11815500    00000280                 : memory.obj (.text:_free)
                  11815780    00000260                 : imath64.obj (.text:__divull)
                  118159e0    00000260                 : _printfi.obj (.text:__pconv_e)
                  11815c40    00000240                 : _printfi.obj (.text:__pproc_diouxp)
                  11815e80    00000220                 : _printfi.obj (.text:__pproc_str)
                  118160a0    00000220                 : fputc.obj (.text:_fputc)
                  118162c0    00000200                 : _printfi.obj (.text:__pconv_g)
                  118164c0    00000200                 : setvbuf.obj (.text:_setvbuf)
                  118166c0    000001e0     evmomapl138_bsl.lib : evmomapl138_timer.obj (.text)
                  118168a0    000001c0     rts6740.lib : _printfi.obj (.text:__mcpy)
                  11816a60    000001a0                 : imath40.obj (.text:__divul)
                  11816c00    000001a0     evmomapl138_bsl.lib : evmomapl138_aic3106.obj (.text)
                  11816da0    00000180     rts6740.lib : trgdrv.obj (.text:_HOSTrename)
                  11816f20    00000180                 : memory.obj (.text:_malloc)
                  118170a0    00000140                 : _printfi.obj (.text:__pproc_fflags)
                  118171e0    00000140                 : lowlev.obj (.text:_getdevice)
                  11817320    00000120                 : fclose.obj (.text:__closefile)
                  11817440    00000120                 : _printfi.obj (.text:__ltostr)
                  11817560    00000120                 : fseek.obj (.text:_fseek)
                  11817680    00000100                 : trgdrv.obj (.text:_HOSTlseek)
                  11817780    00000100                 : _io_perm.obj (.text:__wrt_ok)
                  11817880    000000e0                 : trgdrv.obj (.text:_HOSTopen)
                  11817960    000000e0                 : atoi.obj (.text:_atoi)
                  11817a40    000000e0                 : lowlev.obj (.text:_close)
                  11817b20    000000e0                 : memset.obj (.text:_memset)
                  11817c00    000000e0                 : printf.obj (.text:_printf)
                  11817ce0    000000c0                 : trgdrv.obj (.text:_HOSTread)
                  11817da0    000000c0                 : trgdrv.obj (.text:_HOSTunlink)
                  11817e60    000000c0                 : trgdrv.obj (.text:_HOSTwrite)
                  11817f20    000000c0                 : autoinit.obj (.text:__auto_init)
                  11817fe0    000000c0                 : _printfi.obj (.text:__div)
                  118180a0    000000c0                 : divu.obj (.text:__divu)
                  11818160    000000c0                 : fflush.obj (.text:__doflush)
                  11818220    000000c0                 : exit.obj (.text:_exit)
                  118182e0    000000c0                 : ltoa.obj (.text:_ltoa)
                  118183a0    000000a0                 : trgdrv.obj (.text:_HOSTclose)
                  11818440    000000a0                 : fopen.obj (.text:__cleanup)
                  118184e0    000000a0                 : imath40.obj (.text:__divli)
                  11818580    000000a0                 : _printfi.obj (.text:__ecpy)
                  11818620    000000a0                 : _printfi.obj (.text:__fcpy)
                  118186c0    000000a0                 : fixdli.obj (.text:__fixdli)
                  11818760    000000a0                 : _printfi.obj (.text:__pconv_f)
                  11818800    000000a0                 : cpy_tbl.obj (.text:_copy_in)
                  118188a0    000000a0                 : lowlev.obj (.text:_finddevice)
                  11818940    000000a0                 : lowlev.obj (.text:_lseek)
                  118189e0    000000a0                 : memcpy64.obj (.text:_memcpy)
                  11818a80    000000a0                 : memory.obj (.text:_minsert)
                  11818b20    000000a0                 : memory.obj (.text:_mremove)
                  11818bc0    000000a0                 : lowlev.obj (.text:_write)
                  11818c60    00000080                 : fltlid.obj (.text:__fltlid)
                  11818ce0    00000080                 : llshift.obj (.text:__llshl)
                  11818d60    00000080                 : boot.obj (.text:_c_int00)
                  11818de0    00000080                 : trgmsg.obj (.text:_readmsg)
                  11818e60    00000080                 : lowlev.obj (.text:_unlink)
                  11818ee0    00000080     main.obj (.text)
                  11818f60    00000060     rts6740.lib : cpp_init.obj (.text:___TI_cpp_init)
                  11818fc0    00000060                 : imath64.obj (.text:__subcull)
                  11819020    00000060                 : memccpy.obj (.text:_memccpy)
                  11819080    00000060                 : trgmsg.obj (.text:_writemsg)
                  118190e0    00000040                 : isinf.obj (.text:___isinf)
                  11819120    00000040                 : _printfi.obj (.text:___isnan)
                  11819160    00000040                 : args_main.obj (.text:__args_main)
                  118191a0    00000040                 : frcmpyd_div.obj (.text:__frcmpyd_div)
                  118191e0    00000040                 : llshift.obj (.text:__llshru)
                  11819220    00000040                 : imath40.obj (.text:__remli)
                  11819260    00000020                 : negll.obj (.text:__negll)
                  11819280    00000020                 : _lock.obj (.text:__nop)
                  118192a0    00000020                 : printf.obj (.text:__outc)
                  118192c0    00000020                 : printf.obj (.text:__outs)
                  118192e0    00000020                 : exit.obj (.text:_abort)
                  11819300    00000020                 : remove.obj (.text:_remove)
                  11819320    00000020     vectors_intr.obj (.text)

.stack     0    11819340    00000800     UNINITIALIZED
                  11819340    00000008     rts6740.lib : boot.obj (.stack)
                  11819348    000007f8     --HOLE--

.far       0    11819b40    00000490     UNINITIALIZED
                  11819b40    00000324     rts6740.lib : defs.obj (.far)
                  11819e64    00000004                 : fopen.obj (.far)
                  11819e68    0000011c                 : lowlev.obj (.far)
                  11819f84    00000004     --HOLE--
                  11819f88    0000001c     main.obj (.far)
                  11819fa4    0000000c     rts6740.lib : exit.obj (.far)
                  11819fb0    00000008     L138_LCDK_aic3106_init.obj (.far)
                  11819fb8    00000008     rts6740.lib : _lock.obj (.far)
                  11819fc0    00000008                 : memory.obj (.far)
                  11819fc8    00000008                 : trgdrv.obj (.far)

.const     0    11819fd0    0000020f     
                  11819fd0    00000101     rts6740.lib : ctype.obj (.const:.string:__ctypes_)
                  1181a0d1    00000002                 : fputs.obj (.const:.string)
                  1181a0d3    00000005     --HOLE-- [fill = 0]
                  1181a0d8    00000080     evmomapl138_bsl.lib : evmomapl138.obj (.const:_bitval_u32)
                  1181a158    00000040                         : evmomapl138.obj (.const:.string)
                  1181a198    00000024     main.obj (.const:.string)
                  1181a1bc    00000023     rts6740.lib : _printfi.obj (.const:.string)

.cinit     0    1181a1e0    000001f4     
                  1181a1e0    0000006c     main.obj (.cinit)
                  1181a24c    00000004     --HOLE-- [fill = 0]
                  1181a250    0000005c     rts6740.lib : defs.obj (.cinit)
                  1181a2ac    00000004     --HOLE-- [fill = 0]
                  1181a2b0    0000005c                 : lowlev.obj (.cinit)
                  1181a30c    00000004     --HOLE-- [fill = 0]
                  1181a310    0000002c     L138_LCDK_aic3106_init.obj (.cinit)
                  1181a33c    00000004     --HOLE-- [fill = 0]
                  1181a340    0000002c     rts6740.lib : exit.obj (.cinit)
                  1181a36c    00000004     --HOLE-- [fill = 0]
                  1181a370    0000002c                 : memory.obj (.cinit)
                  1181a39c    00000004     --HOLE-- [fill = 0]
                  1181a3a0    0000001c                 : _lock.obj (.cinit)
                  1181a3bc    00000004     --HOLE-- [fill = 0]
                  1181a3c0    0000000c                 : fopen.obj (.cinit)
                  1181a3cc    00000004     --HOLE-- [fill = 0]
                  1181a3d0    00000004     (.pad.cinit) [fill = 0]

.switch    0    1181a3d4    00000024     
                  1181a3d4    00000024     evmomapl138_bsl.lib : evmomapl138_gpio.obj (.switch:_getRegisterBankAndBit)

.vecs      0    1181a400    00000200     
                  1181a400    00000200     vectors_intr.obj (.vecs)

.cio       0    1181a600    00000120     UNINITIALIZED
                  1181a600    00000120     rts6740.lib : trgmsg.obj (.cio)

.bss       0    1181a720    00000050     UNINITIALIZED
                  1181a720    0000002d     main.obj (.bss)
                  1181a74d    00000003     --HOLE--
                  1181a750    0000001c     L138_LCDK_aic3106_init.obj (.bss)
                  1181a76c    00000004     evmomapl138_bsl.lib : evmomapl138_i2c.obj (.bss)


GLOBAL SYMBOLS: SORTED ALPHABETICALLY BY Name 

address    name
--------   ----
1181a720   $bss
1181a720   .bss
11800000   .data
11810000   .text
118192e0   C$$EXIT
118190d8   C$$IO$$
11816c00   _AIC3106_init
11816cf8   _AIC3106_readRegister
11816d50   _AIC3106_writeRegister
11819fb0   _AIC31_data
11810258   _EDMA3_PaRAM_setup
118118c8   _EVMOMAPL138_enableDsp
118116e0   _EVMOMAPL138_init
1181170c   _EVMOMAPL138_initRAM
11811990   _EVMOMAPL138_lpscTransition
118118f4   _EVMOMAPL138_pinmuxConfig
11814358   _GPIO_getInput
118142e0   _GPIO_setDir
118143cc   _GPIO_setOutput
1181444c   _GPIO_toggleLoop
118183a0   _HOSTclose
11817680   _HOSTlseek
11817880   _HOSTopen
11817ce0   _HOSTread
11816da0   _HOSTrename
11817da0   _HOSTunlink
11817e60   _HOSTwrite
11812ef4   _I2CGPIO_getInput
11813010   _I2CGPIO_getInputAll
11812e20   _I2CGPIO_init
11813120   _I2CGPIO_setOutput
11813268   _I2CGPIO_setOutputAll
11814660   _I2C_init
1181474c   _I2C_read
118148a8   _I2C_write
11811118   _L138_init_LCDK_DIP
11810de0   _L138_init_aic3106_registers
11810630   _L138_init_mcasp_edma
118108ec   _L138_init_mcasp_intr
11810b4c   _L138_init_mcasp_poll
118111c4   _L138_initialise_edma
1181142c   _L138_initialise_intr
11811348   _L138_initialise_poll
118167a4   _USTIMER_delay
11816864   _USTIMER_get
118166c0   _USTIMER_init
11816834   _USTIMER_reset
11816878   _USTIMER_set
118122e0   _UTIL_isUIBoardAttached
11812188   _UTIL_printMem
1181a600   __CIOBUF_
11819b40   __STACK_END
00000800   __STACK_SIZE
00010000   __SYSMEM_SIZE
00000001   __TI_args_main
11818f60   ___TI_cpp_init
11819fac   ___TI_enable_exit_profile_output
ffffffff   ___TI_pprof_out_hndl
ffffffff   ___TI_prof_data_size
ffffffff   ___TI_prof_data_start
ffffffff   ___binit__
1181a720   ___bss__
ffffffff   ___c_args__
1181a1e0   ___cinit__
11800000   ___data__
11800000   ___edata__
1181a770   ___end__
11819340   ___etext__
118190e0   ___isinf
ffffffff   ___pinit__
11810000   ___text__
11819160   __args_main
11817f20   __auto_init
118180a0   __c6xabi_divu
11818440   __cleanup
11819fa4   __cleanup_ptr
11817320   __closefile
11819fd0   __ctypes_
11812300   __divd
118184e0   __divli
118180a0   __divu
11816a60   __divul
11815780   __divull
11818160   __doflush
11819fa8   __dtors_ptr
118186c0   __fixdli
11818c60   __fltlid
118191a0   __frcmpyd_div
11819e60   __ft_end
11819b40   __ftable
11818ce0   __llshl
118191e0   __llshru
11819fb8   __lock
11819260   __negll
11819280   __nop
11813300   __printfi
11819220   __remli
11819340   __stack
11818fc0   __subcull
11800000   __sys_memory
11819d20   __tmpnams
11819fbc   __unlock
11817780   __wrt_ok
118192e0   _abort
11817960   _atoi
1181a0d8   _bitval_u32
1181a730   _buf_index
11819f88   _buffer
11818d60   _c_int00
11817a40   _close
11811d68   _config_pll0
11811fa4   _config_pll1
11818800   _copy_in
1181a720   _counter
11818220   _exit
1181a764   _fb
118160a0   _fputc
11813f40   _fputs
11815500   _free
11817560   _fseek
118101a8   _input_left_sample
11810200   _input_right_sample
11810150   _input_sample
11813b80   _interrupt4
1181a728   _k
1181a72c   _left_sample
1181a74c   _letter
11818940   _lseek
118182e0   _ltoa
1181a748   _m_index
11818ee0   _main
11816f20   _malloc
11819020   _memccpy
118189e0   _memcpy
11817b20   _memset
11819f90   _message
11810068   _output_left_sample
118100e0   _output_right_sample
11810000   _output_sample
1181a754   _pingIN
1181a758   _pingOUT
1181a75c   _pongIN
1181a760   _pongOUT
118116b4   _prand
1181a768   _prand_seed
11811568   _prbs
11817c00   _printf
118160a0   _putc
11811638   _rand31_next
11811160   _read_LCDK_user_DIP
11818de0   _readmsg
1181a724   _record
11819300   _remove
118164c0   _setvbuf
11819fb4   _sreg
1181a734   _state
1181a73c   _state_0
1181a740   _state_1
1181a744   _state_2
1181a738   _state_message
11818e60   _unlink
1181a420   _vector1
1181a540   _vector10
1181a560   _vector11
1181a580   _vector12
1181a5a0   _vector13
1181a5c0   _vector14
1181a5e0   _vector15
1181a440   _vector2
1181a460   _vector3
1181a4a0   _vector5
1181a4c0   _vector6
1181a4e0   _vector7
1181a500   _vector8
1181a520   _vector9
1181a400   _vectors
11818bc0   _write
11819080   _writemsg
ffffffff   binit
1181a1e0   cinit
11800000   edata
1181a770   end
11819340   etext
ffffffff   pinit


GLOBAL SYMBOLS: SORTED BY Symbol Address 

address    name
--------   ----
00000001   __TI_args_main
00000800   __STACK_SIZE
00010000   __SYSMEM_SIZE
11800000   .data
11800000   ___data__
11800000   ___edata__
11800000   __sys_memory
11800000   edata
11810000   .text
11810000   ___text__
11810000   _output_sample
11810068   _output_left_sample
118100e0   _output_right_sample
11810150   _input_sample
118101a8   _input_left_sample
11810200   _input_right_sample
11810258   _EDMA3_PaRAM_setup
11810630   _L138_init_mcasp_edma
118108ec   _L138_init_mcasp_intr
11810b4c   _L138_init_mcasp_poll
11810de0   _L138_init_aic3106_registers
11811118   _L138_init_LCDK_DIP
11811160   _read_LCDK_user_DIP
118111c4   _L138_initialise_edma
11811348   _L138_initialise_poll
1181142c   _L138_initialise_intr
11811568   _prbs
11811638   _rand31_next
118116b4   _prand
118116e0   _EVMOMAPL138_init
1181170c   _EVMOMAPL138_initRAM
118118c8   _EVMOMAPL138_enableDsp
118118f4   _EVMOMAPL138_pinmuxConfig
11811990   _EVMOMAPL138_lpscTransition
11811d68   _config_pll0
11811fa4   _config_pll1
11812188   _UTIL_printMem
118122e0   _UTIL_isUIBoardAttached
11812300   __divd
11812e20   _I2CGPIO_init
11812ef4   _I2CGPIO_getInput
11813010   _I2CGPIO_getInputAll
11813120   _I2CGPIO_setOutput
11813268   _I2CGPIO_setOutputAll
11813300   __printfi
11813b80   _interrupt4
11813f40   _fputs
118142e0   _GPIO_setDir
11814358   _GPIO_getInput
118143cc   _GPIO_setOutput
1181444c   _GPIO_toggleLoop
11814660   _I2C_init
1181474c   _I2C_read
118148a8   _I2C_write
11815500   _free
11815780   __divull
118160a0   _fputc
118160a0   _putc
118164c0   _setvbuf
118166c0   _USTIMER_init
118167a4   _USTIMER_delay
11816834   _USTIMER_reset
11816864   _USTIMER_get
11816878   _USTIMER_set
11816a60   __divul
11816c00   _AIC3106_init
11816cf8   _AIC3106_readRegister
11816d50   _AIC3106_writeRegister
11816da0   _HOSTrename
11816f20   _malloc
11817320   __closefile
11817560   _fseek
11817680   _HOSTlseek
11817780   __wrt_ok
11817880   _HOSTopen
11817960   _atoi
11817a40   _close
11817b20   _memset
11817c00   _printf
11817ce0   _HOSTread
11817da0   _HOSTunlink
11817e60   _HOSTwrite
11817f20   __auto_init
118180a0   __c6xabi_divu
118180a0   __divu
11818160   __doflush
11818220   _exit
118182e0   _ltoa
118183a0   _HOSTclose
11818440   __cleanup
118184e0   __divli
118186c0   __fixdli
11818800   _copy_in
11818940   _lseek
118189e0   _memcpy
11818bc0   _write
11818c60   __fltlid
11818ce0   __llshl
11818d60   _c_int00
11818de0   _readmsg
11818e60   _unlink
11818ee0   _main
11818f60   ___TI_cpp_init
11818fc0   __subcull
11819020   _memccpy
11819080   _writemsg
118190d8   C$$IO$$
118190e0   ___isinf
11819160   __args_main
118191a0   __frcmpyd_div
118191e0   __llshru
11819220   __remli
11819260   __negll
11819280   __nop
118192e0   C$$EXIT
118192e0   _abort
11819300   _remove
11819340   ___etext__
11819340   __stack
11819340   etext
11819b40   __STACK_END
11819b40   __ftable
11819d20   __tmpnams
11819e60   __ft_end
11819f88   _buffer
11819f90   _message
11819fa4   __cleanup_ptr
11819fa8   __dtors_ptr
11819fac   ___TI_enable_exit_profile_output
11819fb0   _AIC31_data
11819fb4   _sreg
11819fb8   __lock
11819fbc   __unlock
11819fd0   __ctypes_
1181a0d8   _bitval_u32
1181a1e0   ___cinit__
1181a1e0   cinit
1181a400   _vectors
1181a420   _vector1
1181a440   _vector2
1181a460   _vector3
1181a4a0   _vector5
1181a4c0   _vector6
1181a4e0   _vector7
1181a500   _vector8
1181a520   _vector9
1181a540   _vector10
1181a560   _vector11
1181a580   _vector12
1181a5a0   _vector13
1181a5c0   _vector14
1181a5e0   _vector15
1181a600   __CIOBUF_
1181a720   $bss
1181a720   .bss
1181a720   ___bss__
1181a720   _counter
1181a724   _record
1181a728   _k
1181a72c   _left_sample
1181a730   _buf_index
1181a734   _state
1181a738   _state_message
1181a73c   _state_0
1181a740   _state_1
1181a744   _state_2
1181a748   _m_index
1181a74c   _letter
1181a754   _pingIN
1181a758   _pingOUT
1181a75c   _pongIN
1181a760   _pongOUT
1181a764   _fb
1181a768   _prand_seed
1181a770   ___end__
1181a770   end
ffffffff   ___TI_pprof_out_hndl
ffffffff   ___TI_prof_data_size
ffffffff   ___TI_prof_data_start
ffffffff   ___binit__
ffffffff   ___c_args__
ffffffff   ___pinit__
ffffffff   binit
ffffffff   pinit

[184 symbols]
