******************************************************************************
               TMS320C6x Linker PC v7.4.4                      
******************************************************************************
>> Linked Thu Dec 01 13:17:34 2016

OUTPUT FILE NAME:   <Morse_Code_Decoder.out>
ENTRY POINT SYMBOL: "_c_int00"  address: 118193e0


MEMORY CONFIGURATION

         name            origin    length      used     unused   attr    fill
----------------------  --------  ---------  --------  --------  ----  --------
  dsp_l2_ram            11800000   00040000  0001c573  00023a8d  RWIX
  shared_ram            80000000   00020000  00000000  00020000  RWIX
  external_ram          c0000000   08000000  00000000  08000000  RWIX


SECTION ALLOCATION MAP

 output                                  attributes/
section   page    origin      length       input sections
--------  ----  ----------  ----------   ----------------
.data      0    11800000    00000000     UNINITIALIZED

.sysmem    0    11800000    00010000     UNINITIALIZED
                  11800000    00000008     rts6740.lib : memory.obj (.sysmem)
                  11800008    0000fff8     --HOLE--

.text      0    11810000    00009940     
                  11810000    000016e0     L138_LCDK_aic3106_init.obj (.text)
                  118116e0    00000c20     evmomapl138_bsl.lib : evmomapl138.obj (.text)
                  11812300    000005a0     rts6740.lib : divd.obj (.text:__divd)
                  118128a0    00000580                 : _printfi.obj (.text:__getarg_diouxp)
                  11812e20    00000540     main.obj (.text:retain)
                  11813360    000004e0     evmomapl138_bsl.lib : evmomapl138_i2c_gpio.obj (.text)
                  11813840    00000440     rts6740.lib : _printfi.obj (.text:__printfi)
                  11813c80    00000440                 : _printfi.obj (.text:__setfield)
                  118140c0    00000440     main.obj (.text)
                  11814500    000003a0     rts6740.lib : fputs.obj (.text:_fputs)
                  118148a0    00000380     evmomapl138_bsl.lib : evmomapl138_gpio.obj (.text)
                  11814c20    00000380                         : evmomapl138_i2c.obj (.text)
                  11814fa0    00000320     rts6740.lib : _printfi.obj (.text:__pproc_fge)
                  118152c0    000002c0                 : _printfi.obj (.text:__pproc_fwp)
                  11815580    000002a0                 : _printfi.obj (.text:_ecvt)
                  11815820    000002a0                 : _printfi.obj (.text:_fcvt)
                  11815ac0    00000280                 : memory.obj (.text:_free)
                  11815d40    00000260                 : imath64.obj (.text:__divull)
                  11815fa0    00000260                 : _printfi.obj (.text:__pconv_e)
                  11816200    00000240                 : _printfi.obj (.text:__pproc_diouxp)
                  11816440    00000220                 : _printfi.obj (.text:__pproc_str)
                  11816660    00000220                 : fputc.obj (.text:_fputc)
                  11816880    00000200                 : _printfi.obj (.text:__pconv_g)
                  11816a80    00000200                 : setvbuf.obj (.text:_setvbuf)
                  11816c80    000001e0     evmomapl138_bsl.lib : evmomapl138_timer.obj (.text)
                  11816e60    000001c0     rts6740.lib : _printfi.obj (.text:__mcpy)
                  11817020    000001a0                 : imath40.obj (.text:__divul)
                  118171c0    000001a0     evmomapl138_bsl.lib : evmomapl138_aic3106.obj (.text)
                  11817360    00000180     rts6740.lib : trgdrv.obj (.text:_HOSTrename)
                  118174e0    00000180                 : memory.obj (.text:_malloc)
                  11817660    00000140                 : _printfi.obj (.text:__pproc_fflags)
                  118177a0    00000140                 : lowlev.obj (.text:_getdevice)
                  118178e0    00000120                 : fclose.obj (.text:__closefile)
                  11817a00    00000120                 : _printfi.obj (.text:__ltostr)
                  11817b20    00000120                 : fseek.obj (.text:_fseek)
                  11817c40    00000100                 : trgdrv.obj (.text:_HOSTlseek)
                  11817d40    00000100                 : _io_perm.obj (.text:__wrt_ok)
                  11817e40    000000e0                 : trgdrv.obj (.text:_HOSTopen)
                  11817f20    000000e0                 : atoi.obj (.text:_atoi)
                  11818000    000000e0                 : lowlev.obj (.text:_close)
                  118180e0    000000e0                 : memset.obj (.text:_memset)
                  118181c0    000000e0                 : printf.obj (.text:_printf)
                  118182a0    000000c0                 : trgdrv.obj (.text:_HOSTread)
                  11818360    000000c0                 : trgdrv.obj (.text:_HOSTunlink)
                  11818420    000000c0                 : trgdrv.obj (.text:_HOSTwrite)
                  118184e0    000000c0                 : autoinit.obj (.text:__auto_init)
                  118185a0    000000c0                 : _printfi.obj (.text:__div)
                  11818660    000000c0                 : divu.obj (.text:__divu)
                  11818720    000000c0                 : fflush.obj (.text:__doflush)
                  118187e0    000000c0                 : remi.obj (.text:__remi)
                  118188a0    000000c0                 : exit.obj (.text:_exit)
                  11818960    000000c0                 : ltoa.obj (.text:_ltoa)
                  11818a20    000000a0                 : trgdrv.obj (.text:_HOSTclose)
                  11818ac0    000000a0                 : fopen.obj (.text:__cleanup)
                  11818b60    000000a0                 : imath40.obj (.text:__divli)
                  11818c00    000000a0                 : _printfi.obj (.text:__ecpy)
                  11818ca0    000000a0                 : _printfi.obj (.text:__fcpy)
                  11818d40    000000a0                 : fixdli.obj (.text:__fixdli)
                  11818de0    000000a0                 : _printfi.obj (.text:__pconv_f)
                  11818e80    000000a0                 : cpy_tbl.obj (.text:_copy_in)
                  11818f20    000000a0                 : lowlev.obj (.text:_finddevice)
                  11818fc0    000000a0                 : lowlev.obj (.text:_lseek)
                  11819060    000000a0                 : memcpy64.obj (.text:_memcpy)
                  11819100    000000a0                 : memory.obj (.text:_minsert)
                  118191a0    000000a0                 : memory.obj (.text:_mremove)
                  11819240    000000a0                 : lowlev.obj (.text:_write)
                  118192e0    00000080                 : fltlid.obj (.text:__fltlid)
                  11819360    00000080                 : llshift.obj (.text:__llshl)
                  118193e0    00000080                 : boot.obj (.text:_c_int00)
                  11819460    00000080                 : trgmsg.obj (.text:_readmsg)
                  118194e0    00000080                 : lowlev.obj (.text:_unlink)
                  11819560    00000060                 : cpp_init.obj (.text:___TI_cpp_init)
                  118195c0    00000060                 : imath64.obj (.text:__subcull)
                  11819620    00000060                 : memccpy.obj (.text:_memccpy)
                  11819680    00000060                 : trgmsg.obj (.text:_writemsg)
                  118196e0    00000040                 : isinf.obj (.text:___isinf)
                  11819720    00000040                 : _printfi.obj (.text:___isnan)
                  11819760    00000040                 : args_main.obj (.text:__args_main)
                  118197a0    00000040                 : frcmpyd_div.obj (.text:__frcmpyd_div)
                  118197e0    00000040                 : llshift.obj (.text:__llshru)
                  11819820    00000040                 : imath40.obj (.text:__remli)
                  11819860    00000020                 : negll.obj (.text:__negll)
                  11819880    00000020                 : _lock.obj (.text:__nop)
                  118198a0    00000020                 : printf.obj (.text:__outc)
                  118198c0    00000020                 : printf.obj (.text:__outs)
                  118198e0    00000020                 : exit.obj (.text:_abort)
                  11819900    00000020                 : remove.obj (.text:_remove)
                  11819920    00000020     vectors_intr.obj (.text)

.far       0    11819940    00001c00     UNINITIALIZED
                  11819940    00001790     main.obj (.far)
                  1181b0d0    00000324     rts6740.lib : defs.obj (.far)
                  1181b3f4    00000004                 : fopen.obj (.far)
                  1181b3f8    0000011c                 : lowlev.obj (.far)
                  1181b514    0000000c                 : exit.obj (.far)
                  1181b520    00000008     L138_LCDK_aic3106_init.obj (.far)
                  1181b528    00000008     rts6740.lib : _lock.obj (.far)
                  1181b530    00000008                 : memory.obj (.far)
                  1181b538    00000008                 : trgdrv.obj (.far)

.stack     0    1181b540    00000800     UNINITIALIZED
                  1181b540    00000008     rts6740.lib : boot.obj (.stack)
                  1181b548    000007f8     --HOLE--

.cinit     0    1181bd40    00000274     
                  1181bd40    000000ec     main.obj (.cinit)
                  1181be2c    00000004     --HOLE-- [fill = 0]
                  1181be30    0000005c     rts6740.lib : defs.obj (.cinit)
                  1181be8c    00000004     --HOLE-- [fill = 0]
                  1181be90    0000005c                 : lowlev.obj (.cinit)
                  1181beec    00000004     --HOLE-- [fill = 0]
                  1181bef0    0000002c     L138_LCDK_aic3106_init.obj (.cinit)
                  1181bf1c    00000004     --HOLE-- [fill = 0]
                  1181bf20    0000002c     rts6740.lib : exit.obj (.cinit)
                  1181bf4c    00000004     --HOLE-- [fill = 0]
                  1181bf50    0000002c                 : memory.obj (.cinit)
                  1181bf7c    00000004     --HOLE-- [fill = 0]
                  1181bf80    0000001c                 : _lock.obj (.cinit)
                  1181bf9c    00000004     --HOLE-- [fill = 0]
                  1181bfa0    0000000c                 : fopen.obj (.cinit)
                  1181bfac    00000004     --HOLE-- [fill = 0]
                  1181bfb0    00000004     (.pad.cinit) [fill = 0]

.const     0    1181bfb8    0000020f     
                  1181bfb8    00000101     rts6740.lib : ctype.obj (.const:.string:__ctypes_)
                  1181c0b9    00000002                 : fputs.obj (.const:.string)
                  1181c0bb    00000005     --HOLE-- [fill = 0]
                  1181c0c0    00000080     evmomapl138_bsl.lib : evmomapl138.obj (.const:_bitval_u32)
                  1181c140    00000040                         : evmomapl138.obj (.const:.string)
                  1181c180    00000024     main.obj (.const:.string)
                  1181c1a4    00000023     rts6740.lib : _printfi.obj (.const:.string)

.cio       0    1181c1c8    00000120     UNINITIALIZED
                  1181c1c8    00000120     rts6740.lib : trgmsg.obj (.cio)

.bss       0    1181c2e8    0000006c     UNINITIALIZED
                  1181c2e8    0000004c     main.obj (.bss)
                  1181c334    0000001c     L138_LCDK_aic3106_init.obj (.bss)
                  1181c350    00000004     evmomapl138_bsl.lib : evmomapl138_i2c.obj (.bss)

.switch    0    1181c354    00000024     
                  1181c354    00000024     evmomapl138_bsl.lib : evmomapl138_gpio.obj (.switch:_getRegisterBankAndBit)

.vecs      0    1181c400    00000200     
                  1181c400    00000200     vectors_intr.obj (.vecs)


GLOBAL SYMBOLS: SORTED ALPHABETICALLY BY Name 

address    name
--------   ----
1181c2e8   $bss
1181c2e8   .bss
11800000   .data
11810000   .text
118198e0   C$$EXIT
118196d8   C$$IO$$
118171c0   _AIC3106_init
118172b8   _AIC3106_readRegister
11817310   _AIC3106_writeRegister
1181b520   _AIC31_data
11810258   _EDMA3_PaRAM_setup
118118c8   _EVMOMAPL138_enableDsp
118116e0   _EVMOMAPL138_init
1181170c   _EVMOMAPL138_initRAM
11811990   _EVMOMAPL138_lpscTransition
118118f4   _EVMOMAPL138_pinmuxConfig
11814918   _GPIO_getInput
118148a0   _GPIO_setDir
1181498c   _GPIO_setOutput
11814a0c   _GPIO_toggleLoop
11818a20   _HOSTclose
11817c40   _HOSTlseek
11817e40   _HOSTopen
118182a0   _HOSTread
11817360   _HOSTrename
11818360   _HOSTunlink
11818420   _HOSTwrite
11813434   _I2CGPIO_getInput
11813550   _I2CGPIO_getInputAll
11813360   _I2CGPIO_init
11813660   _I2CGPIO_setOutput
118137a8   _I2CGPIO_setOutputAll
11814c20   _I2C_init
11814d0c   _I2C_read
11814e68   _I2C_write
11811118   _L138_init_LCDK_DIP
11810de0   _L138_init_aic3106_registers
11810630   _L138_init_mcasp_edma
118108ec   _L138_init_mcasp_intr
11810b4c   _L138_init_mcasp_poll
118111c4   _L138_initialise_edma
1181142c   _L138_initialise_intr
11811348   _L138_initialise_poll
11816d64   _USTIMER_delay
11816e24   _USTIMER_get
11816c80   _USTIMER_init
11816df4   _USTIMER_reset
11816e38   _USTIMER_set
118122e0   _UTIL_isUIBoardAttached
11812188   _UTIL_printMem
1181c1c8   __CIOBUF_
1181bd40   __STACK_END
00000800   __STACK_SIZE
00010000   __SYSMEM_SIZE
00000001   __TI_args_main
11819560   ___TI_cpp_init
1181b51c   ___TI_enable_exit_profile_output
ffffffff   ___TI_pprof_out_hndl
ffffffff   ___TI_prof_data_size
ffffffff   ___TI_prof_data_start
ffffffff   ___binit__
1181c2e8   ___bss__
ffffffff   ___c_args__
1181bd40   ___cinit__
11800000   ___data__
11800000   ___edata__
1181c354   ___end__
11819940   ___etext__
118196e0   ___isinf
ffffffff   ___pinit__
11810000   ___text__
11819760   __args_main
118184e0   __auto_init
11818660   __c6xabi_divu
118187e0   __c6xabi_remi
11818ac0   __cleanup
1181b514   __cleanup_ptr
118178e0   __closefile
1181bfb8   __ctypes_
11812300   __divd
11818b60   __divli
11818660   __divu
11817020   __divul
11815d40   __divull
11818720   __doflush
1181b518   __dtors_ptr
11818d40   __fixdli
118192e0   __fltlid
118197a0   __frcmpyd_div
1181b3f0   __ft_end
1181b0d0   __ftable
11819360   __llshl
118197e0   __llshru
1181b528   __lock
11819860   __negll
11819880   __nop
11813840   __printfi
118187e0   __remi
11819820   __remli
1181b540   __stack
118195c0   __subcull
11800000   __sys_memory
1181b2b0   __tmpnams
1181b52c   __unlock
11817d40   __wrt_ok
118198e0   _abort
11817f20   _atoi
1181c304   _avgEn
1181c0c0   _bitval_u32
1181a880   _buffer
118193e0   _c_int00
1181c30c   _circ_index
11819940   _circbuf
11818000   _close
11811d68   _config_pll0
11811fa4   _config_pll1
11818e80   _copy_in
1181c330   _count
1181c2e8   _counter
118140c0   _decode
118188a0   _exit
1181c348   _fb
1181c2f0   _flag
11816660   _fputc
11814500   _fputs
11815ac0   _free
11817b20   _fseek
118101a8   _input_left_sample
11810200   _input_right_sample
11810150   _input_sample
11812e20   _interrupt4
1181c300   _left_sample
1181c310   _let_index
1181c32c   _letter
11818fc0   _lseek
11818960   _ltoa
1181c314   _m_index
118142f4   _main
118174e0   _malloc
11819620   _memccpy
11819060   _memcpy
118180e0   _memset
1181a840   _message
1181c2ec   _morseCounter
11810068   _output_left_sample
118100e0   _output_right_sample
11810000   _output_sample
1181c338   _pingIN
1181c33c   _pingOUT
1181c340   _pongIN
1181c344   _pongOUT
118116b4   _prand
1181c34c   _prand_seed
11811568   _prbs
118181c0   _printf
11816660   _putc
11811638   _rand31_next
11811160   _read_LCDK_user_DIP
11819460   _readmsg
1181c2f8   _record
11819900   _remove
1181c2fc   _reset
1181c318   _s_index
11816a80   _setvbuf
1181b524   _sreg
1181c320   _state_0
1181c324   _state_1
1181c328   _state_2
1181c31c   _state_message
1181a888   _sym_buf
1181c308   _temp
1181a950   _test
1181c2f4   _trigger
118194e0   _unlink
1181c420   _vector1
1181c540   _vector10
1181c560   _vector11
1181c580   _vector12
1181c5a0   _vector13
1181c5c0   _vector14
1181c5e0   _vector15
1181c440   _vector2
1181c460   _vector3
1181c4a0   _vector5
1181c4c0   _vector6
1181c4e0   _vector7
1181c500   _vector8
1181c520   _vector9
1181c400   _vectors
11819240   _write
11819680   _writemsg
ffffffff   binit
1181bd40   cinit
11800000   edata
1181c354   end
11819940   etext
ffffffff   pinit


GLOBAL SYMBOLS: SORTED BY Symbol Address 

address    name
--------   ----
00000001   __TI_args_main
00000800   __STACK_SIZE
00010000   __SYSMEM_SIZE
11800000   .data
11800000   ___data__
11800000   ___edata__
11800000   __sys_memory
11800000   edata
11810000   .text
11810000   ___text__
11810000   _output_sample
11810068   _output_left_sample
118100e0   _output_right_sample
11810150   _input_sample
118101a8   _input_left_sample
11810200   _input_right_sample
11810258   _EDMA3_PaRAM_setup
11810630   _L138_init_mcasp_edma
118108ec   _L138_init_mcasp_intr
11810b4c   _L138_init_mcasp_poll
11810de0   _L138_init_aic3106_registers
11811118   _L138_init_LCDK_DIP
11811160   _read_LCDK_user_DIP
118111c4   _L138_initialise_edma
11811348   _L138_initialise_poll
1181142c   _L138_initialise_intr
11811568   _prbs
11811638   _rand31_next
118116b4   _prand
118116e0   _EVMOMAPL138_init
1181170c   _EVMOMAPL138_initRAM
118118c8   _EVMOMAPL138_enableDsp
118118f4   _EVMOMAPL138_pinmuxConfig
11811990   _EVMOMAPL138_lpscTransition
11811d68   _config_pll0
11811fa4   _config_pll1
11812188   _UTIL_printMem
118122e0   _UTIL_isUIBoardAttached
11812300   __divd
11812e20   _interrupt4
11813360   _I2CGPIO_init
11813434   _I2CGPIO_getInput
11813550   _I2CGPIO_getInputAll
11813660   _I2CGPIO_setOutput
118137a8   _I2CGPIO_setOutputAll
11813840   __printfi
118140c0   _decode
118142f4   _main
11814500   _fputs
118148a0   _GPIO_setDir
11814918   _GPIO_getInput
1181498c   _GPIO_setOutput
11814a0c   _GPIO_toggleLoop
11814c20   _I2C_init
11814d0c   _I2C_read
11814e68   _I2C_write
11815ac0   _free
11815d40   __divull
11816660   _fputc
11816660   _putc
11816a80   _setvbuf
11816c80   _USTIMER_init
11816d64   _USTIMER_delay
11816df4   _USTIMER_reset
11816e24   _USTIMER_get
11816e38   _USTIMER_set
11817020   __divul
118171c0   _AIC3106_init
118172b8   _AIC3106_readRegister
11817310   _AIC3106_writeRegister
11817360   _HOSTrename
118174e0   _malloc
118178e0   __closefile
11817b20   _fseek
11817c40   _HOSTlseek
11817d40   __wrt_ok
11817e40   _HOSTopen
11817f20   _atoi
11818000   _close
118180e0   _memset
118181c0   _printf
118182a0   _HOSTread
11818360   _HOSTunlink
11818420   _HOSTwrite
118184e0   __auto_init
11818660   __c6xabi_divu
11818660   __divu
11818720   __doflush
118187e0   __c6xabi_remi
118187e0   __remi
118188a0   _exit
11818960   _ltoa
11818a20   _HOSTclose
11818ac0   __cleanup
11818b60   __divli
11818d40   __fixdli
11818e80   _copy_in
11818fc0   _lseek
11819060   _memcpy
11819240   _write
118192e0   __fltlid
11819360   __llshl
118193e0   _c_int00
11819460   _readmsg
118194e0   _unlink
11819560   ___TI_cpp_init
118195c0   __subcull
11819620   _memccpy
11819680   _writemsg
118196d8   C$$IO$$
118196e0   ___isinf
11819760   __args_main
118197a0   __frcmpyd_div
118197e0   __llshru
11819820   __remli
11819860   __negll
11819880   __nop
118198e0   C$$EXIT
118198e0   _abort
11819900   _remove
11819940   ___etext__
11819940   _circbuf
11819940   etext
1181a840   _message
1181a880   _buffer
1181a888   _sym_buf
1181a950   _test
1181b0d0   __ftable
1181b2b0   __tmpnams
1181b3f0   __ft_end
1181b514   __cleanup_ptr
1181b518   __dtors_ptr
1181b51c   ___TI_enable_exit_profile_output
1181b520   _AIC31_data
1181b524   _sreg
1181b528   __lock
1181b52c   __unlock
1181b540   __stack
1181bd40   __STACK_END
1181bd40   ___cinit__
1181bd40   cinit
1181bfb8   __ctypes_
1181c0c0   _bitval_u32
1181c1c8   __CIOBUF_
1181c2e8   $bss
1181c2e8   .bss
1181c2e8   ___bss__
1181c2e8   _counter
1181c2ec   _morseCounter
1181c2f0   _flag
1181c2f4   _trigger
1181c2f8   _record
1181c2fc   _reset
1181c300   _left_sample
1181c304   _avgEn
1181c308   _temp
1181c30c   _circ_index
1181c310   _let_index
1181c314   _m_index
1181c318   _s_index
1181c31c   _state_message
1181c320   _state_0
1181c324   _state_1
1181c328   _state_2
1181c32c   _letter
1181c330   _count
1181c338   _pingIN
1181c33c   _pingOUT
1181c340   _pongIN
1181c344   _pongOUT
1181c348   _fb
1181c34c   _prand_seed
1181c354   ___end__
1181c354   end
1181c400   _vectors
1181c420   _vector1
1181c440   _vector2
1181c460   _vector3
1181c4a0   _vector5
1181c4c0   _vector6
1181c4e0   _vector7
1181c500   _vector8
1181c520   _vector9
1181c540   _vector10
1181c560   _vector11
1181c580   _vector12
1181c5a0   _vector13
1181c5c0   _vector14
1181c5e0   _vector15
ffffffff   ___TI_pprof_out_hndl
ffffffff   ___TI_prof_data_size
ffffffff   ___TI_prof_data_start
ffffffff   ___binit__
ffffffff   ___c_args__
ffffffff   ___pinit__
ffffffff   binit
ffffffff   pinit

[197 symbols]
